<html>
<body>
<pre>
<h1>µVision Build Log</h1>
<h2>Tool Versions:</h2>
IDE-Version: µVision V5.14.0.0
Copyright (C) 2015 ARM Ltd and ARM Germany GmbH. All rights reserved.
License Information: Roman Pustobayev, ginger, LIC=GE730-BSMBI-8WW2D-8FINK-CKLD9-E8BGB
 
Tool Versions:
Toolchain:       MDK-ARM Professional  Version: 5.14.0.0
Toolchain Path:  C:\Keil_v5\ARM\ARMCC\Bin
C Compiler:      Armcc.exe V5.05 update 1 (build 106)
Assembler:       Armasm.exe V5.05 update 1 (build 106)
Linker/Locator:  ArmLink.exe V5.05 update 1 (build 106)
Library Manager: ArmAr.exe V5.05 update 1 (build 106)
Hex Converter:   FromElf.exe V5.05 update 1 (build 106)
CPU DLL:         SARMCM3.DLL V5.14.0.0
Dialog DLL:      DCM.DLL V1.13.1.0
Target DLL:      STLink\ST-LINKIII-KEIL_SWO.dll V2.0.14.0_KEIL
Dialog DLL:      TCM.DLL V1.14.4.0
 
<h2>Project:</h2>
E:\KeilProj\tester_1.03\tester_1.03\tester_1.03\tester.uvprojx
Project File Date:  09/12/2015

<h2>Output:</h2>
Build target 'Target 1'
compiling main.cpp...
..\tester_1.03\device/GUI/src/Bitmap_Class.cpp(146): warning:  #177-D: variable "W" was declared but never referenced
        int32_t W = w + C;
user\src\main.cpp(104): warning:  #111-D: statement is unreachable
    return 0;
user\src\main.cpp(70): warning:  #177-D: variable "A" was declared but never referenced
        float A = 0;//(float *)Heap.New(4);
user\src\main.cpp(72): warning:  #177-D: variable "c" was declared but never referenced
        uint8_t counter = 0, c = 0;
user\src\main.cpp(75): warning:  #177-D: variable "r" was declared but never referenced
        b2D r= {0, 0, 100, 100};
user\src\main.cpp(80): warning:  #177-D: variable "rot" was declared but never referenced
        b2D rot = {0, 120, 200, 200};
user\src\main.cpp(83): warning:  #177-D: variable "point" was declared but never referenced
      f2P point = {0.0F, 0.0F};
user\src\main.cpp: 7 warnings, 0 errors
linking...
Program Size: Code=57370 RO-data=56970 RW-data=64 ZI-data=82808  
FromELF: creating hex file...
".\Objects\tester.axf" - 0 Error(s), 7 Warning(s).

<h2>Software Packages used:</h2>

Package Vendor: ARM
                http://www.keil.com/pack/ARM.CMSIS.4.3.0.pack
                ARM::CMSIS:CORE:4.1.0
                CMSIS (Cortex Microcontroller Software Interface Standard)
   * Component: CORE Version: 4.1.0
   * Component: DSP Version: 1.4.5

Package Vendor: Keil
                http://www.keil.com/pack/Keil.STM32F4xx_DFP.2.4.0.pack
                Keil::Device:Startup:2.1.0
                STMicroelectronics STM32F4 Series Device Support, Drivers and Examples
   * Component: Startup Version: 2.1.0

<h2>Collection of Component include folders:</h2>
  E:\KeilProj\tester_1.03\tester_1.03\tester_1.03\RTE
  C:\Keil_v5\ARM\PACK\ARM\CMSIS\4.3.0\CMSIS\Include
  C:\Keil_v5\ARM\PACK\Keil\STM32F4xx_DFP\2.4.0
  C:\Keil_v5\ARM\PACK\Keil\STM32F4xx_DFP\2.4.0\Drivers\CMSIS\Device\ST\STM32F4xx\Include

<h2>Collection of Component Files used:</h2>

   * Component: ARM::CMSIS:CORE:4.1.0

   * Component: ARM::CMSIS:DSP:1.4.5
      Include file:  CMSIS\Include\arm_math.h
      Library file:  CMSIS\Lib\ARM\arm_cortexM4lf_math.lib

   * Component: Keil::Device:Startup:2.1.0
      Source file:   MDK\Device\Source\ARM\STM32F40xxx_41xxx_OPT.s
      Source file:   MDK\Device\Source\ARM\STM32F4xx_OTP.s
      Include file:  Drivers\CMSIS\Device\ST\STM32F4xx\Include\stm32f4xx.h
      Source file:   Drivers\CMSIS\Device\ST\STM32F4xx\Source\Templates\arm\startup_stm32f417xx.s
      Source file:   MDK\Device\Source\ARM\system_stm32f4xx.c
</pre>
</body>
</html>
