Component: ARM Compiler 5.05 update 1 (build 106) Tool: armlink [4d0efa]

==============================================================================

Section Cross References

    main.o(.text) refers to stm32f4xx_hal.o(.text) for HAL_Init
    main.o(.text) refers to init.o(.text) for SystemClock_Config()
    main.o(.text) refers to memory_alloc.o(.text) for MemoryAllocator::operator ()(void*, unsigned)
    main.o(.text) refers to main.o(t._ZN14Frame2DManagerIsEclEv) for Frame2DManager<short>::operator ()()
    main.o(.text) refers to main.o(t._ZN14Frame2DManagerIsE6CreateE3b2D) for Frame2DManager<short>::Create(b2D)
    main.o(.text) refers to screen.o(.text) for ScreenManager::operator ()()
    main.o(.text) refers to main.o(t._ZN11Print_ClassI6ScreenE7UseFontEPK5tFont) for Print_Class<Screen>::UseFont(const tFont*)
    main.o(.text) refers to tftili9486.o(.text) for LcdDriverDef::Init(unsigned)
    main.o(.text) refers to physic.o(.text) for Physic::Ball2DGroup::operator ()(b2D, float, float)
    main.o(.text) refers to rand.o(.emb_text) for rand
    main.o(.text) refers to main.o(t._ZN10Fill_ClassI6ScreenE4FillEt) for Fill_Class<Screen>::Fill(unsigned short)
    main.o(.text) refers to main.o(t._ZN11Print_ClassI6ScreenE6StringE6__TEXTt) for Print_Class<Screen>::String(__TEXT, unsigned short)
    main.o(.text) refers to main.o(t._ZN15Rectangle_ClassI6ScreenE4DrawE3b2Dt) for Rectangle_Class<Screen>::Draw(b2D, unsigned short)
    main.o(.text) refers to main.o(t._ZN12Circle_ClassI6ScreenE4DrawEssft) for Circle_Class<Screen>::Draw(short, short, float, unsigned short)
    main.o(.text) refers to device.o(.bss) for Heap
    main.o(.text) refers to main.o(.constdata) for .constdata
    main.o(.text) refers to main.o(.data) for .data
    main.o(.text) refers to main.o(.bss) for .bss
    main.o(.ARM.exidx) refers to main.o(.text) for .text
    main.o(.constdata) refers to main.o(.constdata) for image_data_Font_0x20
    main.o(.constdata) refers to main.o(.constdata) for image_data_Font_0x21
    main.o(.constdata) refers to main.o(.constdata) for image_data_Font_0x22
    main.o(.constdata) refers to main.o(.constdata) for image_data_Font_0x23
    main.o(.constdata) refers to main.o(.constdata) for image_data_Font_0x24
    main.o(.constdata) refers to main.o(.constdata) for image_data_Font_0x25
    main.o(.constdata) refers to main.o(.constdata) for image_data_Font_0x26
    main.o(.constdata) refers to main.o(.constdata) for image_data_Font_0x27
    main.o(.constdata) refers to main.o(.constdata) for image_data_Font_0x28
    main.o(.constdata) refers to main.o(.constdata) for image_data_Font_0x29
    main.o(.constdata) refers to main.o(.constdata) for image_data_Font_0x2a
    main.o(.constdata) refers to main.o(.constdata) for image_data_Font_0x2b
    main.o(.constdata) refers to main.o(.constdata) for image_data_Font_0x2c
    main.o(.constdata) refers to main.o(.constdata) for image_data_Font_0x2d
    main.o(.constdata) refers to main.o(.constdata) for image_data_Font_0x2e
    main.o(.constdata) refers to main.o(.constdata) for image_data_Font_0x2f
    main.o(.constdata) refers to main.o(.constdata) for image_data_Font_0x30
    main.o(.constdata) refers to main.o(.constdata) for image_data_Font_0x31
    main.o(.constdata) refers to main.o(.constdata) for image_data_Font_0x32
    main.o(.constdata) refers to main.o(.constdata) for image_data_Font_0x33
    main.o(.constdata) refers to main.o(.constdata) for image_data_Font_0x34
    main.o(.constdata) refers to main.o(.constdata) for image_data_Font_0x35
    main.o(.constdata) refers to main.o(.constdata) for image_data_Font_0x36
    main.o(.constdata) refers to main.o(.constdata) for image_data_Font_0x37
    main.o(.constdata) refers to main.o(.constdata) for image_data_Font_0x38
    main.o(.constdata) refers to main.o(.constdata) for image_data_Font_0x39
    main.o(.constdata) refers to main.o(.constdata) for image_data_Font_0x3a
    main.o(.constdata) refers to main.o(.constdata) for image_data_Font_0x3b
    main.o(.constdata) refers to main.o(.constdata) for image_data_Font_0x3c
    main.o(.constdata) refers to main.o(.constdata) for image_data_Font_0x3d
    main.o(.constdata) refers to main.o(.constdata) for image_data_Font_0x3e
    main.o(.constdata) refers to main.o(.constdata) for image_data_Font_0x3f
    main.o(.constdata) refers to main.o(.constdata) for image_data_Font_0x40
    main.o(.constdata) refers to main.o(.constdata) for image_data_Font_0x41
    main.o(.constdata) refers to main.o(.constdata) for image_data_Font_0x42
    main.o(.constdata) refers to main.o(.constdata) for image_data_Font_0x43
    main.o(.constdata) refers to main.o(.constdata) for image_data_Font_0x44
    main.o(.constdata) refers to main.o(.constdata) for image_data_Font_0x45
    main.o(.constdata) refers to main.o(.constdata) for image_data_Font_0x46
    main.o(.constdata) refers to main.o(.constdata) for image_data_Font_0x47
[...]
    FSMC_NAND_AttributeSpace_Timing_Init     0x0800978d   Thumb Code    48  stm32f4xx_ll_fsmc.o(.text)
    FSMC_NAND_DeInit                         0x080097bd   Thumb Code    62  stm32f4xx_ll_fsmc.o(.text)
    FSMC_NAND_ECC_Enable                     0x080097fb   Thumb Code    26  stm32f4xx_ll_fsmc.o(.text)
    FSMC_NAND_ECC_Disable                    0x08009815   Thumb Code    26  stm32f4xx_ll_fsmc.o(.text)
    FSMC_NAND_GetECC                         0x0800982f   Thumb Code   110  stm32f4xx_ll_fsmc.o(.text)
    FSMC_PCCARD_Init                         0x0800989d   Thumb Code    38  stm32f4xx_ll_fsmc.o(.text)
    FSMC_PCCARD_CommonSpace_Timing_Init      0x080098c3   Thumb Code    28  stm32f4xx_ll_fsmc.o(.text)
    FSMC_PCCARD_AttributeSpace_Timing_Init   0x080098df   Thumb Code    28  stm32f4xx_ll_fsmc.o(.text)
    FSMC_PCCARD_IOSpace_Timing_Init          0x080098fb   Thumb Code    28  stm32f4xx_ll_fsmc.o(.text)
    FSMC_PCCARD_DeInit                       0x08009917   Thumb Code    30  stm32f4xx_ll_fsmc.o(.text)
    HAL_RCC_DeInit                           0x0800993d   Thumb Code    74  stm32f4xx_hal_rcc.o(.text)
    HAL_RCC_OscConfig                        0x08009987   Thumb Code  1086  stm32f4xx_hal_rcc.o(.text)
    HAL_RCC_ClockConfig                      0x08009dc5   Thumb Code   628  stm32f4xx_hal_rcc.o(.text)
    HAL_RCC_MCOConfig                        0x0800a039   Thumb Code   138  stm32f4xx_hal_rcc.o(.text)
    HAL_RCC_EnableCSS                        0x0800a0c3   Thumb Code     8  stm32f4xx_hal_rcc.o(.text)
    HAL_RCC_DisableCSS                       0x0800a0cb   Thumb Code     8  stm32f4xx_hal_rcc.o(.text)
    HAL_RCC_GetSysClockFreq                  0x0800a0d3   Thumb Code   126  stm32f4xx_hal_rcc.o(.text)
    HAL_RCC_GetHCLKFreq                      0x0800a151   Thumb Code    84  stm32f4xx_hal_rcc.o(.text)
    HAL_RCC_GetPCLK1Freq                     0x0800a1a5   Thumb Code    36  stm32f4xx_hal_rcc.o(.text)
    HAL_RCC_GetPCLK2Freq                     0x0800a1c9   Thumb Code    36  stm32f4xx_hal_rcc.o(.text)
    HAL_RCC_GetOscConfig                     0x0800a1ed   Thumb Code   254  stm32f4xx_hal_rcc.o(.text)
    HAL_RCC_GetClockConfig                   0x0800a2eb   Thumb Code    52  stm32f4xx_hal_rcc.o(.text)
    HAL_RCC_CSSCallback                      0x0800a31f   Thumb Code     2  stm32f4xx_hal_rcc.o(.text)
    HAL_RCC_NMI_IRQHandler                   0x0800a321   Thumb Code    24  stm32f4xx_hal_rcc.o(.text)
    Error_Handler()                          0x0800a35d   Thumb Code     2  init.o(.text)
    ClockEnable()                            0x0800a35f   Thumb Code   274  init.o(.text)
    SystemClock_Config()                     0x0800a471   Thumb Code   140  init.o(.text)
    HsramInit()                              0x0800a4fd   Thumb Code    96  init.o(.text)
    DacInit()                                0x0800a55d   Thumb Code     2  init.o(.text)
    AdcInit()                                0x0800a55f   Thumb Code     2  init.o(.text)
    AdcReinit(ADC_HandleTypeDef&, unsigned, unsigned) 0x0800a561   Thumb Code     2  init.o(.text)
    SpiInit()                                0x0800a563   Thumb Code    62  init.o(.text)
    DmaInit()                                0x0800a5a1   Thumb Code   110  init.o(.text)
    TimInit()                                0x0800a60f   Thumb Code   144  init.o(.text)
    GpioInit()                               0x0800a69f   Thumb Code   298  init.o(.text)
    Screen::Screen()                         0x0800a7cd   Thumb Code    52  screen.o(.text)
    Screen::Screen__sub_object()             0x0800a7cd   Thumb Code     0  screen.o(.text)
    Screen::operator ()(b2D, Frame2D<short>&) 0x0800a801   Thumb Code   126  screen.o(.text)
    Screen::Refresh()                        0x0800a87f   Thumb Code    10  screen.o(.text)
    Screen::MakeTexture(short, short)        0x0800a889   Thumb Code    30  screen.o(.text)
    Screen::MakeTexture(b2D)                 0x0800a8a7   Thumb Code    16  screen.o(.text)
    Screen::KillTexture(tTexture*)           0x0800a8b7   Thumb Code     4  screen.o(.text)
    Screen::GetFrame()                       0x0800a8bb   Thumb Code     6  screen.o(.text)
    ScreenManager::ScreenManager()           0x0800a8c1   Thumb Code    16  screen.o(.text)
    ScreenManager::ScreenManager__sub_object() 0x0800a8c1   Thumb Code     0  screen.o(.text)
    ScreenManager::operator ()()             0x0800a8d1   Thumb Code     6  screen.o(.text)
    ScreenManager::Create(b2D, Frame2D<short>*) 0x0800a8d7   Thumb Code    40  screen.o(.text)
    ScreenManager::Kill(Screen*)             0x0800a8ff   Thumb Code    36  screen.o(.text)
    ScreenManager::Refresh(unsigned)         0x0800a923   Thumb Code    48  screen.o(.text)
    __TTY::__TTY()                           0x0800a959   Thumb Code     2  terminal_interface.o(.text)
    __TTY::__TTY__sub_object()               0x0800a959   Thumb Code     0  terminal_interface.o(.text)
    __TTY::operator ()(void*, unsigned)      0x0800a95b   Thumb Code    10  terminal_interface.o(.text)
    __TTY::Print(int, char*, unsigned)       0x0800a965   Thumb Code    50  terminal_interface.o(.text)
    __TTY::Print(char*, unsigned)            0x0800a997   Thumb Code    48  terminal_interface.o(.text)
    __TTY::Print(int, char*)                 0x0800a9c7   Thumb Code    56  terminal_interface.o(.text)
    __TTY::Print(char*)                      0x0800a9ff   Thumb Code    56  terminal_interface.o(.text)
    __TTY::Char(int, char)                   0x0800aa37   Thumb Code    24  terminal_interface.o(.text)
    __TTY::Char(char)                        0x0800aa4f   Thumb Code    20  terminal_interface.o(.text)
    __TTY::operator <<(char*)                0x0800aa63   Thumb Code     6  terminal_interface.o(.text)
    __TTY::operator <<(int)                  0x0800aa69   Thumb Code    40  terminal_interface.o(.text)
    __TTY::operator <<(char)                 0x0800aa91   Thumb Code    18  terminal_interface.o(.text)
    __TTY::operator +(char*)                 0x0800aaa3   Thumb Code     2  terminal_interface.o(.text)
    __TTY::operator +(int)                   0x0800aaa5   Thumb Code    38  terminal_interface.o(.text)
    __TTY::operator +(char)                  0x0800aacb   Thumb Code    14  terminal_interface.o(.text)
    __TTY::Print()                           0x0800aad9   Thumb Code    22  terminal_interface.o(.text)
    __TTY::Clear()                           0x0800aaef   Thumb Code    22  terminal_interface.o(.text)
    DEV_Gpio_Init(GPIO_TypeDef*, int, unsigned, unsigned) 0x0800ab05   Thumb Code    34  gpio_ex.o(.text)
    DEV_AltGpio_Init(GPIO_TypeDef*, int, unsigned, unsigned) 0x0800ab27   Thumb Code    40  gpio_ex.o(.text)
    SpiSoftTypeDef::DummyWait(unsigned)      0x0800ab4f   Thumb Code    14  gpio_ex.o(.text)
    SpiSoftTypeDef::Init()                   0x0800ab5d   Thumb Code    16  gpio_ex.o(.text)
    SpiSoftTypeDef::Select()                 0x0800ab6d   Thumb Code    10  gpio_ex.o(.text)
    SpiSoftTypeDef::DeSelect()               0x0800ab77   Thumb Code     8  gpio_ex.o(.text)
    SpiSoftTypeDef::DummyClock()             0x0800ab7f   Thumb Code    14  gpio_ex.o(.text)
    SpiSoftTypeDef::Send_9bit_Data(bool, unsigned char) 0x0800ab8d   Thumb Code    78  gpio_ex.o(.text)
    SpiSoftTypeDef::Read_8bit_Data()         0x0800abdb   Thumb Code     4  gpio_ex.o(.text)
    Test(unsigned short, unsigned short)     0x0800abe9   Thumb Code     4  tftili9486.o(.text)
    LcdDriverDef::LcdDriverDef(GPIO_TypeDef*, SpiSoftTypeDef&, unsigned) 0x0800abed   Thumb Code    16  tftili9486.o(.text)
    LcdDriverDef::LcdDriverDef__sub_object(GPIO_TypeDef*, SpiSoftTypeDef&, unsigned) 0x0800abed   Thumb Code     0  tftili9486.o(.text)
    LcdDriverDef::Backlight(unsigned char)   0x0800abfd   Thumb Code     6  tftili9486.o(.text)
    LcdDriverDef::DotClk(unsigned)           0x0800ac03   Thumb Code    20  tftili9486.o(.text)
    LcdDriverDef::HsClk()                    0x0800ac17   Thumb Code    30  tftili9486.o(.text)
    LcdDriverDef::VsClk()                    0x0800ac35   Thumb Code    20  tftili9486.o(.text)
    LcdDriverDef::DotClk()                   0x0800ac49   Thumb Code    12  tftili9486.o(.text)
    LcdDriverDef::PutColor(unsigned short)   0x0800ac55   Thumb Code     6  tftili9486.o(.text)
    LcdDriverDef::Fill(unsigned short, unsigned short, unsigned short) 0x0800ac5b   Thumb Code    58  tftili9486.o(.text)
    LcdDriverDef::Fill(const tImage&, unsigned, unsigned) 0x0800ac95   Thumb Code   132  tftili9486.o(.text)
    LcdDriverDef::WrData8(unsigned char)     0x0800ad19   Thumb Code    16  tftili9486.o(.text)
    LcdDriverDef::WrCmd8(unsigned char)      0x0800ad29   Thumb Code    16  tftili9486.o(.text)
    LcdDriverDef::Window(unsigned short, unsigned short, unsigned short, unsigned short) 0x0800ad39   Thumb Code   140  tftili9486.o(.text)
    LcdDriverDef::Fill(Frame2D<short>&, b2D) 0x0800adc5   Thumb Code   194  tftili9486.o(.text)
    LcdDriverDef::RstHw()                    0x0800ae87   Thumb Code    36  tftili9486.o(.text)
    LcdDriverDef::Init(unsigned)             0x0800aeab   Thumb Code   278  tftili9486.o(.text)
    LcdDriverDef::DummyCycle(unsigned)       0x0800afc1   Thumb Code     6  tftili9486.o(.text)
    LcdDriverDef::Rd8()                      0x0800afc7   Thumb Code    22  tftili9486.o(.text)
    Alloc(unsigned)                          0x0800afed   Thumb Code     8  device.o(.text)
    Free(void*)                              0x0800aff5   Thumb Code     8  device.o(.text)
    LcdDriverDef::ExtInput(b2D, unsigned)    0x0800affd   Thumb Code     6  device.o(.text)
    LcdDriverDef::BcklApply(unsigned char)   0x0800b003   Thumb Code    12  device.o(.text)
    NMI_Handler                              0x0800b065   Thumb Code     2  stm32f4xx_it.o(.text)
    HardFault_Handler                        0x0800b067   Thumb Code     2  stm32f4xx_it.o(.text)
    MemManage_Handler                        0x0800b069   Thumb Code     2  stm32f4xx_it.o(.text)
    BusFault_Handler                         0x0800b06b   Thumb Code     2  stm32f4xx_it.o(.text)
    UsageFault_Handler                       0x0800b06d   Thumb Code     2  stm32f4xx_it.o(.text)
    SVC_Handler                              0x0800b06f   Thumb Code     2  stm32f4xx_it.o(.text)
    DebugMon_Handler                         0x0800b071   Thumb Code     2  stm32f4xx_it.o(.text)
    PendSV_Handler                           0x0800b073   Thumb Code     2  stm32f4xx_it.o(.text)
    SysTick_Handler                          0x0800b075   Thumb Code     4  stm32f4xx_it.o(.text)
    EXTI0_IRQHandler                         0x0800b079   Thumb Code     2  stm32f4xx_it.o(.text)
    TIM1_UP_TIM10_IRQHandler                 0x0800b07b   Thumb Code     6  stm32f4xx_it.o(.text)
    TIM2_IRQHandler                          0x0800b081   Thumb Code     6  stm32f4xx_it.o(.text)
    Coordinates::Place(b2D)                  0x0800b091   Thumb Code    18  geometry.o(.text)
    Coordinates::Place(short, short)         0x0800b0a3   Thumb Code     6  geometry.o(.text)
    Coordinates::Dispose(b2D)                0x0800b0a9   Thumb Code    30  geometry.o(.text)
    Coordinates::Dispose(short, short, short, short) 0x0800b0c7   Thumb Code    16  geometry.o(.text)
    Coordinates::GetRect()                   0x0800b0d7   Thumb Code    38  geometry.o(.text)
    Coordinates::GetxRect()                  0x0800b0fd   Thumb Code    40  geometry.o(.text)
    Coordinates::GetyRect()                  0x0800b125   Thumb Code    40  geometry.o(.text)
    Coordinates::GetxyRect()                 0x0800b14d   Thumb Code    42  geometry.o(.text)
    Coordinates::GetH()                      0x0800b177   Thumb Code     6  geometry.o(.text)
    Coordinates::GetW()                      0x0800b17d   Thumb Code     6  geometry.o(.text)
    Coordinates::AllignLeft(b2D)             0x0800b183   Thumb Code    12  geometry.o(.text)
    Coordinates::AllignRight(b2D)            0x0800b18f   Thumb Code    24  geometry.o(.text)
    Coordinates::AllignTop(b2D)              0x0800b1a7   Thumb Code    24  geometry.o(.text)
    Coordinates::AllignBottom(b2D)           0x0800b1bf   Thumb Code    12  geometry.o(.text)
    Coordinates::Trunc(b2D*, b2D)            0x0800b1cb   Thumb Code    72  geometry.o(.text)
    Coordinates::Trunc(b2D*)                 0x0800b213   Thumb Code   102  geometry.o(.text)
    Coordinates::TruncLine(short, short, short, short) 0x0800b279   Thumb Code   128  geometry.o(.text)
    gTest::TestLineIntersect(float, float, float, float, float, float, float, float) 0x0800b2f9   Thumb Code    72  geometry.o(.text)
    gTest::TestBoxBounds(f2D, f2D)           0x0800b341   Thumb Code   154  geometry.o(.text)
    gTest::TestPointInBox(f2D, float, float) 0x0800b3db   Thumb Code    98  geometry.o(.text)
    Locker::Locker()                         0x0800b43d   Thumb Code     2  locker.o(.text)
    Locker::Locker__sub_object()             0x0800b43d   Thumb Code     0  locker.o(.text)
    Locker::Unlock(unsigned)                 0x0800b43f   Thumb Code     6  locker.o(.text)
    Locker::Lock(unsigned)                   0x0800b445   Thumb Code     6  locker.o(.text)
    Locker::Test()                           0x0800b44b   Thumb Code     4  locker.o(.text)
    Affine_Body::Affine_Body()               0x0800b44f   Thumb Code     2  affine_tf.o(.text)
    Affine_Body::Affine_Body__sub_object()   0x0800b44f   Thumb Code     0  affine_tf.o(.text)
    Affine_Body::operator ()()               0x0800b451   Thumb Code     2  affine_tf.o(.text)
    Affine_Body::PointRotateZ(float, float, float, float, float) 0x0800b453   Thumb Code    40  affine_tf.o(.text)
    Affine_Body::PointRotateZ(f2D, float)    0x0800b47b   Thumb Code    28  affine_tf.o(.text)
    STR::itoa(int, char*, unsigned)          0x0800b4bb   Thumb Code    62  dtostr.o(.text)
    Physic::Bounce::Bounce()                 0x0800b4f9   Thumb Code     2  physic.o(.text)
    Physic::Bounce::Bounce__sub_object()     0x0800b4f9   Thumb Code     0  physic.o(.text)
    Physic::Bounce::operator ()(float, float, float, float, float) 0x0800b4fb   Thumb Code    62  physic.o(.text)
    Physic::Bounce::Step()                   0x0800b539   Thumb Code   200  physic.o(.text)
    Physic::Bounce::Step(float)              0x0800b601   Thumb Code     6  physic.o(.text)
    Physic::Ball2D::Ball2D()                 0x0800b607   Thumb Code     2  physic.o(.text)
    Physic::Ball2D::Ball2D__sub_object()     0x0800b607   Thumb Code     0  physic.o(.text)
    Physic::Ball2D::Dir(float)               0x0800b609   Thumb Code    54  physic.o(.text)
    Physic::Ball2D::operator ()(float, float, float) 0x0800b63f   Thumb Code    50  physic.o(.text)
    Physic::Ball2D::Test(b2D, float&)        0x0800b671   Thumb Code   184  physic.o(.text)
    Physic::Ball2D::Step(b2D)                0x0800b729   Thumb Code   142  physic.o(.text)
    Physic::Ball2D::Step()                   0x0800b7b7   Thumb Code    38  physic.o(.text)
    Physic::Ball2D::Test(float, float, float, float) 0x0800b7dd   Thumb Code   212  physic.o(.text)
    Physic::Ball2D::Dir(float, float)        0x0800b8b1   Thumb Code    30  physic.o(.text)
    Physic::Ball2D::Test(Physic::Ball2D&)    0x0800b8cf   Thumb Code   324  physic.o(.text)
    Physic::Ball2D::SwapP(Physic::Ball2D&)   0x0800ba13   Thumb Code   144  physic.o(.text)
    Physic::Ball2DGroup::Ball2DGroup()       0x0800baa3   Thumb Code    16  physic.o(.text)
    Physic::Ball2DGroup::Ball2DGroup__sub_object() 0x0800baa3   Thumb Code     0  physic.o(.text)
    Physic::Ball2DGroup::operator ()(b2D, float, float) 0x0800bab3   Thumb Code    26  physic.o(.text)
    Physic::Ball2DGroup::Step()              0x0800bacd   Thumb Code   236  physic.o(.text)
    Physic::Ball2DGroup::Add(unsigned)       0x0800bbb9   Thumb Code   114  physic.o(.text)
    Physic::Ball2DGroup::Add(float, float, float) 0x0800bc2b   Thumb Code    86  physic.o(.text)
    Physic::Ball2DGroup::Remove(unsigned)    0x0800bc81   Thumb Code     2  physic.o(.text)
    Physic::Ball2DGroup::Draw()              0x0800bc83   Thumb Code   102  physic.o(.text)
    MemoryAllocator::Separate(MemoryChunk*, unsigned) 0x0800bcf5   Thumb Code    16  memory_alloc.o(.text)
    MemoryAllocator::New(unsigned)           0x0800bd05   Thumb Code   156  memory_alloc.o(.text)
    MemoryAllocator::operator ()(void*, unsigned) 0x0800bda1   Thumb Code    64  memory_alloc.o(.text)
    MemoryAllocator::Sanitize(List_Iterator<MemoryChunk>&) 0x0800bde1   Thumb Code   142  memory_alloc.o(.text)
    MemoryAllocator::Delete(void*)           0x0800be6f   Thumb Code   126  memory_alloc.o(.text)
    MemoryAllocator::Check()                 0x0800beed   Thumb Code     4  memory_alloc.o(.text)
    MemoryAllocator::PrintTable()            0x0800bef1   Thumb Code   406  memory_alloc.o(.text)
    Reset_Handler                            0x0800c119   Thumb Code     8  startup_stm32f417xx.o(.text)
    ADC_IRQHandler                           0x0800c133   Thumb Code     0  startup_stm32f417xx.o(.text)
    CAN1_RX0_IRQHandler                      0x0800c133   Thumb Code     0  startup_stm32f417xx.o(.text)
    CAN1_RX1_IRQHandler                      0x0800c133   Thumb Code     0  startup_stm32f417xx.o(.text)
    CAN1_SCE_IRQHandler                      0x0800c133   Thumb Code     0  startup_stm32f417xx.o(.text)
    CAN1_TX_IRQHandler                       0x0800c133   Thumb Code     0  startup_stm32f417xx.o(.text)
    CAN2_RX0_IRQHandler                      0x0800c133   Thumb Code     0  startup_stm32f417xx.o(.text)
    CAN2_RX1_IRQHandler                      0x0800c133   Thumb Code     0  startup_stm32f417xx.o(.text)
    CAN2_SCE_IRQHandler                      0x0800c133   Thumb Code     0  startup_stm32f417xx.o(.text)
    CAN2_TX_IRQHandler                       0x0800c133   Thumb Code     0  startup_stm32f417xx.o(.text)
    CRYP_IRQHandler                          0x0800c133   Thumb Code     0  startup_stm32f417xx.o(.text)
    DCMI_IRQHandler                          0x0800c133   Thumb Code     0  startup_stm32f417xx.o(.text)
    DMA1_Stream0_IRQHandler                  0x0800c133   Thumb Code     0  startup_stm32f417xx.o(.text)
    DMA1_Stream1_IRQHandler                  0x0800c133   Thumb Code     0  startup_stm32f417xx.o(.text)
    DMA1_Stream2_IRQHandler                  0x0800c133   Thumb Code     0  startup_stm32f417xx.o(.text)
    DMA1_Stream3_IRQHandler                  0x0800c133   Thumb Code     0  startup_stm32f417xx.o(.text)
    DMA1_Stream4_IRQHandler                  0x0800c133   Thumb Code     0  startup_stm32f417xx.o(.text)
    DMA1_Stream5_IRQHandler                  0x0800c133   Thumb Code     0  startup_stm32f417xx.o(.text)
    DMA1_Stream6_IRQHandler                  0x0800c133   Thumb Code     0  startup_stm32f417xx.o(.text)
    DMA1_Stream7_IRQHandler                  0x0800c133   Thumb Code     0  startup_stm32f417xx.o(.text)
    DMA2_Stream0_IRQHandler                  0x0800c133   Thumb Code     0  startup_stm32f417xx.o(.text)
    DMA2_Stream1_IRQHandler                  0x0800c133   Thumb Code     0  startup_stm32f417xx.o(.text)
    DMA2_Stream2_IRQHandler                  0x0800c133   Thumb Code     0  startup_stm32f417xx.o(.text)
    DMA2_Stream3_IRQHandler                  0x0800c133   Thumb Code     0  startup_stm32f417xx.o(.text)
    DMA2_Stream4_IRQHandler                  0x0800c133   Thumb Code     0  startup_stm32f417xx.o(.text)
    DMA2_Stream5_IRQHandler                  0x0800c133   Thumb Code     0  startup_stm32f417xx.o(.text)
    DMA2_Stream6_IRQHandler                  0x0800c133   Thumb Code     0  startup_stm32f417xx.o(.text)
    DMA2_Stream7_IRQHandler                  0x0800c133   Thumb Code     0  startup_stm32f417xx.o(.text)
    ETH_IRQHandler                           0x0800c133   Thumb Code     0  startup_stm32f417xx.o(.text)
    ETH_WKUP_IRQHandler                      0x0800c133   Thumb Code     0  startup_stm32f417xx.o(.text)
    EXTI15_10_IRQHandler                     0x0800c133   Thumb Code     0  startup_stm32f417xx.o(.text)
    EXTI1_IRQHandler                         0x0800c133   Thumb Code     0  startup_stm32f417xx.o(.text)
    EXTI2_IRQHandler                         0x0800c133   Thumb Code     0  startup_stm32f417xx.o(.text)
    EXTI3_IRQHandler                         0x0800c133   Thumb Code     0  startup_stm32f417xx.o(.text)
    EXTI4_IRQHandler                         0x0800c133   Thumb Code     0  startup_stm32f417xx.o(.text)
    EXTI9_5_IRQHandler                       0x0800c133   Thumb Code     0  startup_stm32f417xx.o(.text)
    FLASH_IRQHandler                         0x0800c133   Thumb Code     0  startup_stm32f417xx.o(.text)
    FMC_IRQHandler                           0x0800c133   Thumb Code     0  startup_stm32f417xx.o(.text)
    FPU_IRQHandler                           0x0800c133   Thumb Code     0  startup_stm32f417xx.o(.text)
    HASH_RNG_IRQHandler                      0x0800c133   Thumb Code     0  startup_stm32f417xx.o(.text)
    I2C1_ER_IRQHandler                       0x0800c133   Thumb Code     0  startup_stm32f417xx.o(.text)
    I2C1_EV_IRQHandler                       0x0800c133   Thumb Code     0  startup_stm32f417xx.o(.text)
    I2C2_ER_IRQHandler                       0x0800c133   Thumb Code     0  startup_stm32f417xx.o(.text)
    I2C2_EV_IRQHandler                       0x0800c133   Thumb Code     0  startup_stm32f417xx.o(.text)
    I2C3_ER_IRQHandler                       0x0800c133   Thumb Code     0  startup_stm32f417xx.o(.text)
    I2C3_EV_IRQHandler                       0x0800c133   Thumb Code     0  startup_stm32f417xx.o(.text)
    OTG_FS_IRQHandler                        0x0800c133   Thumb Code     0  startup_stm32f417xx.o(.text)
    OTG_FS_WKUP_IRQHandler                   0x0800c133   Thumb Code     0  startup_stm32f417xx.o(.text)
    OTG_HS_EP1_IN_IRQHandler                 0x0800c133   Thumb Code     0  startup_stm32f417xx.o(.text)
    OTG_HS_EP1_OUT_IRQHandler                0x0800c133   Thumb Code     0  startup_stm32f417xx.o(.text)
    OTG_HS_IRQHandler                        0x0800c133   Thumb Code     0  startup_stm32f417xx.o(.text)
    OTG_HS_WKUP_IRQHandler                   0x0800c133   Thumb Code     0  startup_stm32f417xx.o(.text)
    PVD_IRQHandler                           0x0800c133   Thumb Code     0  startup_stm32f417xx.o(.text)
    RCC_IRQHandler                           0x0800c133   Thumb Code     0  startup_stm32f417xx.o(.text)
    RTC_Alarm_IRQHandler                     0x0800c133   Thumb Code     0  startup_stm32f417xx.o(.text)
    RTC_WKUP_IRQHandler                      0x0800c133   Thumb Code     0  startup_stm32f417xx.o(.text)
    SDIO_IRQHandler                          0x0800c133   Thumb Code     0  startup_stm32f417xx.o(.text)
    SPI1_IRQHandler                          0x0800c133   Thumb Code     0  startup_stm32f417xx.o(.text)
    SPI2_IRQHandler                          0x0800c133   Thumb Code     0  startup_stm32f417xx.o(.text)
    SPI3_IRQHandler                          0x0800c133   Thumb Code     0  startup_stm32f417xx.o(.text)
    TAMP_STAMP_IRQHandler                    0x0800c133   Thumb Code     0  startup_stm32f417xx.o(.text)
    TIM1_BRK_TIM9_IRQHandler                 0x0800c133   Thumb Code     0  startup_stm32f417xx.o(.text)
    TIM1_CC_IRQHandler                       0x0800c133   Thumb Code     0  startup_stm32f417xx.o(.text)
    TIM1_TRG_COM_TIM11_IRQHandler            0x0800c133   Thumb Code     0  startup_stm32f417xx.o(.text)
    TIM3_IRQHandler                          0x0800c133   Thumb Code     0  startup_stm32f417xx.o(.text)
    TIM4_IRQHandler                          0x0800c133   Thumb Code     0  startup_stm32f417xx.o(.text)
    TIM5_IRQHandler                          0x0800c133   Thumb Code     0  startup_stm32f417xx.o(.text)
    TIM6_DAC_IRQHandler                      0x0800c133   Thumb Code     0  startup_stm32f417xx.o(.text)
    TIM7_IRQHandler                          0x0800c133   Thumb Code     0  startup_stm32f417xx.o(.text)
    TIM8_BRK_TIM12_IRQHandler                0x0800c133   Thumb Code     0  startup_stm32f417xx.o(.text)
    TIM8_CC_IRQHandler                       0x0800c133   Thumb Code     0  startup_stm32f417xx.o(.text)
    TIM8_TRG_COM_TIM14_IRQHandler            0x0800c133   Thumb Code     0  startup_stm32f417xx.o(.text)
    TIM8_UP_TIM13_IRQHandler                 0x0800c133   Thumb Code     0  startup_stm32f417xx.o(.text)
    UART4_IRQHandler                         0x0800c133   Thumb Code     0  startup_stm32f417xx.o(.text)
    UART5_IRQHandler                         0x0800c133   Thumb Code     0  startup_stm32f417xx.o(.text)
    USART1_IRQHandler                        0x0800c133   Thumb Code     0  startup_stm32f417xx.o(.text)
    USART2_IRQHandler                        0x0800c133   Thumb Code     0  startup_stm32f417xx.o(.text)
    USART3_IRQHandler                        0x0800c133   Thumb Code     0  startup_stm32f417xx.o(.text)
    USART6_IRQHandler                        0x0800c133   Thumb Code     0  startup_stm32f417xx.o(.text)
    WWDG_IRQHandler                          0x0800c133   Thumb Code     0  startup_stm32f417xx.o(.text)
    __user_initial_stackheap                 0x0800c135   Thumb Code     0  startup_stm32f417xx.o(.text)
    SystemInit                               0x0800c159   Thumb Code    64  system_stm32f4xx.o(.text)
    SystemCoreClockUpdate                    0x0800c199   Thumb Code   124  system_stm32f4xx.o(.text)
    __aeabi_errno_addr                       0x0800c241   Thumb Code     8  rt_errno_addr_intlibspace.o(.text)
    __errno$intlibspace                      0x0800c241   Thumb Code     0  rt_errno_addr_intlibspace.o(.text)
    __rt_errno_addr$intlibspace              0x0800c241   Thumb Code     0  rt_errno_addr_intlibspace.o(.text)
    srand                                    0x0800c249   Thumb Code    42  rand.o(.text)
    _rand_init                               0x0800c273   Thumb Code     4  rand.o(.text)
    strlen                                   0x0800c285   Thumb Code    62  strlen.o(.text)
    __use_two_region_memory                  0x0800c2c3   Thumb Code     2  heapauxi.o(.text)
    __rt_heap_escrow                         0x0800c2c5   Thumb Code     2  heapauxi.o(.text)
    __rt_heap_expand                         0x0800c2c7   Thumb Code     2  heapauxi.o(.text)
    __cpp_initialize__aeabi_                 0x0800c2c9   Thumb Code    26  init_aeabi.o(.text)
    __user_libspace                          0x0800c2ed   Thumb Code     8  libspace.o(.text)
    __user_perproc_libspace                  0x0800c2ed   Thumb Code     0  libspace.o(.text)
    __user_perthread_libspace                0x0800c2ed   Thumb Code     0  libspace.o(.text)
    __read_errno                             0x0800c2f5   Thumb Code    10  _rserrno.o(.text)
    __set_errno                              0x0800c2ff   Thumb Code    12  _rserrno.o(.text)
    __user_setup_stackheap                   0x0800c30b   Thumb Code    74  sys_stackheap_outer.o(.text)
    exit                                     0x0800c355   Thumb Code    12  exit.o(.text)
    _sys_exit                                0x0800c361   Thumb Code     8  sys_exit.o(.text)
    __I$use$semihosting                      0x0800c36d   Thumb Code     0  use_no_semi.o(.text)
    __use_no_semihosting_swi                 0x0800c36d   Thumb Code     2  use_no_semi.o(.text)
    __ARM_fpclassify                         0x0800c36f   Thumb Code    48  fpclassify.o(i.__ARM_fpclassify)
    __semihosting_library_function           0x0800c36f   Thumb Code     0  indicate_semi.o(.text)
    __ARM_fpclassifyf                        0x0800c39f   Thumb Code    38  fpclassifyf.o(i.__ARM_fpclassifyf)
    __hardfp_atan                            0x0800c3c9   Thumb Code   622  atan.o(i.__hardfp_atan)
    __hardfp_cosf                            0x0800c6a1   Thumb Code   280  cosf.o(i.__hardfp_cosf)
    __hardfp_sinf                            0x0800c7f1   Thumb Code   344  sinf.o(i.__hardfp_sinf)
    __kernel_poly                            0x0800c981   Thumb Code   248  poly.o(i.__kernel_poly)
    __mathlib_dbl_infnan                     0x0800ca79   Thumb Code    20  dunder.o(i.__mathlib_dbl_infnan)
    __mathlib_dbl_underflow                  0x0800ca91   Thumb Code    24  dunder.o(i.__mathlib_dbl_underflow)
    __mathlib_flt_infnan                     0x0800cab1   Thumb Code     6  funder.o(i.__mathlib_flt_infnan)
    __mathlib_flt_invalid                    0x0800cab9   Thumb Code    10  funder.o(i.__mathlib_flt_invalid)
    __mathlib_flt_underflow                  0x0800cac9   Thumb Code    10  funder.o(i.__mathlib_flt_underflow)
    __mathlib_rredf2                         0x0800cad9   Thumb Code   316  rredf.o(i.__mathlib_rredf2)
    fabs                                     0x0800cc2d   Thumb Code    24  fabs.o(i.fabs)
    Fill_Class<Screen>::Fill(unsigned short) 0x0800cc45   Thumb Code    94  main.o(t._ZN10Fill_ClassI6ScreenE4FillEt)
    Fill_Class<Screen>::Fill_Class()         0x0800cca3   Thumb Code     2  screen.o(t._ZN10Fill_ClassI6ScreenEC1Ev)
    Fill_Class<Screen>::Fill_Class__sub_object() 0x0800cca3   Thumb Code     0  screen.o(t._ZN10Fill_ClassI6ScreenEC1Ev)
    Line_Class<Screen>::fLeftToRight(unsigned, unsigned, unsigned, unsigned short, unsigned char) 0x0800cca5   Thumb Code    62  main.o(t._ZN10Line_ClassI6ScreenE12fLeftToRightEjjjth)
    Line_Class<Screen>::Init()               0x0800cce3   Thumb Code    20  screen.o(t._ZN10Line_ClassI6ScreenE4InitEv)
    Line_Class<Screen>::fBotToTop(unsigned, unsigned, unsigned, unsigned short, unsigned char) 0x0800ccf7   Thumb Code    70  main.o(t._ZN10Line_ClassI6ScreenE9fBotToTopEjjjth)
    Line_Class<Screen>::Line_Class()         0x0800cd3d   Thumb Code     2  screen.o(t._ZN10Line_ClassI6ScreenEC1Ev)
    Line_Class<Screen>::Line_Class__sub_object() 0x0800cd3d   Thumb Code     0  screen.o(t._ZN10Line_ClassI6ScreenEC1Ev)
    Screen_Obj<Screen>::operator ()(Screen&) 0x0800cd3f   Thumb Code    36  screen.o(t._ZN10Screen_ObjI6ScreenEclERS0_)
    Print_Class<Screen>::GetCharCode(char)   0x0800cd63   Thumb Code    34  main.o(t._ZN11Print_ClassI6ScreenE11GetCharCodeEc)
    Print_Class<Screen>::Char(b2D, char, unsigned short) 0x0800cd85   Thumb Code    98  main.o(t._ZN11Print_ClassI6ScreenE4CharE3b2Dct)
    Print_Class<Screen>::Init()              0x0800cde7   Thumb Code    58  screen.o(t._ZN11Print_ClassI6ScreenE4InitEv)
    Print_Class<Screen>::String(__TEXT, unsigned short) 0x0800ce21   Thumb Code    58  main.o(t._ZN11Print_ClassI6ScreenE6StringE6__TEXTt)
    b2D Print_Class<Screen>::String<char>(b2D, T1*, short, unsigned short) 0x0800ce5b   Thumb Code   184  main.o(t._ZN11Print_ClassI6ScreenE6StringIcEE3b2DS3_PT_st)
    Print_Class<Screen>::UseFont(const tFont*) 0x0800cf13   Thumb Code    12  main.o(t._ZN11Print_ClassI6ScreenE7UseFontEPK5tFont)
    Print_Class<Screen>::Print_Class()       0x0800cf1f   Thumb Code     2  screen.o(t._ZN11Print_ClassI6ScreenEC1Ev)
    Print_Class<Screen>::Print_Class__sub_object() 0x0800cf1f   Thumb Code     0  screen.o(t._ZN11Print_ClassI6ScreenEC1Ev)
    int Bitmap_Class<Screen>::DrawScaled<const tImage>(b2D, T1*, unsigned short) 0x0800cf21   Thumb Code   372  main.o(t._ZN12Bitmap_ClassI6ScreenE10DrawScaledIK6tImageEEi3b2DPT_t)
    int Bitmap_Class<Screen>::DrawNoScale<const tImage>(b2D, T1*, unsigned short) 0x0800d095   Thumb Code   192  main.o(t._ZN12Bitmap_ClassI6ScreenE11DrawNoScaleIK6tImageEEi3b2DPT_t)
    int Bitmap_Class<Screen>::Draw<const tImage>(b2D, T1*, unsigned short) 0x0800d155   Thumb Code    20  main.o(t._ZN12Bitmap_ClassI6ScreenE4DrawIK6tImageEEi3b2DPT_t)
    Bitmap_Class<Screen>::SetScale(float, float) 0x0800d169   Thumb Code    26  screen.o(t._ZN12Bitmap_ClassI6ScreenE8SetScaleEff)
    Bitmap_Class<Screen>::Bitmap_Class()     0x0800d183   Thumb Code     2  screen.o(t._ZN12Bitmap_ClassI6ScreenEC1Ev)
    Bitmap_Class<Screen>::Bitmap_Class__sub_object() 0x0800d183   Thumb Code     0  screen.o(t._ZN12Bitmap_ClassI6ScreenEC1Ev)
    Circle_Class<Screen>::Sqr(int)           0x0800d185   Thumb Code     6  main.o(t._ZN12Circle_ClassI6ScreenE3SqrEi)
    Circle_Class<Screen>::Draw(b2D, float, unsigned short) 0x0800d18b   Thumb Code   304  main.o(t._ZN12Circle_ClassI6ScreenE4DrawE3b2Dft)
    Circle_Class<Screen>::Draw(short, short, float, unsigned short) 0x0800d2bb   Thumb Code    24  main.o(t._ZN12Circle_ClassI6ScreenE4DrawEssft)
    Circle_Class<Screen>::Pixel(unsigned, unsigned, unsigned short) 0x0800d2d3   Thumb Code    22  main.o(t._ZN12Circle_ClassI6ScreenE5PixelEjjt)
    Circle_Class<Screen>::Point(int, int, int, int, unsigned short) 0x0800d2e9   Thumb Code    70  main.o(t._ZN12Circle_ClassI6ScreenE5PointEiiiit)
    Circle_Class<Screen>::Circle_Class()     0x0800d32f   Thumb Code     2  screen.o(t._ZN12Circle_ClassI6ScreenEC1Ev)
    Circle_Class<Screen>::Circle_Class__sub_object() 0x0800d32f   Thumb Code     0  screen.o(t._ZN12Circle_ClassI6ScreenEC1Ev)
    List_Iterator<MemoryChunk>::Get(unsigned) 0x0800d331   Thumb Code    24  memory_alloc.o(t._ZN13List_IteratorI11MemoryChunkE3GetEj)
    List_Iterator<MemoryChunk>::Remove(MemoryChunk*) 0x0800d349   Thumb Code    32  memory_alloc.o(t._ZN13List_IteratorI11MemoryChunkE6RemoveEPS0_)
    List_Iterator<MemoryChunk>::Contain()    0x0800d369   Thumb Code     4  memory_alloc.o(t._ZN13List_IteratorI11MemoryChunkE7ContainEv)
    List_Iterator<MemoryChunk>::GetLast()    0x0800d36d   Thumb Code     4  memory_alloc.o(t._ZN13List_IteratorI11MemoryChunkE7GetLastEv)
    List_Iterator<MemoryChunk>::GetFirst()   0x0800d371   Thumb Code     4  memory_alloc.o(t._ZN13List_IteratorI11MemoryChunkE8GetFirstEv)
    List_Iterator<MemoryChunk>::List_Iterator() 0x0800d375   Thumb Code     2  device.o(t._ZN13List_IteratorI11MemoryChunkEC1Ev)
    List_Iterator<MemoryChunk>::List_Iterator__sub_object() 0x0800d375   Thumb Code     0  device.o(t._ZN13List_IteratorI11MemoryChunkEC1Ev)
    List_Iterator<MemoryChunk>::operator -(MemoryChunk*) 0x0800d377   Thumb Code     4  memory_alloc.o(t._ZN13List_IteratorI11MemoryChunkEmiEPS0_)
    List_Iterator<MemoryChunk>::operator -(MemoryChunk&) 0x0800d37b   Thumb Code    78  memory_alloc.o(t._ZN13List_IteratorI11MemoryChunkEmiERS0_)
    List_Iterator<MemoryChunk>::operator +(MemoryChunk*) 0x0800d3c9   Thumb Code     4  memory_alloc.o(t._ZN13List_IteratorI11MemoryChunkEplEPS0_)
    List_Iterator<MemoryChunk>::operator +(MemoryChunk&) 0x0800d3cd   Thumb Code    96  memory_alloc.o(t._ZN13List_IteratorI11MemoryChunkEplERS0_)
    List_Iterator<Screen>::Get(unsigned)     0x0800d42d   Thumb Code    24  screen.o(t._ZN13List_IteratorI6ScreenE3GetEj)
    List_Iterator<Screen>::Contain()         0x0800d445   Thumb Code     4  screen.o(t._ZN13List_IteratorI6ScreenE7ContainEv)
    List_Iterator<Screen>::List_Iterator()   0x0800d449   Thumb Code     2  screen.o(t._ZN13List_IteratorI6ScreenEC1Ev)
    List_Iterator<Screen>::List_Iterator__sub_object() 0x0800d449   Thumb Code     0  screen.o(t._ZN13List_IteratorI6ScreenEC1Ev)
    List_Iterator<Screen>::operator -(Screen*) 0x0800d44b   Thumb Code     4  screen.o(t._ZN13List_IteratorI6ScreenEmiEPS0_)
    List_Iterator<Screen>::operator -(Screen&) 0x0800d44f   Thumb Code    78  screen.o(t._ZN13List_IteratorI6ScreenEmiERS0_)
    List_Iterator<Screen>::operator +(Screen*) 0x0800d49d   Thumb Code     4  screen.o(t._ZN13List_IteratorI6ScreenEplEPS0_)
    List_Iterator<Screen>::operator +(Screen&) 0x0800d4a1   Thumb Code    96  screen.o(t._ZN13List_IteratorI6ScreenEplERS0_)
    List_Iterator<Frame2D<short>>::operator +(Frame2D<short>*) 0x0800d501   Thumb Code     4  main.o(t._ZN13List_IteratorI7Frame2DIsEEplEPS1_)
    List_Iterator<Frame2D<short>>::operator +(Frame2D<short>&) 0x0800d505   Thumb Code    96  main.o(t._ZN13List_IteratorI7Frame2DIsEEplERS1_)
    List_Iterator<Physic::Ball2D>::Get(unsigned) 0x0800d565   Thumb Code    24  physic.o(t._ZN13List_IteratorIN6Physic6Ball2DEE3GetEj)
    List_Iterator<Physic::Ball2D>& List_Iterator<Physic::Ball2D>::Array<lArray<Physic::Ball2D>>(T1*, unsigned) 0x0800d57d   Thumb Code     4  physic.o(t._ZN13List_IteratorIN6Physic6Ball2DEE5ArrayI6lArrayIS1_EEERS2_PT_j)
    List_Iterator<Physic::Ball2D>& List_Iterator<Physic::Ball2D>::Array<lArray<Physic::Ball2D>>(T1&, unsigned) 0x0800d581   Thumb Code    34  physic.o(t._ZN13List_IteratorIN6Physic6Ball2DEE5ArrayI6lArrayIS1_EEERS2_RT_j)
    List_Iterator<Physic::Ball2D>::Contain() 0x0800d5a3   Thumb Code     4  physic.o(t._ZN13List_IteratorIN6Physic6Ball2DEE7ContainEv)
    List_Iterator<Physic::Ball2D>::GetNext(Physic::Ball2D*) 0x0800d5a7   Thumb Code    14  physic.o(t._ZN13List_IteratorIN6Physic6Ball2DEE7GetNextEPS1_)
    List_Iterator<Physic::Ball2D>::GetFirst() 0x0800d5b5   Thumb Code     4  physic.o(t._ZN13List_IteratorIN6Physic6Ball2DEE8GetFirstEv)
    List_Iterator<Physic::Ball2D>::List_Iterator() 0x0800d5b9   Thumb Code     2  physic.o(t._ZN13List_IteratorIN6Physic6Ball2DEEC1Ev)
    List_Iterator<Physic::Ball2D>::List_Iterator__sub_object() 0x0800d5b9   Thumb Code     0  physic.o(t._ZN13List_IteratorIN6Physic6Ball2DEEC1Ev)
    List_Iterator<Physic::Ball2D>::operator -(Physic::Ball2D*) 0x0800d5bb   Thumb Code     4  physic.o(t._ZN13List_IteratorIN6Physic6Ball2DEEmiEPS1_)
    List_Iterator<Physic::Ball2D>::operator -(Physic::Ball2D&) 0x0800d5bf   Thumb Code    78  physic.o(t._ZN13List_IteratorIN6Physic6Ball2DEEmiERS1_)
    List_Iterator<Physic::Ball2D>::operator +(Physic::Ball2D*) 0x0800d60d   Thumb Code     4  physic.o(t._ZN13List_IteratorIN6Physic6Ball2DEEplEPS1_)
    List_Iterator<Physic::Ball2D>::operator +(Physic::Ball2D&) 0x0800d611   Thumb Code   104  physic.o(t._ZN13List_IteratorIN6Physic6Ball2DEEplERS1_)
    Frame2DManager<short>::Create(b2D)       0x0800d679   Thumb Code    50  main.o(t._ZN14Frame2DManagerIsE6CreateE3b2D)
    Frame2DManager<short>::Frame2DManager()  0x0800d6ab   Thumb Code     2  device.o(t._ZN14Frame2DManagerIsEC1Ev)
    Frame2DManager<short>::Frame2DManager__sub_object() 0x0800d6ab   Thumb Code     0  device.o(t._ZN14Frame2DManagerIsEC1Ev)
    Frame2DManager<short>::operator ()()     0x0800d6ad   Thumb Code     2  main.o(t._ZN14Frame2DManagerIsEclEv)
    Rectangle_Class<Screen>::Draw(b2D, unsigned short) 0x0800d6b1   Thumb Code   158  main.o(t._ZN15Rectangle_ClassI6ScreenE4DrawE3b2Dt)
    Rectangle_Class<Screen>::Init()          0x0800d755   Thumb Code     6  screen.o(t._ZN15Rectangle_ClassI6ScreenE4InitEv)
    Rectangle_Class<Screen>::Rectangle_Class() 0x0800d75b   Thumb Code     2  screen.o(t._ZN15Rectangle_ClassI6ScreenEC1Ev)
    Rectangle_Class<Screen>::Rectangle_Class__sub_object() 0x0800d75b   Thumb Code     0  screen.o(t._ZN15Rectangle_ClassI6ScreenEC1Ev)
    lArray<Physic::Ball2D>::Add(Physic::Ball2D*, unsigned) 0x0800d75d   Thumb Code    14  physic.o(t._ZN6lArrayIN6Physic6Ball2DEE3AddEPS1_j)
    lArray<Physic::Ball2D>::~lArray()        0x0800d76b   Thumb Code    24  physic.o(t._ZN6lArrayIN6Physic6Ball2DEED1Ev)
    lArray<Physic::Ball2D>::~lArray__sub_object() 0x0800d76b   Thumb Code     0  physic.o(t._ZN6lArrayIN6Physic6Ball2DEED1Ev)
    lArray<Physic::Ball2D>::operator ()(unsigned) 0x0800d783   Thumb Code    28  physic.o(t._ZN6lArrayIN6Physic6Ball2DEEclEj)
    lArray<Physic::Ball2D>::operator [](unsigned) 0x0800d79f   Thumb Code     8  physic.o(t._ZN6lArrayIN6Physic6Ball2DEEixEj)
    Frame2D<short>::GetH()                   0x0800d7a7   Thumb Code    14  screen.o(t._ZN7Frame2DIsE4GetHEv)
    Frame2D<short>::GetBuff()                0x0800d7b5   Thumb Code     4  screen.o(t._ZN7Frame2DIsE7GetBuffEv)
    Frame2D<short>::GetRect()                0x0800d7b9   Thumb Code    38  tftili9486.o(t._ZN7Frame2DIsE7GetRectEv)
    Frame2D<short>::operator ()(b2D)         0x0800d7df   Thumb Code    40  main.o(t._ZN7Frame2DIsEclE3b2D)
    Allocator<Screen>::New()                 0x0800d807   Thumb Code     6  screen.o(t._ZN9AllocatorI6ScreenE3NewEv)
    T1* Allocator<Screen>::New<tTexture>(unsigned) 0x0800d80d   Thumb Code     8  screen.o(t._ZN9AllocatorI6ScreenE3NewI8tTextureEEPT_j)
    int Allocator<Screen>::Delete<tTexture>(T1*) 0x0800d815   Thumb Code     6  screen.o(t._ZN9AllocatorI6ScreenE6DeleteI8tTextureEEiPT_)
    int Allocator<Screen>::Delete<Screen>(T1*) 0x0800d81b   Thumb Code     6  screen.o(t._ZN9AllocatorI6ScreenE6DeleteIS0_EEiPT_)
    Allocator<Frame2D<short>>::New(unsigned) 0x0800d821   Thumb Code     8  main.o(t._ZN9AllocatorI7Frame2DIsEE3NewEj)
    Allocator<Physic::Ball2D>::New()         0x0800d829   Thumb Code     6  physic.o(t._ZN9AllocatorIN6Physic6Ball2DEE3NewEv)
    T1* Allocator<Physic::Ball2D>::New<lArray<Physic::Ball2D>>() 0x0800d82f   Thumb Code     6  physic.o(t._ZN9AllocatorIN6Physic6Ball2DEE3NewI6lArrayIS1_EEEPT_v)
    int Allocator<Physic::Ball2D>::Delete<lArray<Physic::Ball2D>>(T1*) 0x0800d835   Thumb Code     6  physic.o(t._ZN9AllocatorIN6Physic6Ball2DEE6DeleteI6lArrayIS1_EEEiPT_)
    int Allocator<Physic::Ball2D>::Delete<Physic::Ball2D*>(T1*) 0x0800d83b   Thumb Code     6  physic.o(t._ZN9AllocatorIN6Physic6Ball2DEE6DeleteIPS1_EEiPT_)
    Allocator<Physic::Ball2D>::NewlArray(unsigned) 0x0800d841   Thumb Code     6  physic.o(t._ZN9AllocatorIN6Physic6Ball2DEE9NewlArrayEj)
    __aeabi_dneg                             0x0800d847   Thumb Code     0  basic.o(x$fpl$basic)
    _dneg                                    0x0800d847   Thumb Code     6  basic.o(x$fpl$basic)
    __aeabi_fneg                             0x0800d84d   Thumb Code     0  basic.o(x$fpl$basic)
    _fneg                                    0x0800d84d   Thumb Code     6  basic.o(x$fpl$basic)
    _dabs                                    0x0800d853   Thumb Code     6  basic.o(x$fpl$basic)
    _fabs                                    0x0800d859   Thumb Code     6  basic.o(x$fpl$basic)
    __aeabi_d2f                              0x0800d861   Thumb Code     0  d2f.o(x$fpl$d2f)
    _d2f                                     0x0800d861   Thumb Code    98  d2f.o(x$fpl$d2f)
    __aeabi_dadd                             0x0800d8c5   Thumb Code     0  daddsub_clz.o(x$fpl$dadd)
    _dadd                                    0x0800d8c5   Thumb Code   332  daddsub_clz.o(x$fpl$dadd)
    __aeabi_ddiv                             0x0800da15   Thumb Code     0  ddiv.o(x$fpl$ddiv)
    _ddiv                                    0x0800da15   Thumb Code   552  ddiv.o(x$fpl$ddiv)
    __aeabi_dmul                             0x0800dcc5   Thumb Code     0  dmul.o(x$fpl$dmul)
    _dmul                                    0x0800dcc5   Thumb Code   332  dmul.o(x$fpl$dmul)
    __fpl_dnaninf                            0x0800de19   Thumb Code   156  dnaninf.o(x$fpl$dnaninf)
    __fpl_dretinf                            0x0800deb5   Thumb Code    12  dretinf.o(x$fpl$dretinf)
    __aeabi_drsub                            0x0800dec1   Thumb Code     0  daddsub_clz.o(x$fpl$drsb)
    _drsb                                    0x0800dec1   Thumb Code    22  daddsub_clz.o(x$fpl$drsb)
    __aeabi_dsub                             0x0800ded9   Thumb Code     0  daddsub_clz.o(x$fpl$dsub)
    _dsub                                    0x0800ded9   Thumb Code   464  daddsub_clz.o(x$fpl$dsub)
    __aeabi_f2d                              0x0800e0ad   Thumb Code     0  f2d.o(x$fpl$f2d)
    _f2d                                     0x0800e0ad   Thumb Code    86  f2d.o(x$fpl$f2d)
    __fpl_fnaninf                            0x0800e103   Thumb Code   140  fnaninf.o(x$fpl$fnaninf)
    _fp_init                                 0x0800e18f   Thumb Code    10  fpinit.o(x$fpl$fpinit)
    __fplib_config_fpu_vfp                   0x0800e197   Thumb Code     0  fpinit.o(x$fpl$fpinit)
    __fplib_config_pureend_doubles           0x0800e197   Thumb Code     0  fpinit.o(x$fpl$fpinit)
    __fpl_fretinf                            0x0800e199   Thumb Code    10  fretinf.o(x$fpl$fretinf)
    __I$use$fp                               0x0800e1a2   Number         0  usenofp.o(x$fpl$usenofp)
    vtable for LcdDriverDef                  0x0801be50   Data          16  device.o(.constdata__ZTV12LcdDriverDef)
    vtable for Physic::Ball2DGroup           0x0801be60   Data          12  main.o(.constdata__ZTVN6Physic11Ball2DGroupE)
    Region$$Table$$Base                      0x0801be6c   Number         0  anon$$obj.o(Region$$Table)
    Region$$Table$$Limit                     0x0801be9c   Number         0  anon$$obj.o(Region$$Table)
    SHT$$INIT_ARRAY$$Base                    0x0801be9c   Number         0  main.o(.init_array)
    SHT$$INIT_ARRAY$$Limit                   0x0801bea4   Number         0  init_aeabi.o(.init_array)
    Texture_Temp0                            0x10000000   Data           4  main.o(.data)
    frame                                    0x10000004   Data           4  main.o(.data)
    screen                                   0x10000008   Data           4  main.o(.data)
    tex0                                     0x1000000c   Data           8  main.o(.data)
    tex1                                     0x10000014   Data           8  main.o(.data)
    LcdSpi                                   0x10000020   Data           1  device.o(.data)
    SystemCoreClock                          0x10000024   Data           4  system_stm32f4xx.o(.data)
    Rectangle_Class<Screen>::Draw(b2D, unsigned short)::r 0x10000038   Data           8  main.o(.data__ZZN15Rectangle_ClassI6ScreenE4DrawE3b2DtE1r)
    tex_case                                 0x10000040   Data          16  main.o(.bss)
    bounce_0                                 0x10000050   Data          44  main.o(.bss)
    bounce_1                                 0x1000007c   Data          44  main.o(.bss)
    bounce_2                                 0x100000a8   Data          44  main.o(.bss)
    bounce_3                                 0x100000d4   Data          44  main.o(.bss)
    bounce_4                                 0x10000100   Data          44  main.o(.bss)
    bounce_5                                 0x1000012c   Data          44  main.o(.bss)
    ball_0                                   0x10000158   Data          56  main.o(.bss)
    BallGr                                   0x10000190   Data          32  main.o(.bss)
    hsram                                    0x100001b0   Data          68  init.o(.bss)
    SRAM_Timing                              0x100001f4   Data          28  init.o(.bss)
    DmaHandle                                0x10000210   Data          80  init.o(.bss)
    DmaHandleGraphic                         0x10000260   Data          80  init.o(.bss)
    SpiHandle                                0x100002b0   Data          88  init.o(.bss)
    TimHandle                                0x10000308   Data          60  init.o(.bss)
    Tim2_Handle                              0x10000344   Data          60  init.o(.bss)
    Heap                                     0x10000394   Data          52  device.o(.bss)
    TFT                                      0x100003c8   Data          16  device.o(.bss)
    FrameManager                             0x100003d8   Data          12  device.o(.bss)
    ScreenMang                               0x100003e4   Data          16  device.o(.bss)
    _random_number_data                      0x100003f4   Data         228  rand.o(.bss)
    __libspace_start                         0x100004d8   Data          96  libspace.o(.bss)
    __temporary_stack_top$libspace           0x10000538   Data           0  libspace.o(.bss)
    Tex0                                     0x20000000   Data       40000  main.o(.bss)
    Tex1                                     0x20009c40   Data       40000  main.o(.bss)



==============================================================================

Memory Map of the image

  Image Entry point : 0x08000189

  Load Region LR_IROM1 (Base: 0x08000000, Size: 0x0001bee4, Max: 0x00080000, ABSOLUTE)

    Execution Region ER_IROM1 (Base: 0x08000000, Size: 0x0001bea4, Max: 0x00080000, ABSOLUTE)

    Base Addr    Size         Type   Attr      Idx    E Section Name        Object

    0x08000000   0x00000188   Data   RO         2019    RESET               startup_stm32f417xx.o
    0x08000188   0x00000008   Code   RO         2071  * !!!main             c_w.l(__main.o)
    0x08000190   0x00000034   Code   RO         2597    !!!scatter          c_w.l(__scatter.o)
    0x080001c4   0x0000001a   Code   RO         2599    !!handler_copy      c_w.l(__scatter_copy.o)
    0x080001de   0x00000002   PAD
    0x080001e0   0x0000001c   Code   RO         2601    !!handler_zi        c_w.l(__scatter_zi.o)
    0x080001fc   0x00000002   Code   RO         2465    .ARM.Collect$$libinit$$00000000  c_w.l(libinit.o)
    0x080001fe   0x00000004   Code   RO         2233    .ARM.Collect$$libinit$$00000001  c_w.l(libinit2.o)
    0x08000202   0x00000000   Code   RO         2236    .ARM.Collect$$libinit$$00000004  c_w.l(libinit2.o)
    0x08000202   0x00000000   Code   RO         2239    .ARM.Collect$$libinit$$0000000A  c_w.l(libinit2.o)
    0x08000202   0x00000000   Code   RO         2241    .ARM.Collect$$libinit$$0000000C  c_w.l(libinit2.o)
    0x08000202   0x00000004   Code   RO         2242    .ARM.Collect$$libinit$$0000000D  c_w.l(libinit2.o)
    0x08000206   0x00000000   Code   RO         2243    .ARM.Collect$$libinit$$0000000E  c_w.l(libinit2.o)
    0x08000206   0x00000000   Code   RO         2246    .ARM.Collect$$libinit$$00000011  c_w.l(libinit2.o)
    0x08000206   0x00000000   Code   RO         2248    .ARM.Collect$$libinit$$00000013  c_w.l(libinit2.o)
    0x08000206   0x00000000   Code   RO         2250    .ARM.Collect$$libinit$$00000015  c_w.l(libinit2.o)
    0x08000206   0x00000000   Code   RO         2252    .ARM.Collect$$libinit$$00000017  c_w.l(libinit2.o)
    0x08000206   0x00000000   Code   RO         2254    .ARM.Collect$$libinit$$00000019  c_w.l(libinit2.o)
    0x08000206   0x00000000   Code   RO         2256    .ARM.Collect$$libinit$$0000001B  c_w.l(libinit2.o)
    0x08000206   0x00000000   Code   RO         2258    .ARM.Collect$$libinit$$0000001D  c_w.l(libinit2.o)
    0x08000206   0x00000000   Code   RO         2260    .ARM.Collect$$libinit$$0000001F  c_w.l(libinit2.o)
    0x08000206   0x00000000   Code   RO         2262    .ARM.Collect$$libinit$$00000021  c_w.l(libinit2.o)
    0x08000206   0x00000000   Code   RO         2264    .ARM.Collect$$libinit$$00000023  c_w.l(libinit2.o)
    0x08000206   0x00000000   Code   RO         2266    .ARM.Collect$$libinit$$00000025  c_w.l(libinit2.o)
    0x08000206   0x00000000   Code   RO         2270    .ARM.Collect$$libinit$$0000002C  c_w.l(libinit2.o)
    0x08000206   0x00000000   Code   RO         2272    .ARM.Collect$$libinit$$0000002E  c_w.l(libinit2.o)
    0x08000206   0x00000000   Code   RO         2274    .ARM.Collect$$libinit$$00000030  c_w.l(libinit2.o)
    0x08000206   0x00000004   Code   RO         2275    .ARM.Collect$$libinit$$00000031  c_w.l(libinit2.o)
    0x0800020a   0x00000000   Code   RO         2276    .ARM.Collect$$libinit$$00000032  c_w.l(libinit2.o)
    0x0800020a   0x00000002   Code   RO         2277    .ARM.Collect$$libinit$$00000033  c_w.l(libinit2.o)
    0x0800020c   0x00000002   Code   RO         2557    .ARM.Collect$$libshutdown$$00000000  c_w.l(libshutdown.o)
    0x0800020e   0x00000000   Code   RO         2568    .ARM.Collect$$libshutdown$$00000003  c_w.l(libshutdown2.o)
    0x0800020e   0x00000000   Code   RO         2571    .ARM.Collect$$libshutdown$$00000006  c_w.l(libshutdown2.o)
    0x0800020e   0x00000000   Code   RO         2574    .ARM.Collect$$libshutdown$$00000009  c_w.l(libshutdown2.o)
    0x0800020e   0x00000000   Code   RO         2576    .ARM.Collect$$libshutdown$$0000000B  c_w.l(libshutdown2.o)
    0x0800020e   0x00000000   Code   RO         2579    .ARM.Collect$$libshutdown$$0000000E  c_w.l(libshutdown2.o)
    0x0800020e   0x00000002   Code   RO         2580    .ARM.Collect$$libshutdown$$0000000F  c_w.l(libshutdown2.o)
    0x08000210   0x00000000   Code   RO         2230    .ARM.Collect$$rtentry$$00000000  c_w.l(__rtentry.o)
    0x08000210   0x00000000   Code   RO         2358    .ARM.Collect$$rtentry$$00000002  c_w.l(__rtentry2.o)
    0x08000210   0x00000006   Code   RO         2370    .ARM.Collect$$rtentry$$00000004  c_w.l(__rtentry4.o)
    0x08000216   0x00000000   Code   RO         2360    .ARM.Collect$$rtentry$$00000009  c_w.l(__rtentry2.o)
    0x08000216   0x00000004   Code   RO         2361    .ARM.Collect$$rtentry$$0000000A  c_w.l(__rtentry2.o)
    0x0800021a   0x00000000   Code   RO         2363    .ARM.Collect$$rtentry$$0000000C  c_w.l(__rtentry2.o)
    0x0800021a   0x00000008   Code   RO         2364    .ARM.Collect$$rtentry$$0000000D  c_w.l(__rtentry2.o)
    0x08000222   0x00000002   Code   RO         2475    .ARM.Collect$$rtexit$$00000000  c_w.l(rtexit.o)
    0x08000224   0x00000000   Code   RO         2526    .ARM.Collect$$rtexit$$00000002  c_w.l(rtexit2.o)
    0x08000224   0x00000004   Code   RO         2527    .ARM.Collect$$rtexit$$00000003  c_w.l(rtexit2.o)
    0x08000228   0x00000006   Code   RO         2528    .ARM.Collect$$rtexit$$00000004  c_w.l(rtexit2.o)
    0x0800022e   0x00000002   PAD
    0x08000230   0x00000034   Code   RO         2062    .emb_text           c_w.l(rand.o)
    0x08000264   0x000002d0   Code   RO            4    .text               main.o
    0x08000534   0x0000016c   Code   RO          650    .text               stm32f4xx_hal.o
    0x080006a0   0x000001fc   Code   RO          739    .text               stm32f4xx_hal_cortex.o
    0x0800089c   0x000046c8   Code   RO          768    .text               stm32f4xx_hal_dma.o
    0x08004f64   0x000003b8   Code   RO          890    .text               stm32f4xx_hal_gpio.o
    0x0800531c   0x000012e8   Code   RO          915    .text               stm32f4xx_hal_spi.o
    0x08006604   0x00000328   Code   RO          940    .text               stm32f4xx_hal_sram.o
    0x0800692c   0x0000216c   Code   RO          965    .text               stm32f4xx_hal_tim.o
    0x08008a98   0x00000b30   Code   RO          990    .text               stm32f4xx_hal_tim_ex.o
    0x080095c8   0x00000374   Code   RO         1033    .text               stm32f4xx_ll_fsmc.o
    0x0800993c   0x00000a20   Code   RO         1058    .text               stm32f4xx_hal_rcc.o
    0x0800a35c   0x00000470   Code   RO         1110    .text               init.o
    0x0800a7cc   0x0000018c   Code   RO         1138    .text               screen.o
    0x0800a958   0x000001ac   Code   RO         1454    .text               terminal_interface.o
    0x0800ab04   0x000000e4   Code   RO         1482    .text               gpio_ex.o
    0x0800abe8   0x00000404   Code   RO         1512    .text               tftili9486.o
    0x0800afec   0x00000078   Code   RO         1555    .text               device.o
    0x0800b064   0x0000002c   Code   RO         1638    .text               stm32f4xx_it.o
    0x0800b090   0x000003ac   Code   RO         1700    .text               geometry.o
    0x0800b43c   0x00000012   Code   RO         1718    .text               locker.o
    0x0800b44e   0x00000048   Code   RO         1733    .text               affine_tf.o
    0x0800b496   0x00000062   Code   RO         1751    .text               dtostr.o
    0x0800b4f8   0x000007fc   Code   RO         1769    .text               physic.o
    0x0800bcf4   0x00000424   Code   RO         1937    .text               memory_alloc.o
    0x0800c118   0x00000040   Code   RO         2020    .text               startup_stm32f417xx.o
    0x0800c158   0x000000e8   Code   RO         2027    .text               system_stm32f4xx.o
    0x0800c240   0x00000008   Code   RO         2060    .text               c_w.l(rt_errno_addr_intlibspace.o)
    0x0800c248   0x0000003c   Code   RO         2063    .text               c_w.l(rand.o)
    0x0800c284   0x0000003e   Code   RO         2067    .text               c_w.l(strlen.o)
    0x0800c2c2   0x00000006   Code   RO         2069    .text               c_w.l(heapauxi.o)
    0x0800c2c8   0x00000024   Code   RO         2076    .text               c_w.l(init_aeabi.o)
    0x0800c2ec   0x00000008   Code   RO         2227    .text               c_w.l(libspace.o)
    0x0800c2f4   0x00000016   Code   RO         2231    .text               c_w.l(_rserrno.o)
    0x0800c30a   0x0000004a   Code   RO         2389    .text               c_w.l(sys_stackheap_outer.o)
    0x0800c354   0x0000000c   Code   RO         2452    .text               c_w.l(exit.o)
    0x0800c360   0x0000000c   Code   RO         2471    .text               c_w.l(sys_exit.o)
    0x0800c36c   0x00000002   Code   RO         2522    .text               c_w.l(use_no_semi.o)
    0x0800c36e   0x00000000   Code   RO         2524    .text               c_w.l(indicate_semi.o)
    0x0800c36e   0x00000030   Code   RO         2334    i.__ARM_fpclassify  m_wm.l(fpclassify.o)
    0x0800c39e   0x00000026   Code   RO         2336    i.__ARM_fpclassifyf  m_wm.l(fpclassifyf.o)
    0x0800c3c4   0x00000004   PAD
    0x0800c3c8   0x000002d8   Code   RO         2189    i.__hardfp_atan     m_wm.l(atan.o)
    0x0800c6a0   0x00000150   Code   RO         2203    i.__hardfp_cosf     m_wm.l(cosf.o)
    0x0800c7f0   0x00000190   Code   RO         2215    i.__hardfp_sinf     m_wm.l(sinf.o)
    0x0800c980   0x000000f8   Code   RO         2352    i.__kernel_poly     m_wm.l(poly.o)
    0x0800ca78   0x00000014   Code   RO         2315    i.__mathlib_dbl_infnan  m_wm.l(dunder.o)
    0x0800ca8c   0x00000004   PAD
    0x0800ca90   0x00000020   Code   RO         2320    i.__mathlib_dbl_underflow  m_wm.l(dunder.o)
    0x0800cab0   0x00000006   Code   RO         2339    i.__mathlib_flt_infnan  m_wm.l(funder.o)
    0x0800cab6   0x00000002   PAD
    0x0800cab8   0x00000010   Code   RO         2341    i.__mathlib_flt_invalid  m_wm.l(funder.o)
    0x0800cac8   0x00000010   Code   RO         2344    i.__mathlib_flt_underflow  m_wm.l(funder.o)
    0x0800cad8   0x00000154   Code   RO         2354    i.__mathlib_rredf2  m_wm.l(rredf.o)
    0x0800cc2c   0x00000018   Code   RO         2330    i.fabs              m_wm.l(fabs.o)
    0x0800cc44   0x0000005e   Code   RO          289    t._ZN10Fill_ClassI6ScreenE4FillEt  main.o
    0x0800cca2   0x00000002   Code   RO         1189    t._ZN10Fill_ClassI6ScreenEC1Ev  screen.o
    0x0800cca4   0x0000003e   Code   RO          229    t._ZN10Line_ClassI6ScreenE12fLeftToRightEjjjth  main.o
    0x0800cce2   0x00000014   Code   RO         1219    t._ZN10Line_ClassI6ScreenE4InitEv  screen.o
    0x0800ccf6   0x00000046   Code   RO          235    t._ZN10Line_ClassI6ScreenE9fBotToTopEjjjth  main.o
    0x0800cd3c   0x00000002   Code   RO         1213    t._ZN10Line_ClassI6ScreenEC1Ev  screen.o
    0x0800cd3e   0x00000024   Code   RO         1183    t._ZN10Screen_ObjI6ScreenEclERS0_  screen.o
    0x0800cd62   0x00000022   Code   RO          265    t._ZN11Print_ClassI6ScreenE11GetCharCodeEc  main.o
    0x0800cd84   0x00000062   Code   RO          271    t._ZN11Print_ClassI6ScreenE4CharE3b2Dct  main.o
    0x0800cde6   0x0000003a   Code   RO         1243    t._ZN11Print_ClassI6ScreenE4InitEv  screen.o
    0x0800ce20   0x0000003a   Code   RO          283    t._ZN11Print_ClassI6ScreenE6StringE6__TEXTt  main.o
    0x0800ce5a   0x000000b8   Code   RO          277    t._ZN11Print_ClassI6ScreenE6StringIcEE3b2DS3_PT_st  main.o
    0x0800cf12   0x0000000c   Code   RO          295    t._ZN11Print_ClassI6ScreenE7UseFontEPK5tFont  main.o
    0x0800cf1e   0x00000002   Code   RO         1237    t._ZN11Print_ClassI6ScreenEC1Ev  screen.o
    0x0800cf20   0x00000174   Code   RO          253    t._ZN12Bitmap_ClassI6ScreenE10DrawScaledIK6tImageEEi3b2DPT_t  main.o
    0x0800d094   0x000000c0   Code   RO          247    t._ZN12Bitmap_ClassI6ScreenE11DrawNoScaleIK6tImageEEi3b2DPT_t  main.o
    0x0800d154   0x00000014   Code   RO          259    t._ZN12Bitmap_ClassI6ScreenE4DrawIK6tImageEEi3b2DPT_t  main.o
    0x0800d168   0x0000001a   Code   RO         1201    t._ZN12Bitmap_ClassI6ScreenE8SetScaleEff  screen.o
    0x0800d182   0x00000002   Code   RO         1195    t._ZN12Bitmap_ClassI6ScreenEC1Ev  screen.o
    0x0800d184   0x00000006   Code   RO          343    t._ZN12Circle_ClassI6ScreenE3SqrEi  main.o
    0x0800d18a   0x00000130   Code   RO          355    t._ZN12Circle_ClassI6ScreenE4DrawE3b2Dft  main.o
    0x0800d2ba   0x00000018   Code   RO          361    t._ZN12Circle_ClassI6ScreenE4DrawEssft  main.o
    0x0800d2d2   0x00000016   Code   RO          349    t._ZN12Circle_ClassI6ScreenE5PixelEjjt  main.o
    0x0800d2e8   0x00000046   Code   RO          337    t._ZN12Circle_ClassI6ScreenE5PointEiiiit  main.o
    0x0800d32e   0x00000002   Code   RO         1207    t._ZN12Circle_ClassI6ScreenEC1Ev  screen.o
    0x0800d330   0x00000018   Code   RO         1970    t._ZN13List_IteratorI11MemoryChunkE3GetEj  memory_alloc.o
    0x0800d348   0x00000020   Code   RO         1994    t._ZN13List_IteratorI11MemoryChunkE6RemoveEPS0_  memory_alloc.o
    0x0800d368   0x00000004   Code   RO         1988    t._ZN13List_IteratorI11MemoryChunkE7ContainEv  memory_alloc.o
    0x0800d36c   0x00000004   Code   RO         1976    t._ZN13List_IteratorI11MemoryChunkE7GetLastEv  memory_alloc.o
    0x0800d370   0x00000004   Code   RO         1982    t._ZN13List_IteratorI11MemoryChunkE8GetFirstEv  memory_alloc.o
    0x0800d374   0x00000002   Code   RO         1581    t._ZN13List_IteratorI11MemoryChunkEC1Ev  device.o
    0x0800d376   0x00000004   Code   RO         1964    t._ZN13List_IteratorI11MemoryChunkEmiEPS0_  memory_alloc.o
    0x0800d37a   0x0000004e   Code   RO         1952    t._ZN13List_IteratorI11MemoryChunkEmiERS0_  memory_alloc.o
    0x0800d3c8   0x00000004   Code   RO         1958    t._ZN13List_IteratorI11MemoryChunkEplEPS0_  memory_alloc.o
    0x0800d3cc   0x00000060   Code   RO         1946    t._ZN13List_IteratorI11MemoryChunkEplERS0_  memory_alloc.o
    0x0800d42c   0x00000018   Code   RO         1279    t._ZN13List_IteratorI6ScreenE3GetEj  screen.o
    0x0800d444   0x00000004   Code   RO         1285    t._ZN13List_IteratorI6ScreenE7ContainEv  screen.o
    0x0800d448   0x00000002   Code   RO         1249    t._ZN13List_IteratorI6ScreenEC1Ev  screen.o
    0x0800d44a   0x00000004   Code   RO         1273    t._ZN13List_IteratorI6ScreenEmiEPS0_  screen.o
    0x0800d44e   0x0000004e   Code   RO         1261    t._ZN13List_IteratorI6ScreenEmiERS0_  screen.o
    0x0800d49c   0x00000004   Code   RO         1267    t._ZN13List_IteratorI6ScreenEplEPS0_  screen.o
    0x0800d4a0   0x00000060   Code   RO         1255    t._ZN13List_IteratorI6ScreenEplERS0_  screen.o
    0x0800d500   0x00000004   Code   RO          313    t._ZN13List_IteratorI7Frame2DIsEEplEPS1_  main.o
    0x0800d504   0x00000060   Code   RO          307    t._ZN13List_IteratorI7Frame2DIsEEplERS1_  main.o
    0x0800d564   0x00000018   Code   RO         1839    t._ZN13List_IteratorIN6Physic6Ball2DEE3GetEj  physic.o
    0x0800d57c   0x00000004   Code   RO         1875    t._ZN13List_IteratorIN6Physic6Ball2DEE5ArrayI6lArrayIS1_EEERS2_PT_j  physic.o
    0x0800d580   0x00000022   Code   RO         1869    t._ZN13List_IteratorIN6Physic6Ball2DEE5ArrayI6lArrayIS1_EEERS2_RT_j  physic.o
    0x0800d5a2   0x00000004   Code   RO         1857    t._ZN13List_IteratorIN6Physic6Ball2DEE7ContainEv  physic.o
    0x0800d5a6   0x0000000e   Code   RO         1851    t._ZN13List_IteratorIN6Physic6Ball2DEE7GetNextEPS1_  physic.o
    0x0800d5b4   0x00000004   Code   RO         1845    t._ZN13List_IteratorIN6Physic6Ball2DEE8GetFirstEv  physic.o
    0x0800d5b8   0x00000002   Code   RO         1809    t._ZN13List_IteratorIN6Physic6Ball2DEEC1Ev  physic.o
    0x0800d5ba   0x00000004   Code   RO         1833    t._ZN13List_IteratorIN6Physic6Ball2DEEmiEPS1_  physic.o
    0x0800d5be   0x0000004e   Code   RO         1821    t._ZN13List_IteratorIN6Physic6Ball2DEEmiERS1_  physic.o
    0x0800d60c   0x00000004   Code   RO         1827    t._ZN13List_IteratorIN6Physic6Ball2DEEplEPS1_  physic.o
    0x0800d610   0x00000068   Code   RO         1815    t._ZN13List_IteratorIN6Physic6Ball2DEEplERS1_  physic.o
    0x0800d678   0x00000032   Code   RO          325    t._ZN14Frame2DManagerIsE6CreateE3b2D  main.o
    0x0800d6aa   0x00000002   Code   RO         1587    t._ZN14Frame2DManagerIsEC1Ev  device.o
    0x0800d6ac   0x00000002   Code   RO          331    t._ZN14Frame2DManagerIsEclEv  main.o
    0x0800d6ae   0x00000002   PAD
    0x0800d6b0   0x000000a4   Code   RO          241    t._ZN15Rectangle_ClassI6ScreenE4DrawE3b2Dt  main.o
    0x0800d754   0x00000006   Code   RO         1231    t._ZN15Rectangle_ClassI6ScreenE4InitEv  screen.o
    0x0800d75a   0x00000002   Code   RO         1225    t._ZN15Rectangle_ClassI6ScreenEC1Ev  screen.o
    0x0800d75c   0x0000000e   Code   RO         1887    t._ZN6lArrayIN6Physic6Ball2DEE3AddEPS1_j  physic.o
    0x0800d76a   0x00000018   Code   RO         1893    t._ZN6lArrayIN6Physic6Ball2DEED1Ev  physic.o
    0x0800d782   0x0000001c   Code   RO         1881    t._ZN6lArrayIN6Physic6Ball2DEEclEj  physic.o
    0x0800d79e   0x00000008   Code   RO         1863    t._ZN6lArrayIN6Physic6Ball2DEEixEj  physic.o
    0x0800d7a6   0x0000000e   Code   RO         1147    t._ZN7Frame2DIsE4GetHEv  screen.o
    0x0800d7b4   0x00000004   Code   RO         1153    t._ZN7Frame2DIsE7GetBuffEv  screen.o
    0x0800d7b8   0x00000026   Code   RO         1532    t._ZN7Frame2DIsE7GetRectEv  tftili9486.o
    0x0800d7de   0x00000028   Code   RO          301    t._ZN7Frame2DIsEclE3b2D  main.o
    0x0800d806   0x00000006   Code   RO         1159    t._ZN9AllocatorI6ScreenE3NewEv  screen.o
    0x0800d80c   0x00000008   Code   RO         1165    t._ZN9AllocatorI6ScreenE3NewI8tTextureEEPT_j  screen.o
    0x0800d814   0x00000006   Code   RO         1171    t._ZN9AllocatorI6ScreenE6DeleteI8tTextureEEiPT_  screen.o
    0x0800d81a   0x00000006   Code   RO         1177    t._ZN9AllocatorI6ScreenE6DeleteIS0_EEiPT_  screen.o
    0x0800d820   0x00000008   Code   RO          319    t._ZN9AllocatorI7Frame2DIsEE3NewEj  main.o
    0x0800d828   0x00000006   Code   RO         1779    t._ZN9AllocatorIN6Physic6Ball2DEE3NewEv  physic.o
    0x0800d82e   0x00000006   Code   RO         1791    t._ZN9AllocatorIN6Physic6Ball2DEE3NewI6lArrayIS1_EEEPT_v  physic.o
    0x0800d834   0x00000006   Code   RO         1803    t._ZN9AllocatorIN6Physic6Ball2DEE6DeleteI6lArrayIS1_EEEiPT_  physic.o
    0x0800d83a   0x00000006   Code   RO         1797    t._ZN9AllocatorIN6Physic6Ball2DEE6DeleteIPS1_EEiPT_  physic.o
    0x0800d840   0x00000006   Code   RO         1785    t._ZN9AllocatorIN6Physic6Ball2DEE9NewlArrayEj  physic.o
    0x0800d846   0x00000018   Code   RO         2291    x$fpl$basic         fz_wm.l(basic.o)
    0x0800d85e   0x00000002   PAD
    0x0800d860   0x00000062   Code   RO         2185    x$fpl$d2f           fz_wm.l(d2f.o)
    0x0800d8c2   0x00000002   PAD
    0x0800d8c4   0x00000150   Code   RO         2293    x$fpl$dadd          fz_wm.l(daddsub_clz.o)
    0x0800da14   0x000002b0   Code   RO         2300    x$fpl$ddiv          fz_wm.l(ddiv.o)
    0x0800dcc4   0x00000154   Code   RO         2303    x$fpl$dmul          fz_wm.l(dmul.o)
    0x0800de18   0x0000009c   Code   RO         2305    x$fpl$dnaninf       fz_wm.l(dnaninf.o)
    0x0800deb4   0x0000000c   Code   RO         2307    x$fpl$dretinf       fz_wm.l(dretinf.o)
    0x0800dec0   0x00000016   Code   RO         2294    x$fpl$drsb          fz_wm.l(daddsub_clz.o)
    0x0800ded6   0x00000002   PAD
    0x0800ded8   0x000001d4   Code   RO         2295    x$fpl$dsub          fz_wm.l(daddsub_clz.o)
    0x0800e0ac   0x00000056   Code   RO         2187    x$fpl$f2d           fz_wm.l(f2d.o)
    0x0800e102   0x0000008c   Code   RO         2309    x$fpl$fnaninf       fz_wm.l(fnaninf.o)
    0x0800e18e   0x0000000a   Code   RO         2387    x$fpl$fpinit        fz_wm.l(fpinit.o)
    0x0800e198   0x0000000a   Code   RO         2311    x$fpl$fretinf       fz_wm.l(fretinf.o)
    0x0800e1a2   0x00000000   Code   RO         2313    x$fpl$usenofp       fz_wm.l(usenofp.o)
    0x0800e1a2   0x00000240   Data   RO            9    .constdata          main.o
    0x0800e3e2   0x00000002   PAD
    0x0800e3e4   0x00000008   Data   RO           10    .constdata          main.o
    0x0800e3ec   0x00000240   Data   RO           11    .constdata          main.o
    0x0800e62c   0x00000008   Data   RO           12    .constdata          main.o
    0x0800e634   0x00000240   Data   RO           13    .constdata          main.o
    0x0800e874   0x00000008   Data   RO           14    .constdata          main.o
    0x0800e87c   0x00000240   Data   RO           15    .constdata          main.o
    0x0800eabc   0x00000008   Data   RO           16    .constdata          main.o
    0x0800eac4   0x00000240   Data   RO           17    .constdata          main.o
    0x0800ed04   0x00000008   Data   RO           18    .constdata          main.o
    0x0800ed0c   0x00000240   Data   RO           19    .constdata          main.o
    0x0800ef4c   0x00000008   Data   RO           20    .constdata          main.o
    0x0800ef54   0x00000240   Data   RO           21    .constdata          main.o
    0x0800f194   0x00000008   Data   RO           22    .constdata          main.o
    0x0800f19c   0x00000240   Data   RO           23    .constdata          main.o
    0x0800f3dc   0x00000008   Data   RO           24    .constdata          main.o
    0x0800f3e4   0x00000240   Data   RO           25    .constdata          main.o
    0x0800f624   0x00000008   Data   RO           26    .constdata          main.o
    0x0800f62c   0x00000240   Data   RO           27    .constdata          main.o
    0x0800f86c   0x00000008   Data   RO           28    .constdata          main.o
    0x0800f874   0x00000240   Data   RO           29    .constdata          main.o
    0x0800fab4   0x00000008   Data   RO           30    .constdata          main.o
    0x0800fabc   0x00000240   Data   RO           31    .constdata          main.o
    0x0800fcfc   0x00000008   Data   RO           32    .constdata          main.o
    0x0800fd04   0x00000240   Data   RO           33    .constdata          main.o
    0x0800ff44   0x00000008   Data   RO           34    .constdata          main.o
    0x0800ff4c   0x00000240   Data   RO           35    .constdata          main.o
    0x0801018c   0x00000008   Data   RO           36    .constdata          main.o
    0x08010194   0x00000240   Data   RO           37    .constdata          main.o
    0x080103d4   0x00000008   Data   RO           38    .constdata          main.o
    0x080103dc   0x00000240   Data   RO           39    .constdata          main.o
    0x0801061c   0x00000008   Data   RO           40    .constdata          main.o
    0x08010624   0x00000240   Data   RO           41    .constdata          main.o
    0x08010864   0x00000008   Data   RO           42    .constdata          main.o
    0x0801086c   0x00000240   Data   RO           43    .constdata          main.o
    0x08010aac   0x00000008   Data   RO           44    .constdata          main.o
    0x08010ab4   0x00000240   Data   RO           45    .constdata          main.o
    0x08010cf4   0x00000008   Data   RO           46    .constdata          main.o
    0x08010cfc   0x00000240   Data   RO           47    .constdata          main.o
    0x08010f3c   0x00000008   Data   RO           48    .constdata          main.o
    0x08010f44   0x00000240   Data   RO           49    .constdata          main.o
    0x08011184   0x00000008   Data   RO           50    .constdata          main.o
    0x0801118c   0x00000240   Data   RO           51    .constdata          main.o
    0x080113cc   0x00000008   Data   RO           52    .constdata          main.o
    0x080113d4   0x00000240   Data   RO           53    .constdata          main.o
    0x08011614   0x00000008   Data   RO           54    .constdata          main.o
    0x0801161c   0x00000240   Data   RO           55    .constdata          main.o
    0x0801185c   0x00000008   Data   RO           56    .constdata          main.o
    0x08011864   0x00000240   Data   RO           57    .constdata          main.o
    0x08011aa4   0x00000008   Data   RO           58    .constdata          main.o
    0x08011aac   0x00000240   Data   RO           59    .constdata          main.o
    0x08011cec   0x00000008   Data   RO           60    .constdata          main.o
    0x08011cf4   0x00000240   Data   RO           61    .constdata          main.o
    0x08011f34   0x00000008   Data   RO           62    .constdata          main.o
    0x08011f3c   0x00000240   Data   RO           63    .constdata          main.o
    0x0801217c   0x00000008   Data   RO           64    .constdata          main.o
    0x08012184   0x00000240   Data   RO           65    .constdata          main.o
    0x080123c4   0x00000008   Data   RO           66    .constdata          main.o
    0x080123cc   0x00000240   Data   RO           67    .constdata          main.o
    0x0801260c   0x00000008   Data   RO           68    .constdata          main.o
    0x08012614   0x00000240   Data   RO           69    .constdata          main.o
    0x08012854   0x00000008   Data   RO           70    .constdata          main.o
    0x0801285c   0x00000240   Data   RO           71    .constdata          main.o
    0x08012a9c   0x00000008   Data   RO           72    .constdata          main.o
    0x08012aa4   0x00000240   Data   RO           73    .constdata          main.o
    0x08012ce4   0x00000008   Data   RO           74    .constdata          main.o
    0x08012cec   0x00000240   Data   RO           75    .constdata          main.o
    0x08012f2c   0x00000008   Data   RO           76    .constdata          main.o
    0x08012f34   0x00000240   Data   RO           77    .constdata          main.o
    0x08013174   0x00000008   Data   RO           78    .constdata          main.o
    0x0801317c   0x00000240   Data   RO           79    .constdata          main.o
    0x080133bc   0x00000008   Data   RO           80    .constdata          main.o
    0x080133c4   0x00000240   Data   RO           81    .constdata          main.o
    0x08013604   0x00000008   Data   RO           82    .constdata          main.o
    0x0801360c   0x00000240   Data   RO           83    .constdata          main.o
    0x0801384c   0x00000008   Data   RO           84    .constdata          main.o
    0x08013854   0x00000240   Data   RO           85    .constdata          main.o
    0x08013a94   0x00000008   Data   RO           86    .constdata          main.o
    0x08013a9c   0x00000240   Data   RO           87    .constdata          main.o
    0x08013cdc   0x00000008   Data   RO           88    .constdata          main.o
    0x08013ce4   0x00000240   Data   RO           89    .constdata          main.o
    0x08013f24   0x00000008   Data   RO           90    .constdata          main.o
    0x08013f2c   0x00000240   Data   RO           91    .constdata          main.o
    0x0801416c   0x00000008   Data   RO           92    .constdata          main.o
    0x08014174   0x00000240   Data   RO           93    .constdata          main.o
    0x080143b4   0x00000008   Data   RO           94    .constdata          main.o
    0x080143bc   0x00000240   Data   RO           95    .constdata          main.o
    0x080145fc   0x00000008   Data   RO           96    .constdata          main.o
    0x08014604   0x00000240   Data   RO           97    .constdata          main.o
    0x08014844   0x00000008   Data   RO           98    .constdata          main.o
    0x0801484c   0x00000240   Data   RO           99    .constdata          main.o
    0x08014a8c   0x00000008   Data   RO          100    .constdata          main.o
    0x08014a94   0x00000240   Data   RO          101    .constdata          main.o
    0x08014cd4   0x00000008   Data   RO          102    .constdata          main.o
    0x08014cdc   0x00000240   Data   RO          103    .constdata          main.o
    0x08014f1c   0x00000008   Data   RO          104    .constdata          main.o
    0x08014f24   0x00000240   Data   RO          105    .constdata          main.o
    0x08015164   0x00000008   Data   RO          106    .constdata          main.o
    0x0801516c   0x00000240   Data   RO          107    .constdata          main.o
    0x080153ac   0x00000008   Data   RO          108    .constdata          main.o
    0x080153b4   0x00000240   Data   RO          109    .constdata          main.o
    0x080155f4   0x00000008   Data   RO          110    .constdata          main.o
    0x080155fc   0x00000240   Data   RO          111    .constdata          main.o
    0x0801583c   0x00000008   Data   RO          112    .constdata          main.o
    0x08015844   0x00000240   Data   RO          113    .constdata          main.o
    0x08015a84   0x00000008   Data   RO          114    .constdata          main.o
    0x08015a8c   0x00000240   Data   RO          115    .constdata          main.o
    0x08015ccc   0x00000008   Data   RO          116    .constdata          main.o
    0x08015cd4   0x00000240   Data   RO          117    .constdata          main.o
    0x08015f14   0x00000008   Data   RO          118    .constdata          main.o
    0x08015f1c   0x00000240   Data   RO          119    .constdata          main.o
    0x0801615c   0x00000008   Data   RO          120    .constdata          main.o
    0x08016164   0x00000240   Data   RO          121    .constdata          main.o
    0x080163a4   0x00000008   Data   RO          122    .constdata          main.o
    0x080163ac   0x00000240   Data   RO          123    .constdata          main.o
    0x080165ec   0x00000008   Data   RO          124    .constdata          main.o
    0x080165f4   0x00000240   Data   RO          125    .constdata          main.o
    0x08016834   0x00000008   Data   RO          126    .constdata          main.o
    0x0801683c   0x00000240   Data   RO          127    .constdata          main.o
    0x08016a7c   0x00000008   Data   RO          128    .constdata          main.o
    0x08016a84   0x00000240   Data   RO          129    .constdata          main.o
    0x08016cc4   0x00000008   Data   RO          130    .constdata          main.o
    0x08016ccc   0x00000240   Data   RO          131    .constdata          main.o
    0x08016f0c   0x00000008   Data   RO          132    .constdata          main.o
    0x08016f14   0x00000240   Data   RO          133    .constdata          main.o
    0x08017154   0x00000008   Data   RO          134    .constdata          main.o
    0x0801715c   0x00000240   Data   RO          135    .constdata          main.o
    0x0801739c   0x00000008   Data   RO          136    .constdata          main.o
    0x080173a4   0x00000240   Data   RO          137    .constdata          main.o
    0x080175e4   0x00000008   Data   RO          138    .constdata          main.o
    0x080175ec   0x00000240   Data   RO          139    .constdata          main.o
    0x0801782c   0x00000008   Data   RO          140    .constdata          main.o
    0x08017834   0x00000240   Data   RO          141    .constdata          main.o
    0x08017a74   0x00000008   Data   RO          142    .constdata          main.o
    0x08017a7c   0x00000240   Data   RO          143    .constdata          main.o
    0x08017cbc   0x00000008   Data   RO          144    .constdata          main.o
    0x08017cc4   0x00000240   Data   RO          145    .constdata          main.o
    0x08017f04   0x00000008   Data   RO          146    .constdata          main.o
    0x08017f0c   0x00000240   Data   RO          147    .constdata          main.o
    0x0801814c   0x00000008   Data   RO          148    .constdata          main.o
    0x08018154   0x00000240   Data   RO          149    .constdata          main.o
    0x08018394   0x00000008   Data   RO          150    .constdata          main.o
    0x0801839c   0x00000240   Data   RO          151    .constdata          main.o
    0x080185dc   0x00000008   Data   RO          152    .constdata          main.o
    0x080185e4   0x00000240   Data   RO          153    .constdata          main.o
    0x08018824   0x00000008   Data   RO          154    .constdata          main.o
    0x0801882c   0x00000240   Data   RO          155    .constdata          main.o
    0x08018a6c   0x00000008   Data   RO          156    .constdata          main.o
    0x08018a74   0x00000240   Data   RO          157    .constdata          main.o
    0x08018cb4   0x00000008   Data   RO          158    .constdata          main.o
    0x08018cbc   0x00000240   Data   RO          159    .constdata          main.o
    0x08018efc   0x00000008   Data   RO          160    .constdata          main.o
    0x08018f04   0x00000240   Data   RO          161    .constdata          main.o
    0x08019144   0x00000008   Data   RO          162    .constdata          main.o
    0x0801914c   0x00000240   Data   RO          163    .constdata          main.o
    0x0801938c   0x00000008   Data   RO          164    .constdata          main.o
    0x08019394   0x00000240   Data   RO          165    .constdata          main.o
    0x080195d4   0x00000008   Data   RO          166    .constdata          main.o
    0x080195dc   0x00000240   Data   RO          167    .constdata          main.o
    0x0801981c   0x00000008   Data   RO          168    .constdata          main.o
    0x08019824   0x00000240   Data   RO          169    .constdata          main.o
    0x08019a64   0x00000008   Data   RO          170    .constdata          main.o
    0x08019a6c   0x00000240   Data   RO          171    .constdata          main.o
    0x08019cac   0x00000008   Data   RO          172    .constdata          main.o
    0x08019cb4   0x00000240   Data   RO          173    .constdata          main.o
    0x08019ef4   0x00000008   Data   RO          174    .constdata          main.o
    0x08019efc   0x00000240   Data   RO          175    .constdata          main.o
    0x0801a13c   0x00000008   Data   RO          176    .constdata          main.o
    0x0801a144   0x00000240   Data   RO          177    .constdata          main.o
    0x0801a384   0x00000008   Data   RO          178    .constdata          main.o
    0x0801a38c   0x00000240   Data   RO          179    .constdata          main.o
    0x0801a5cc   0x00000008   Data   RO          180    .constdata          main.o
    0x0801a5d4   0x00000240   Data   RO          181    .constdata          main.o
    0x0801a814   0x00000008   Data   RO          182    .constdata          main.o
    0x0801a81c   0x00000240   Data   RO          183    .constdata          main.o
    0x0801aa5c   0x00000008   Data   RO          184    .constdata          main.o
    0x0801aa64   0x00000240   Data   RO          185    .constdata          main.o
    0x0801aca4   0x00000008   Data   RO          186    .constdata          main.o
    0x0801acac   0x00000240   Data   RO          187    .constdata          main.o
    0x0801aeec   0x00000008   Data   RO          188    .constdata          main.o
    0x0801aef4   0x00000240   Data   RO          189    .constdata          main.o
    0x0801b134   0x00000008   Data   RO          190    .constdata          main.o
    0x0801b13c   0x00000240   Data   RO          191    .constdata          main.o
    0x0801b37c   0x00000008   Data   RO          192    .constdata          main.o
    0x0801b384   0x00000240   Data   RO          193    .constdata          main.o
    0x0801b5c4   0x00000008   Data   RO          194    .constdata          main.o
    0x0801b5cc   0x00000240   Data   RO          195    .constdata          main.o
    0x0801b80c   0x00000008   Data   RO          196    .constdata          main.o
    0x0801b814   0x00000240   Data   RO          197    .constdata          main.o
    0x0801ba54   0x00000008   Data   RO          198    .constdata          main.o
    0x0801ba5c   0x000002f8   Data   RO          199    .constdata          main.o
    0x0801bd54   0x00000034   Data   RO          200    .constdata          main.o
    0x0801bd88   0x00000010   Data   RO         1060    .constdata          stm32f4xx_hal_rcc.o
    0x0801bd98   0x00000098   Data   RO         2192    .constdata          m_wm.l(atan.o)
    0x0801be30   0x00000020   Data   RO         2355    .constdata          m_wm.l(rredf.o)
    0x0801be50   0x00000010   Data   RO         1580    .constdata__ZTV12LcdDriverDef  device.o
    0x0801be60   0x0000000c   Data   RO          228    .constdata__ZTVN6Physic11Ball2DGroupE  main.o
    0x0801be6c   0x00000030   Data   RO         2595    Region$$Table       anon$$obj.o
    0x0801be9c   0x00000004   Data   RO          206    .init_array         main.o
    0x0801bea0   0x00000004   Data   RO         1559    .init_array         device.o
    0x0801bea4   0x00000000   Data   RO         2074    .init_array         c_w.l(init_aeabi.o)


    Execution Region RW_IRAM2 (Base: 0x10000000, Size: 0x00000b38, Max: 0x00010000, ABSOLUTE)

    Base Addr    Size         Type   Attr      Idx    E Section Name        Object

    0x10000000   0x0000001c   Data   RW          203    .data               main.o
    0x1000001c   0x00000004   Data   RW          652    .data               stm32f4xx_hal.o
    0x10000020   0x00000001   Data   RW         1558    .data               device.o
    0x10000021   0x00000003   PAD
    0x10000024   0x00000014   Data   RW         2029    .data               system_stm32f4xx.o
    0x10000038   0x00000008   Data   RW          368    .data__ZZN15Rectangle_ClassI6ScreenE4DrawE3b2DtE1r  main.o
    0x10000040   0x00000170   Zero   RW            8    .bss                main.o
    0x100001b0   0x000001d0   Zero   RW         1112    .bss                init.o
    0x10000380   0x00000014   Zero   RW         1484    .bss                gpio_ex.o
    0x10000394   0x00000060   Zero   RW         1557    .bss                device.o
    0x100003f4   0x000000e4   Zero   RW         2064    .bss                c_w.l(rand.o)
    0x100004d8   0x00000060   Zero   RW         2228    .bss                c_w.l(libspace.o)
    0x10000538   0x00000200   Zero   RW         2018    HEAP                startup_stm32f417xx.o
    0x10000738   0x00000400   Zero   RW         2017    STACK               startup_stm32f417xx.o


    Execution Region RW_IRAM1 (Base: 0x20000000, Size: 0x00013880, Max: 0x00020000, ABSOLUTE)

    Base Addr    Size         Type   Attr      Idx    E Section Name        Object

    0x20000000   0x00009c40   Zero   RW            6    .bss                main.o
    0x20009c40   0x00009c40   Zero   RW            7    .bss                main.o


==============================================================================

Image component sizes


      Code (inc. data)   RO Data    RW Data    ZI Data      Debug   Object Name

        72          0          0          0          0       3008   affine_tf.o
       124         32         20          1         96      11287   device.o
        98          0          0          0          0        940   dtostr.o
       940          0          0          0          0       8988   geometry.o
       228         10          0          0         20       3773   gpio_ex.o
      1136        100          0          0        464       3959   init.o
         0          0          0          0          0       1232   list.o
        18          0          0          0          0       1344   locker.o
      2706         92      56308         36      80368     310986   main.o
      1310        146          0          0          0      11660   memory_alloc.o
      2424         38          0          0          0      26280   physic.o
       810          6          0          0          0      30632   screen.o
        64         26        392          0       1536        868   startup_stm32f417xx.o
       364         26          0          4          0     382342   stm32f4xx_hal.o
       508         12          0          0          0      31614   stm32f4xx_hal_cortex.o
     18120        912          0          0          0      17286   stm32f4xx_hal_dma.o
       952         20          0          0          0       4151   stm32f4xx_hal_gpio.o
      2592        132         16          0          0       6915   stm32f4xx_hal_rcc.o
      4840         44          0          0          0      14800   stm32f4xx_hal_spi.o
       808          8          0          0          0       6804   stm32f4xx_hal_sram.o
      8556         60          0          0          0      32474   stm32f4xx_hal_tim.o
      2864         22          0          0          0      11930   stm32f4xx_hal_tim_ex.o
        44         10          0          0          0       1648   stm32f4xx_it.o
       884          8          0          0          0       6604   stm32f4xx_ll_fsmc.o
       232         44          0         20          0       1765   system_stm32f4xx.o
       428          0          0          0          0       7484   terminal_interface.o
      1066         16          0          0          0       6663   tftili9486.o

    ----------------------------------------------------------------------
     52190       1764      56786         64      82484     947437   Object Totals
         0          0         48          0          0          0   (incl. Generated)
         2          0          2          3          0          0   (incl. Padding)

    ----------------------------------------------------------------------

      Code (inc. data)   RO Data    RW Data    ZI Data      Debug   Library Member Name

         8          0          0          0          0         68   __main.o
         0          0          0          0          0          0   __rtentry.o
        12          0          0          0          0          0   __rtentry2.o
         6          0          0          0          0          0   __rtentry4.o
        52          8          0          0          0          0   __scatter.o
        26          0          0          0          0          0   __scatter_copy.o
        28          0          0          0          0          0   __scatter_zi.o
        22          0          0          0          0        100   _rserrno.o
        12          0          0          0          0         72   exit.o
         6          0          0          0          0        152   heapauxi.o
         0          0          0          0          0          0   indicate_semi.o
        36         10          0          0          0         80   init_aeabi.o
         2          0          0          0          0          0   libinit.o
        14          0          0          0          0          0   libinit2.o
         2          0          0          0          0          0   libshutdown.o
         2          0          0          0          0          0   libshutdown2.o
         8          4          0          0         96         68   libspace.o
       112         18          0          0        228        160   rand.o
         8          4          0          0          0         68   rt_errno_addr_intlibspace.o
         2          0          0          0          0          0   rtexit.o
        10          0          0          0          0          0   rtexit2.o
        62          0          0          0          0         76   strlen.o
        12          4          0          0          0         68   sys_exit.o
        74          0          0          0          0         80   sys_stackheap_outer.o
         2          0          0          0          0         68   use_no_semi.o
        24          0          0          0          0        164   basic.o
        98          4          0          0          0        140   d2f.o
       826         16          0          0          0        492   daddsub_clz.o
       688        140          0          0          0        256   ddiv.o
       340         12          0          0          0        152   dmul.o
       156          4          0          0          0        140   dnaninf.o
        12          0          0          0          0        116   dretinf.o
        86          4          0          0          0        132   f2d.o
       140          4          0          0          0        132   fnaninf.o
        10          0          0          0          0        116   fpinit.o
        10          0          0          0          0        116   fretinf.o
         0          0          0          0          0          0   usenofp.o
       728        106        152          0          0        228   atan.o
       336         56          0          0          0        136   cosf.o
        52          8          0          0          0        248   dunder.o
        24          0          0          0          0        124   fabs.o
        48          0          0          0          0        124   fpclassify.o
        38          0          0          0          0        116   fpclassifyf.o
        38         12          0          0          0        348   funder.o
       248          0          0          0          0        152   poly.o
       340         24         32          0          0        160   rredf.o
       400         56          0          0          0        212   sinf.o

    ----------------------------------------------------------------------
      5180        494        184          0        324       4864   Library Totals
        20          0          0          0          0          0   (incl. Padding)

    ----------------------------------------------------------------------

      Code (inc. data)   RO Data    RW Data    ZI Data      Debug   Library Name

       518         48          0          0        324       1060   c_w.l
      2390        184          0          0          0       1956   fz_wm.l
      2252        262        184          0          0       1848   m_wm.l

    ----------------------------------------------------------------------
      5180        494        184          0        324       4864   Library Totals

    ----------------------------------------------------------------------

==============================================================================


      Code (inc. data)   RO Data    RW Data    ZI Data      Debug   

     57370       2258      56970         64      82808     934533   Grand Totals
     57370       2258      56970         64      82808     934533   ELF Image Totals
     57370       2258      56970         64          0          0   ROM Totals

==============================================================================

    Total RO  Size (Code + RO Data)               114340 ( 111.66kB)
    Total RW  Size (RW Data + ZI Data)             82872 (  80.93kB)
    Total ROM Size (Code + RO Data + RW Data)     114404 ( 111.72kB)

==============================================================================

