Component: ARM Compiler 5.05 update 1 (build 106) Tool: armlink [4d0efa]

==============================================================================

Section Cross References

    main.o(.text) refers to stm32f4xx_hal.o(.text) for HAL_Init
    main.o(.text) refers to init.o(.text) for SystemClock_Config()
    main.o(.text) refers to memory_alloc.o(.text) for MemoryAllocator::operator ()(void*, unsigned)
    main.o(.text) refers to main.o(t._ZN14Frame2DManagerIsEclEv) for Frame2DManager<short>::operator ()()
    main.o(.text) refers to main.o(t._ZN14Frame2DManagerIsE6CreateE3b2D) for Frame2DManager<short>::Create(b2D)
    main.o(.text) refers to screen.o(.text) for ScreenManager::operator ()()
    main.o(.text) refers to main.o(t._ZN11Print_ClassI6ScreenE7UseFontEPK5tFont) for Print_Class<Screen>::UseFont(const tFont*)
    main.o(.text) refers to tftili9486.o(.text) for LcdDriverDef::Init(unsigned)
    main.o(.text) refers to physic.o(.text) for Physic::Ball2DGroup::operator ()(b2D, float, float)
    main.o(.text) refers to main.o(t._ZN10Fill_ClassI6ScreenE4FillEt) for Fill_Class<Screen>::Fill(unsigned short)
    main.o(.text) refers to main.o(t._ZN12Bitmap_ClassI6ScreenE8SetScaleEff) for Bitmap_Class<Screen>::SetScale(float, float)
    main.o(.text) refers to main.o(t._ZN12Circle_ClassI6ScreenE4DrawEssft) for Circle_Class<Screen>::Draw(short, short, float, unsigned short)
    main.o(.text) refers to aeabi_atexit.o(i.__aeabi_atexit) for __aeabi_atexit
    main.o(.text) refers to device.o(.bss) for Heap
    main.o(.text) refers to main.o(.constdata) for .constdata
    main.o(.text) refers to main.o(.data) for .data
    main.o(.text) refers to main.o(.bss) for .bss
    main.o(.ARM.exidx) refers to main.o(.text) for .text
    main.o(.constdata) refers to main.o(.constdata) for image_data_Image0
    main.o(.constdata) refers to main.o(.constdata) for Font_array
    main.o(.constdata) refers to main.o(.constdata) for image_data_Font_0x20
    main.o(.constdata) refers to main.o(.constdata) for image_data_Font_0x21
    main.o(.constdata) refers to main.o(.constdata) for image_data_Font_0x22
    main.o(.constdata) refers to main.o(.constdata) for image_data_Font_0x23
    main.o(.constdata) refers to main.o(.constdata) for image_data_Font_0x24
    main.o(.constdata) refers to main.o(.constdata) for image_data_Font_0x25
    main.o(.constdata) refers to main.o(.constdata) for image_data_Font_0x26
    main.o(.constdata) refers to main.o(.constdata) for image_data_Font_0x27
    main.o(.constdata) refers to main.o(.constdata) for image_data_Font_0x28
    main.o(.constdata) refers to main.o(.constdata) for image_data_Font_0x29
    main.o(.constdata) refers to main.o(.constdata) for image_data_Font_0x2a
    main.o(.constdata) refers to main.o(.constdata) for image_data_Font_0x2b
    main.o(.constdata) refers to main.o(.constdata) for image_data_Font_0x2c
    main.o(.constdata) refers to main.o(.constdata) for image_data_Font_0x2d
    main.o(.constdata) refers to main.o(.constdata) for image_data_Font_0x2e
    main.o(.constdata) refers to main.o(.constdata) for image_data_Font_0x2f
    main.o(.constdata) refers to main.o(.constdata) for image_data_Font_0x30
    main.o(.constdata) refers to main.o(.constdata) for image_data_Font_0x31
    main.o(.constdata) refers to main.o(.constdata) for image_data_Font_0x32
    main.o(.constdata) refers to main.o(.constdata) for image_data_Font_0x33
    main.o(.constdata) refers to main.o(.constdata) for image_data_Font_0x34
    main.o(.constdata) refers to main.o(.constdata) for image_data_Font_0x35
    main.o(.constdata) refers to main.o(.constdata) for image_data_Font_0x36
    main.o(.constdata) refers to main.o(.constdata) for image_data_Font_0x37
    main.o(.constdata) refers to main.o(.constdata) for image_data_Font_0x38
    main.o(.constdata) refers to main.o(.constdata) for image_data_Font_0x39
    main.o(.constdata) refers to main.o(.constdata) for image_data_Font_0x3a
    main.o(.constdata) refers to main.o(.constdata) for image_data_Font_0x3b
    main.o(.constdata) refers to main.o(.constdata) for image_data_Font_0x3c
    main.o(.constdata) refers to main.o(.constdata) for image_data_Font_0x3d
    main.o(.constdata) refers to main.o(.constdata) for image_data_Font_0x3e
    main.o(.constdata) refers to main.o(.constdata) for image_data_Font_0x3f
    main.o(.constdata) refers to main.o(.constdata) for image_data_Font_0x40
    main.o(.constdata) refers to main.o(.constdata) for image_data_Font_0x41
    main.o(.constdata) refers to main.o(.constdata) for image_data_Font_0x42
    main.o(.constdata) refers to main.o(.constdata) for image_data_Font_0x43
    main.o(.constdata) refers to main.o(.constdata) for image_data_Font_0x44
    main.o(.constdata) refers to main.o(.constdata) for image_data_Font_0x45
    main.o(.constdata) refers to main.o(.constdata) for image_data_Font_0x46
    main.o(.constdata) refers to main.o(.constdata) for image_data_Font_0x47
[...]
    SVC_Handler                              0x0800b123   Thumb Code     2  stm32f4xx_it.o(.text)
    DebugMon_Handler                         0x0800b125   Thumb Code     2  stm32f4xx_it.o(.text)
    PendSV_Handler                           0x0800b127   Thumb Code     2  stm32f4xx_it.o(.text)
    SysTick_Handler                          0x0800b129   Thumb Code     4  stm32f4xx_it.o(.text)
    EXTI0_IRQHandler                         0x0800b12d   Thumb Code     2  stm32f4xx_it.o(.text)
    TIM1_UP_TIM10_IRQHandler                 0x0800b12f   Thumb Code     6  stm32f4xx_it.o(.text)
    TIM2_IRQHandler                          0x0800b135   Thumb Code     6  stm32f4xx_it.o(.text)
    Coordinates::Place(b2D)                  0x0800b145   Thumb Code    18  geometry.o(.text)
    Coordinates::Place(short, short)         0x0800b157   Thumb Code     6  geometry.o(.text)
    Coordinates::Dispose(b2D)                0x0800b15d   Thumb Code    30  geometry.o(.text)
    Coordinates::Dispose(short, short, short, short) 0x0800b17b   Thumb Code    16  geometry.o(.text)
    Coordinates::GetRect()                   0x0800b18b   Thumb Code    38  geometry.o(.text)
    Coordinates::GetxRect()                  0x0800b1b1   Thumb Code    40  geometry.o(.text)
    Coordinates::GetyRect()                  0x0800b1d9   Thumb Code    40  geometry.o(.text)
    Coordinates::GetxyRect()                 0x0800b201   Thumb Code    42  geometry.o(.text)
    Coordinates::GetH()                      0x0800b22b   Thumb Code     6  geometry.o(.text)
    Coordinates::GetW()                      0x0800b231   Thumb Code     6  geometry.o(.text)
    Coordinates::AllignLeft(b2D)             0x0800b237   Thumb Code    12  geometry.o(.text)
    Coordinates::AllignRight(b2D)            0x0800b243   Thumb Code    24  geometry.o(.text)
    Coordinates::AllignTop(b2D)              0x0800b25b   Thumb Code    24  geometry.o(.text)
    Coordinates::AllignBottom(b2D)           0x0800b273   Thumb Code    12  geometry.o(.text)
    Coordinates::Trunc(b2D*, b2D)            0x0800b27f   Thumb Code    72  geometry.o(.text)
    Coordinates::Trunc(b2D*)                 0x0800b2c7   Thumb Code   102  geometry.o(.text)
    Coordinates::TruncLine(short, short, short, short) 0x0800b32d   Thumb Code   128  geometry.o(.text)
    gTest::TestLineIntersect(float, float, float, float, float, float, float, float) 0x0800b3ad   Thumb Code    72  geometry.o(.text)
    gTest::TestBoxBounds(f2D, f2D)           0x0800b3f5   Thumb Code   154  geometry.o(.text)
    gTest::TestPointInBox(f2D, float, float) 0x0800b48f   Thumb Code    98  geometry.o(.text)
    Locker::Locker()                         0x0800b4f1   Thumb Code     2  locker.o(.text)
    Locker::Locker__sub_object()             0x0800b4f1   Thumb Code     0  locker.o(.text)
    Locker::Unlock(unsigned)                 0x0800b4f3   Thumb Code     6  locker.o(.text)
    Locker::Lock(unsigned)                   0x0800b4f9   Thumb Code     6  locker.o(.text)
    Locker::Test()                           0x0800b4ff   Thumb Code     4  locker.o(.text)
    Affine_Body::Affine_Body()               0x0800b503   Thumb Code     2  affine_tf.o(.text)
    Affine_Body::Affine_Body__sub_object()   0x0800b503   Thumb Code     0  affine_tf.o(.text)
    Affine_Body::operator ()()               0x0800b505   Thumb Code     2  affine_tf.o(.text)
    Affine_Body::PointRotateZ(float, float, float, float, float) 0x0800b507   Thumb Code    40  affine_tf.o(.text)
    Affine_Body::PointRotateZ(f2D, float)    0x0800b52f   Thumb Code    28  affine_tf.o(.text)
    STR::itoa(int, char*, unsigned)          0x0800b56f   Thumb Code    62  dtostr.o(.text)
    Physic::Bounce::Bounce()                 0x0800b5b1   Thumb Code     2  physic.o(.text)
    Physic::Bounce::Bounce__sub_object()     0x0800b5b1   Thumb Code     0  physic.o(.text)
    Physic::Bounce::operator ()(float, float, float, float, float) 0x0800b5b3   Thumb Code    62  physic.o(.text)
    Physic::Bounce::Step()                   0x0800b5f1   Thumb Code   200  physic.o(.text)
    Physic::Bounce::Step(float)              0x0800b6b9   Thumb Code     6  physic.o(.text)
    Physic::Ball2D::Ball2D()                 0x0800b6bf   Thumb Code     2  physic.o(.text)
    Physic::Ball2D::Ball2D__sub_object()     0x0800b6bf   Thumb Code     0  physic.o(.text)
    Physic::Ball2D::Dir(float)               0x0800b6c1   Thumb Code    54  physic.o(.text)
    Physic::Ball2D::operator ()(float, float, float) 0x0800b6f7   Thumb Code    50  physic.o(.text)
    Physic::Ball2D::Test(b2D, float&)        0x0800b729   Thumb Code   184  physic.o(.text)
    Physic::Ball2D::Step(b2D)                0x0800b7e1   Thumb Code   142  physic.o(.text)
    Physic::Ball2D::Step()                   0x0800b86f   Thumb Code    38  physic.o(.text)
    Physic::Ball2D::Test(float, float, float, float) 0x0800b895   Thumb Code   212  physic.o(.text)
    Physic::Ball2D::Dir(float, float)        0x0800b969   Thumb Code    30  physic.o(.text)
    Physic::Ball2D::Test(Physic::Ball2D&)    0x0800b987   Thumb Code   324  physic.o(.text)
    Physic::Ball2D::SwapP(Physic::Ball2D&)   0x0800bacb   Thumb Code   144  physic.o(.text)
    Physic::Ball2DGroup::Ball2DGroup()       0x0800bb5b   Thumb Code    16  physic.o(.text)
    Physic::Ball2DGroup::Ball2DGroup__sub_object() 0x0800bb5b   Thumb Code     0  physic.o(.text)
    Physic::Ball2DGroup::operator ()(b2D, float, float) 0x0800bb6b   Thumb Code    26  physic.o(.text)
    Physic::Ball2DGroup::Step()              0x0800bb85   Thumb Code   236  physic.o(.text)
    Physic::Ball2DGroup::Add(unsigned)       0x0800bc71   Thumb Code   114  physic.o(.text)
    Physic::Ball2DGroup::Add(float, float, float) 0x0800bce3   Thumb Code    86  physic.o(.text)
    Physic::Ball2DGroup::Remove(unsigned)    0x0800bd39   Thumb Code     2  physic.o(.text)
    Physic::Ball2DGroup::Draw()              0x0800bd3b   Thumb Code   102  physic.o(.text)
    Physic::StarDust::StarDust()             0x0800bda1   Thumb Code    10  physic.o(.text)
    Physic::StarDust::StarDust__sub_object() 0x0800bda1   Thumb Code     0  physic.o(.text)
    Physic::StarDust::~StarDust()            0x0800bdab   Thumb Code    20  physic.o(.text)
    Physic::StarDust::~StarDust__sub_object() 0x0800bdab   Thumb Code     0  physic.o(.text)
    Physic::StarDust::operator ()()          0x0800bdbf   Thumb Code    32  physic.o(.text)
    Physic::StarDust::SetUp(Physic::DustPart*, unsigned) 0x0800bddf   Thumb Code   110  physic.o(.text)
    Physic::StarDust::SetUp(Physic::DustPart*, const tImage&, unsigned) 0x0800be4d   Thumb Code   388  physic.o(.text)
    Physic::StarDust::Add(float)             0x0800bfd1   Thumb Code   104  physic.o(.text)
    Physic::StarDust::Add(unsigned)          0x0800c039   Thumb Code     2  physic.o(.text)
    Physic::StarDust::Remove(unsigned)       0x0800c03b   Thumb Code     2  physic.o(.text)
    Physic::StarDust::Test(Physic::DustPart&, Physic::DustPart&) 0x0800c03d   Thumb Code   152  physic.o(.text)
    Physic::StarDust::Step(b2D)              0x0800c0d5   Thumb Code   326  physic.o(.text)
    Physic::StarDust::Draw()                 0x0800c21b   Thumb Code    92  physic.o(.text)
    Physic::StarDust::TestAround(Physic::DustPart&) 0x0800c277   Thumb Code   260  physic.o(.text)
    MemoryAllocator::Separate(MemoryChunk*, unsigned) 0x0800c381   Thumb Code    16  memory_alloc.o(.text)
    MemoryAllocator::New(unsigned)           0x0800c391   Thumb Code   156  memory_alloc.o(.text)
    MemoryAllocator::operator ()(void*, unsigned) 0x0800c42d   Thumb Code    64  memory_alloc.o(.text)
    MemoryAllocator::Sanitize(List_Iterator<MemoryChunk>&) 0x0800c46d   Thumb Code   142  memory_alloc.o(.text)
    MemoryAllocator::Delete(void*)           0x0800c4fb   Thumb Code   126  memory_alloc.o(.text)
    MemoryAllocator::Check()                 0x0800c579   Thumb Code     4  memory_alloc.o(.text)
    MemoryAllocator::PrintTable()            0x0800c57d   Thumb Code   406  memory_alloc.o(.text)
    Reset_Handler                            0x0800c7a5   Thumb Code     8  startup_stm32f417xx.o(.text)
    ADC_IRQHandler                           0x0800c7bf   Thumb Code     0  startup_stm32f417xx.o(.text)
    CAN1_RX0_IRQHandler                      0x0800c7bf   Thumb Code     0  startup_stm32f417xx.o(.text)
    CAN1_RX1_IRQHandler                      0x0800c7bf   Thumb Code     0  startup_stm32f417xx.o(.text)
    CAN1_SCE_IRQHandler                      0x0800c7bf   Thumb Code     0  startup_stm32f417xx.o(.text)
    CAN1_TX_IRQHandler                       0x0800c7bf   Thumb Code     0  startup_stm32f417xx.o(.text)
    CAN2_RX0_IRQHandler                      0x0800c7bf   Thumb Code     0  startup_stm32f417xx.o(.text)
    CAN2_RX1_IRQHandler                      0x0800c7bf   Thumb Code     0  startup_stm32f417xx.o(.text)
    CAN2_SCE_IRQHandler                      0x0800c7bf   Thumb Code     0  startup_stm32f417xx.o(.text)
    CAN2_TX_IRQHandler                       0x0800c7bf   Thumb Code     0  startup_stm32f417xx.o(.text)
    CRYP_IRQHandler                          0x0800c7bf   Thumb Code     0  startup_stm32f417xx.o(.text)
    DCMI_IRQHandler                          0x0800c7bf   Thumb Code     0  startup_stm32f417xx.o(.text)
    DMA1_Stream0_IRQHandler                  0x0800c7bf   Thumb Code     0  startup_stm32f417xx.o(.text)
    DMA1_Stream1_IRQHandler                  0x0800c7bf   Thumb Code     0  startup_stm32f417xx.o(.text)
    DMA1_Stream2_IRQHandler                  0x0800c7bf   Thumb Code     0  startup_stm32f417xx.o(.text)
    DMA1_Stream3_IRQHandler                  0x0800c7bf   Thumb Code     0  startup_stm32f417xx.o(.text)
    DMA1_Stream4_IRQHandler                  0x0800c7bf   Thumb Code     0  startup_stm32f417xx.o(.text)
    DMA1_Stream5_IRQHandler                  0x0800c7bf   Thumb Code     0  startup_stm32f417xx.o(.text)
    DMA1_Stream6_IRQHandler                  0x0800c7bf   Thumb Code     0  startup_stm32f417xx.o(.text)
    DMA1_Stream7_IRQHandler                  0x0800c7bf   Thumb Code     0  startup_stm32f417xx.o(.text)
    DMA2_Stream0_IRQHandler                  0x0800c7bf   Thumb Code     0  startup_stm32f417xx.o(.text)
    DMA2_Stream1_IRQHandler                  0x0800c7bf   Thumb Code     0  startup_stm32f417xx.o(.text)
    DMA2_Stream2_IRQHandler                  0x0800c7bf   Thumb Code     0  startup_stm32f417xx.o(.text)
    DMA2_Stream3_IRQHandler                  0x0800c7bf   Thumb Code     0  startup_stm32f417xx.o(.text)
    DMA2_Stream4_IRQHandler                  0x0800c7bf   Thumb Code     0  startup_stm32f417xx.o(.text)
    DMA2_Stream5_IRQHandler                  0x0800c7bf   Thumb Code     0  startup_stm32f417xx.o(.text)
    DMA2_Stream6_IRQHandler                  0x0800c7bf   Thumb Code     0  startup_stm32f417xx.o(.text)
    DMA2_Stream7_IRQHandler                  0x0800c7bf   Thumb Code     0  startup_stm32f417xx.o(.text)
    ETH_IRQHandler                           0x0800c7bf   Thumb Code     0  startup_stm32f417xx.o(.text)
    ETH_WKUP_IRQHandler                      0x0800c7bf   Thumb Code     0  startup_stm32f417xx.o(.text)
    EXTI15_10_IRQHandler                     0x0800c7bf   Thumb Code     0  startup_stm32f417xx.o(.text)
    EXTI1_IRQHandler                         0x0800c7bf   Thumb Code     0  startup_stm32f417xx.o(.text)
    EXTI2_IRQHandler                         0x0800c7bf   Thumb Code     0  startup_stm32f417xx.o(.text)
    EXTI3_IRQHandler                         0x0800c7bf   Thumb Code     0  startup_stm32f417xx.o(.text)
    EXTI4_IRQHandler                         0x0800c7bf   Thumb Code     0  startup_stm32f417xx.o(.text)
    EXTI9_5_IRQHandler                       0x0800c7bf   Thumb Code     0  startup_stm32f417xx.o(.text)
    FLASH_IRQHandler                         0x0800c7bf   Thumb Code     0  startup_stm32f417xx.o(.text)
    FMC_IRQHandler                           0x0800c7bf   Thumb Code     0  startup_stm32f417xx.o(.text)
    FPU_IRQHandler                           0x0800c7bf   Thumb Code     0  startup_stm32f417xx.o(.text)
    HASH_RNG_IRQHandler                      0x0800c7bf   Thumb Code     0  startup_stm32f417xx.o(.text)
    I2C1_ER_IRQHandler                       0x0800c7bf   Thumb Code     0  startup_stm32f417xx.o(.text)
    I2C1_EV_IRQHandler                       0x0800c7bf   Thumb Code     0  startup_stm32f417xx.o(.text)
    I2C2_ER_IRQHandler                       0x0800c7bf   Thumb Code     0  startup_stm32f417xx.o(.text)
    I2C2_EV_IRQHandler                       0x0800c7bf   Thumb Code     0  startup_stm32f417xx.o(.text)
    I2C3_ER_IRQHandler                       0x0800c7bf   Thumb Code     0  startup_stm32f417xx.o(.text)
    I2C3_EV_IRQHandler                       0x0800c7bf   Thumb Code     0  startup_stm32f417xx.o(.text)
    OTG_FS_IRQHandler                        0x0800c7bf   Thumb Code     0  startup_stm32f417xx.o(.text)
    OTG_FS_WKUP_IRQHandler                   0x0800c7bf   Thumb Code     0  startup_stm32f417xx.o(.text)
    OTG_HS_EP1_IN_IRQHandler                 0x0800c7bf   Thumb Code     0  startup_stm32f417xx.o(.text)
    OTG_HS_EP1_OUT_IRQHandler                0x0800c7bf   Thumb Code     0  startup_stm32f417xx.o(.text)
    OTG_HS_IRQHandler                        0x0800c7bf   Thumb Code     0  startup_stm32f417xx.o(.text)
    OTG_HS_WKUP_IRQHandler                   0x0800c7bf   Thumb Code     0  startup_stm32f417xx.o(.text)
    PVD_IRQHandler                           0x0800c7bf   Thumb Code     0  startup_stm32f417xx.o(.text)
    RCC_IRQHandler                           0x0800c7bf   Thumb Code     0  startup_stm32f417xx.o(.text)
    RTC_Alarm_IRQHandler                     0x0800c7bf   Thumb Code     0  startup_stm32f417xx.o(.text)
    RTC_WKUP_IRQHandler                      0x0800c7bf   Thumb Code     0  startup_stm32f417xx.o(.text)
    SDIO_IRQHandler                          0x0800c7bf   Thumb Code     0  startup_stm32f417xx.o(.text)
    SPI1_IRQHandler                          0x0800c7bf   Thumb Code     0  startup_stm32f417xx.o(.text)
    SPI2_IRQHandler                          0x0800c7bf   Thumb Code     0  startup_stm32f417xx.o(.text)
    SPI3_IRQHandler                          0x0800c7bf   Thumb Code     0  startup_stm32f417xx.o(.text)
    TAMP_STAMP_IRQHandler                    0x0800c7bf   Thumb Code     0  startup_stm32f417xx.o(.text)
    TIM1_BRK_TIM9_IRQHandler                 0x0800c7bf   Thumb Code     0  startup_stm32f417xx.o(.text)
    TIM1_CC_IRQHandler                       0x0800c7bf   Thumb Code     0  startup_stm32f417xx.o(.text)
    TIM1_TRG_COM_TIM11_IRQHandler            0x0800c7bf   Thumb Code     0  startup_stm32f417xx.o(.text)
    TIM3_IRQHandler                          0x0800c7bf   Thumb Code     0  startup_stm32f417xx.o(.text)
    TIM4_IRQHandler                          0x0800c7bf   Thumb Code     0  startup_stm32f417xx.o(.text)
    TIM5_IRQHandler                          0x0800c7bf   Thumb Code     0  startup_stm32f417xx.o(.text)
    TIM6_DAC_IRQHandler                      0x0800c7bf   Thumb Code     0  startup_stm32f417xx.o(.text)
    TIM7_IRQHandler                          0x0800c7bf   Thumb Code     0  startup_stm32f417xx.o(.text)
    TIM8_BRK_TIM12_IRQHandler                0x0800c7bf   Thumb Code     0  startup_stm32f417xx.o(.text)
    TIM8_CC_IRQHandler                       0x0800c7bf   Thumb Code     0  startup_stm32f417xx.o(.text)
    TIM8_TRG_COM_TIM14_IRQHandler            0x0800c7bf   Thumb Code     0  startup_stm32f417xx.o(.text)
    TIM8_UP_TIM13_IRQHandler                 0x0800c7bf   Thumb Code     0  startup_stm32f417xx.o(.text)
    UART4_IRQHandler                         0x0800c7bf   Thumb Code     0  startup_stm32f417xx.o(.text)
    UART5_IRQHandler                         0x0800c7bf   Thumb Code     0  startup_stm32f417xx.o(.text)
    USART1_IRQHandler                        0x0800c7bf   Thumb Code     0  startup_stm32f417xx.o(.text)
    USART2_IRQHandler                        0x0800c7bf   Thumb Code     0  startup_stm32f417xx.o(.text)
    USART3_IRQHandler                        0x0800c7bf   Thumb Code     0  startup_stm32f417xx.o(.text)
    USART6_IRQHandler                        0x0800c7bf   Thumb Code     0  startup_stm32f417xx.o(.text)
    WWDG_IRQHandler                          0x0800c7bf   Thumb Code     0  startup_stm32f417xx.o(.text)
    __user_initial_stackheap                 0x0800c7c1   Thumb Code     0  startup_stm32f417xx.o(.text)
    SystemInit                               0x0800c7e5   Thumb Code    64  system_stm32f4xx.o(.text)
    SystemCoreClockUpdate                    0x0800c825   Thumb Code   124  system_stm32f4xx.o(.text)
    __aeabi_errno_addr                       0x0800c8cd   Thumb Code     8  rt_errno_addr_intlibspace.o(.text)
    __errno$intlibspace                      0x0800c8cd   Thumb Code     0  rt_errno_addr_intlibspace.o(.text)
    __rt_errno_addr$intlibspace              0x0800c8cd   Thumb Code     0  rt_errno_addr_intlibspace.o(.text)
    srand                                    0x0800c8d5   Thumb Code    42  rand.o(.text)
    _rand_init                               0x0800c8ff   Thumb Code     4  rand.o(.text)
    strlen                                   0x0800c911   Thumb Code    62  strlen.o(.text)
    __aeabi_memcpy4                          0x0800c94f   Thumb Code     0  rt_memcpy_w.o(.text)
    __aeabi_memcpy8                          0x0800c94f   Thumb Code     0  rt_memcpy_w.o(.text)
    __rt_memcpy_w                            0x0800c94f   Thumb Code   100  rt_memcpy_w.o(.text)
    _memcpy_lastbytes_aligned                0x0800c997   Thumb Code     0  rt_memcpy_w.o(.text)
    __use_two_region_memory                  0x0800c9b3   Thumb Code     2  heapauxi.o(.text)
    __rt_heap_escrow                         0x0800c9b5   Thumb Code     2  heapauxi.o(.text)
    __rt_heap_expand                         0x0800c9b7   Thumb Code     2  heapauxi.o(.text)
    __cpp_initialize__aeabi_                 0x0800c9b9   Thumb Code    26  init_aeabi.o(.text)
    __aeabi_vec_dtor                         0x0800c9dd   Thumb Code    34  aeabi_vec_dtor_noexceptions.o(.text)
    __user_libspace                          0x0800ca01   Thumb Code     8  libspace.o(.text)
    __user_perproc_libspace                  0x0800ca01   Thumb Code     0  libspace.o(.text)
    __user_perthread_libspace                0x0800ca01   Thumb Code     0  libspace.o(.text)
    __rt_ddtor_pointer_addr                  0x0800ca09   Thumb Code     8  rt_ddtor_pointer_addr_intlibspace.o(.text)
    malloc                                   0x0800ca11   Thumb Code    94  h1_alloc.o(.text)
    __read_errno                             0x0800ca6f   Thumb Code    10  _rserrno.o(.text)
    __set_errno                              0x0800ca79   Thumb Code    12  _rserrno.o(.text)
    __rt_heap_descriptor                     0x0800ca85   Thumb Code     8  rt_heap_descriptor_intlibspace.o(.text)
    __use_no_heap                            0x0800ca8d   Thumb Code     2  hguard.o(.text)
    __heap$guard                             0x0800ca8f   Thumb Code     2  hguard.o(.text)
    _terminate_user_alloc                    0x0800ca91   Thumb Code     2  init_alloc.o(.text)
    _init_user_alloc                         0x0800ca93   Thumb Code     2  init_alloc.o(.text)
    __Heap_Full                              0x0800ca95   Thumb Code    34  init_alloc.o(.text)
    __Heap_Broken                            0x0800cab7   Thumb Code     6  init_alloc.o(.text)
    _init_alloc                              0x0800cabd   Thumb Code    94  init_alloc.o(.text)
    __Heap_Initialize                        0x0800cb1b   Thumb Code    10  h1_init.o(.text)
    __Heap_DescSize                          0x0800cb25   Thumb Code     4  h1_init.o(.text)
    free                                     0x0800cb29   Thumb Code    78  h1_free.o(.text)
    __user_setup_stackheap                   0x0800cb77   Thumb Code    74  sys_stackheap_outer.o(.text)
    __Heap_ProvideMemory                     0x0800cbc1   Thumb Code    52  h1_extend.o(.text)
    exit                                     0x0800cbf5   Thumb Code    12  exit.o(.text)
    __rt_SIGRTMEM                            0x0800cc01   Thumb Code    14  defsig_rtmem_outer.o(.text)
    _sys_exit                                0x0800cc11   Thumb Code     8  sys_exit.o(.text)
    __I$use$semihosting                      0x0800cc1d   Thumb Code     0  use_no_semi.o(.text)
    __use_no_semihosting_swi                 0x0800cc1d   Thumb Code     2  use_no_semi.o(.text)
    __semihosting_library_function           0x0800cc1f   Thumb Code     0  indicate_semi.o(.text)
    __sig_exit                               0x0800cc1f   Thumb Code    10  defsig_exit.o(.text)
    __rt_SIGRTMEM_inner                      0x0800cc29   Thumb Code    22  defsig_rtmem_inner.o(.text)
    __default_signal_display                 0x0800cc79   Thumb Code    50  defsig_general.o(.text)
    _ttywrch                                 0x0800ccab   Thumb Code    14  sys_wrch.o(.text)
    ScreenManager::~ScreenManager()          0x0800ccb9   Thumb Code    12  device.o(i._ZN13ScreenManagerD1Ev)
    ScreenManager::~ScreenManager__sub_object() 0x0800ccb9   Thumb Code     0  device.o(i._ZN13ScreenManagerD1Ev)
    storage::Map<(int)2, Physic::DustPart, float>::~Map() 0x0800ccc5   Thumb Code    20  physic.o(i._ZN7storage3MapILi2EN6Physic8DustPartEfED1Ev)
    storage::Map<(int)2, Physic::DustPart, float>::~Map__sub_object() 0x0800ccc5   Thumb Code     0  physic.o(i._ZN7storage3MapILi2EN6Physic8DustPartEfED1Ev)
    __ARM_fpclassify                         0x0800ccdd   Thumb Code    48  fpclassify.o(i.__ARM_fpclassify)
    __ARM_fpclassifyf                        0x0800cd0d   Thumb Code    38  fpclassifyf.o(i.__ARM_fpclassifyf)
    __aeabi_atexit                           0x0800cd33   Thumb Code    50  aeabi_atexit.o(i.__aeabi_atexit)
    __aeabi_vec_ctor_nocookie_nodtor         0x0800cd65   Thumb Code    36  aeabi_vec_ctor_nocookie_nodtor.o(i.__aeabi_vec_ctor_nocookie_nodtor)
    __cxa_finalize                           0x0800cd89   Thumb Code    66  cxa_finalize.o(i.__cxa_finalize)
    __hardfp_atan                            0x0800cdd1   Thumb Code   622  atan.o(i.__hardfp_atan)
    __hardfp_cosf                            0x0800d0a9   Thumb Code   280  cosf.o(i.__hardfp_cosf)
    __hardfp_sinf                            0x0800d1f9   Thumb Code   344  sinf.o(i.__hardfp_sinf)
    __kernel_poly                            0x0800d389   Thumb Code   248  poly.o(i.__kernel_poly)
    __mathlib_dbl_infnan                     0x0800d481   Thumb Code    20  dunder.o(i.__mathlib_dbl_infnan)
    __mathlib_dbl_underflow                  0x0800d499   Thumb Code    24  dunder.o(i.__mathlib_dbl_underflow)
    __mathlib_flt_infnan                     0x0800d4b9   Thumb Code     6  funder.o(i.__mathlib_flt_infnan)
    __mathlib_flt_invalid                    0x0800d4c1   Thumb Code    10  funder.o(i.__mathlib_flt_invalid)
    __mathlib_flt_underflow                  0x0800d4d1   Thumb Code    10  funder.o(i.__mathlib_flt_underflow)
    __mathlib_rredf2                         0x0800d4e1   Thumb Code   316  rredf.o(i.__mathlib_rredf2)
    fabs                                     0x0800d635   Thumb Code    24  fabs.o(i.fabs)
    Fill_Class<Screen>::Fill(unsigned short) 0x0800d64d   Thumb Code    94  main.o(t._ZN10Fill_ClassI6ScreenE4FillEt)
    Fill_Class<Screen>::Fill_Class()         0x0800d6ab   Thumb Code     2  screen.o(t._ZN10Fill_ClassI6ScreenEC1Ev)
    Fill_Class<Screen>::Fill_Class__sub_object() 0x0800d6ab   Thumb Code     0  screen.o(t._ZN10Fill_ClassI6ScreenEC1Ev)
    Line_Class<Screen>::Init()               0x0800d6ad   Thumb Code    20  screen.o(t._ZN10Line_ClassI6ScreenE4InitEv)
    Line_Class<Screen>::Line_Class()         0x0800d6c1   Thumb Code     2  screen.o(t._ZN10Line_ClassI6ScreenEC1Ev)
    Line_Class<Screen>::Line_Class__sub_object() 0x0800d6c1   Thumb Code     0  screen.o(t._ZN10Line_ClassI6ScreenEC1Ev)
    List_Order<Screen, unsigned char>::List_Order() 0x0800d6c3   Thumb Code     4  screen.o(t._ZN10List_OrderI6ScreenhEC1Ev)
    List_Order<Screen, unsigned char>::List_Order__sub_object() 0x0800d6c3   Thumb Code     0  screen.o(t._ZN10List_OrderI6ScreenhEC1Ev)
    List_Order<Screen, unsigned char>::~List_Order() 0x0800d6c7   Thumb Code     2  device.o(t._ZN10List_OrderI6ScreenhED1Ev)
    List_Order<Screen, unsigned char>::~List_Order__sub_object() 0x0800d6c7   Thumb Code     0  device.o(t._ZN10List_OrderI6ScreenhED1Ev)
    List_Order<Screen, unsigned char>::operator +(Screen*) 0x0800d6c9   Thumb Code     4  screen.o(t._ZN10List_OrderI6ScreenhEplEPS0_)
    List_Order<Screen, unsigned char>::operator +(Screen&) 0x0800d6cd   Thumb Code    32  screen.o(t._ZN10List_OrderI6ScreenhEplERS0_)
    List_Order<Physic::DustPart, float>::Begin() 0x0800d6ed   Thumb Code     4  physic.o(t._ZN10List_OrderIN6Physic8DustPartEfE5BeginEv)
    List_Order<Physic::DustPart, float>::List_Order() 0x0800d6f1   Thumb Code     4  physic.o(t._ZN10List_OrderIN6Physic8DustPartEfEC1Ev)
    List_Order<Physic::DustPart, float>::List_Order__sub_object() 0x0800d6f1   Thumb Code     0  physic.o(t._ZN10List_OrderIN6Physic8DustPartEfEC1Ev)
    List_Order<Physic::DustPart, float>::~List_Order() 0x0800d6f5   Thumb Code     2  physic.o(t._ZN10List_OrderIN6Physic8DustPartEfED1Ev)
    List_Order<Physic::DustPart, float>::~List_Order__sub_object() 0x0800d6f5   Thumb Code     0  physic.o(t._ZN10List_OrderIN6Physic8DustPartEfED1Ev)
    List_Order<Physic::DustPart, float>::operator +(Physic::DustPart&) 0x0800d6f7   Thumb Code    32  physic.o(t._ZN10List_OrderIN6Physic8DustPartEfEplERS1_)
    Screen_Obj<Screen>::operator ()(Screen&) 0x0800d717   Thumb Code    36  screen.o(t._ZN10Screen_ObjI6ScreenEclERS0_)
    Print_Class<Screen>::Init()              0x0800d73b   Thumb Code    58  screen.o(t._ZN11Print_ClassI6ScreenE4InitEv)
    Print_Class<Screen>::UseFont(const tFont*) 0x0800d775   Thumb Code    12  main.o(t._ZN11Print_ClassI6ScreenE7UseFontEPK5tFont)
    Print_Class<Screen>::Print_Class()       0x0800d781   Thumb Code     2  screen.o(t._ZN11Print_ClassI6ScreenEC1Ev)
    Print_Class<Screen>::Print_Class__sub_object() 0x0800d781   Thumb Code     0  screen.o(t._ZN11Print_ClassI6ScreenEC1Ev)
    Bitmap_Class<Screen>::SetScale(float, float) 0x0800d783   Thumb Code    26  main.o(t._ZN12Bitmap_ClassI6ScreenE8SetScaleEff)
    Bitmap_Class<Screen>::Bitmap_Class()     0x0800d79d   Thumb Code     2  screen.o(t._ZN12Bitmap_ClassI6ScreenEC1Ev)
    Bitmap_Class<Screen>::Bitmap_Class__sub_object() 0x0800d79d   Thumb Code     0  screen.o(t._ZN12Bitmap_ClassI6ScreenEC1Ev)
    Circle_Class<Screen>::Sqr(int)           0x0800d79f   Thumb Code     6  main.o(t._ZN12Circle_ClassI6ScreenE3SqrEi)
    Circle_Class<Screen>::Draw(b2D, float, unsigned short) 0x0800d7a5   Thumb Code   304  main.o(t._ZN12Circle_ClassI6ScreenE4DrawE3b2Dft)
    Circle_Class<Screen>::Draw(short, short, float, unsigned short) 0x0800d8d5   Thumb Code    24  main.o(t._ZN12Circle_ClassI6ScreenE4DrawEssft)
    Circle_Class<Screen>::Pixel(unsigned, unsigned, unsigned short) 0x0800d8ed   Thumb Code    22  main.o(t._ZN12Circle_ClassI6ScreenE5PixelEjjt)
    Circle_Class<Screen>::Point(int, int, int, int, unsigned short) 0x0800d903   Thumb Code    70  main.o(t._ZN12Circle_ClassI6ScreenE5PointEiiiit)
    Circle_Class<Screen>::Circle_Class()     0x0800d949   Thumb Code     2  screen.o(t._ZN12Circle_ClassI6ScreenEC1Ev)
    Circle_Class<Screen>::Circle_Class__sub_object() 0x0800d949   Thumb Code     0  screen.o(t._ZN12Circle_ClassI6ScreenEC1Ev)
    List_Iterator<MemoryChunk>::Get(unsigned) 0x0800d94b   Thumb Code    24  memory_alloc.o(t._ZN13List_IteratorI11MemoryChunkE3GetEj)
    List_Iterator<MemoryChunk>::Remove(MemoryChunk*) 0x0800d963   Thumb Code    32  memory_alloc.o(t._ZN13List_IteratorI11MemoryChunkE6RemoveEPS0_)
    List_Iterator<MemoryChunk>::Contain()    0x0800d983   Thumb Code     4  memory_alloc.o(t._ZN13List_IteratorI11MemoryChunkE7ContainEv)
    List_Iterator<MemoryChunk>::GetLast()    0x0800d987   Thumb Code     4  memory_alloc.o(t._ZN13List_IteratorI11MemoryChunkE7GetLastEv)
    List_Iterator<MemoryChunk>::GetFirst()   0x0800d98b   Thumb Code     4  memory_alloc.o(t._ZN13List_IteratorI11MemoryChunkE8GetFirstEv)
    List_Iterator<MemoryChunk>::List_Iterator() 0x0800d98f   Thumb Code     2  device.o(t._ZN13List_IteratorI11MemoryChunkEC1Ev)
    List_Iterator<MemoryChunk>::List_Iterator__sub_object() 0x0800d98f   Thumb Code     0  device.o(t._ZN13List_IteratorI11MemoryChunkEC1Ev)
    List_Iterator<MemoryChunk>::operator -(MemoryChunk*) 0x0800d991   Thumb Code     4  memory_alloc.o(t._ZN13List_IteratorI11MemoryChunkEmiEPS0_)
    List_Iterator<MemoryChunk>::operator -(MemoryChunk&) 0x0800d995   Thumb Code    78  memory_alloc.o(t._ZN13List_IteratorI11MemoryChunkEmiERS0_)
    List_Iterator<MemoryChunk>::operator +(MemoryChunk*) 0x0800d9e3   Thumb Code     4  memory_alloc.o(t._ZN13List_IteratorI11MemoryChunkEplEPS0_)
    List_Iterator<MemoryChunk>::operator +(MemoryChunk&) 0x0800d9e7   Thumb Code    96  memory_alloc.o(t._ZN13List_IteratorI11MemoryChunkEplERS0_)
    List_Iterator<Node<Screen, unsigned char>>::List_Iterator() 0x0800da47   Thumb Code     2  screen.o(t._ZN13List_IteratorI4NodeI6ScreenhEEC1Ev)
    List_Iterator<Node<Screen, unsigned char>>::List_Iterator__sub_object() 0x0800da47   Thumb Code     0  screen.o(t._ZN13List_IteratorI4NodeI6ScreenhEEC1Ev)
    List_Iterator<Node<Screen, unsigned char>>::operator +(Node<Screen, unsigned char>*) 0x0800da49   Thumb Code     4  screen.o(t._ZN13List_IteratorI4NodeI6ScreenhEEplEPS2_)
    List_Iterator<Node<Screen, unsigned char>>::operator +(Node<Screen, unsigned char>&) 0x0800da4d   Thumb Code    96  screen.o(t._ZN13List_IteratorI4NodeI6ScreenhEEplERS2_)
    List_Iterator<Node<Physic::DustPart, float>>::GetFirst() 0x0800daad   Thumb Code     4  physic.o(t._ZN13List_IteratorI4NodeIN6Physic8DustPartEfEE8GetFirstEv)
    List_Iterator<Node<Physic::DustPart, float>>::List_Iterator() 0x0800dab1   Thumb Code     2  physic.o(t._ZN13List_IteratorI4NodeIN6Physic8DustPartEfEEC1Ev)
    List_Iterator<Node<Physic::DustPart, float>>::List_Iterator__sub_object() 0x0800dab1   Thumb Code     0  physic.o(t._ZN13List_IteratorI4NodeIN6Physic8DustPartEfEEC1Ev)
    List_Iterator<Node<Physic::DustPart, float>>::operator +(Node<Physic::DustPart, float>*) 0x0800dab3   Thumb Code     4  physic.o(t._ZN13List_IteratorI4NodeIN6Physic8DustPartEfEEplEPS3_)
    List_Iterator<Node<Physic::DustPart, float>>::operator +(Node<Physic::DustPart, float>&) 0x0800dab7   Thumb Code   104  physic.o(t._ZN13List_IteratorI4NodeIN6Physic8DustPartEfEEplERS3_)
    List_Iterator<Frame2D<short>>::operator +(Frame2D<short>*) 0x0800db1f   Thumb Code     4  main.o(t._ZN13List_IteratorI7Frame2DIsEEplEPS1_)
    List_Iterator<Frame2D<short>>::operator +(Frame2D<short>&) 0x0800db23   Thumb Code    96  main.o(t._ZN13List_IteratorI7Frame2DIsEEplERS1_)
    List_Iterator<Physic::Ball2D>::Get(unsigned) 0x0800db83   Thumb Code    24  physic.o(t._ZN13List_IteratorIN6Physic6Ball2DEE3GetEj)
    List_Iterator<Physic::Ball2D>& List_Iterator<Physic::Ball2D>::Array<lArray<Physic::Ball2D>>(T1*, unsigned) 0x0800db9b   Thumb Code     4  physic.o(t._ZN13List_IteratorIN6Physic6Ball2DEE5ArrayI6lArrayIS1_EEERS2_PT_j)
    List_Iterator<Physic::Ball2D>& List_Iterator<Physic::Ball2D>::Array<lArray<Physic::Ball2D>>(T1&, unsigned) 0x0800db9f   Thumb Code    34  physic.o(t._ZN13List_IteratorIN6Physic6Ball2DEE5ArrayI6lArrayIS1_EEERS2_RT_j)
    List_Iterator<Physic::Ball2D>::Contain() 0x0800dbc1   Thumb Code     4  physic.o(t._ZN13List_IteratorIN6Physic6Ball2DEE7ContainEv)
    List_Iterator<Physic::Ball2D>::GetNext(Physic::Ball2D*) 0x0800dbc5   Thumb Code    14  physic.o(t._ZN13List_IteratorIN6Physic6Ball2DEE7GetNextEPS1_)
    List_Iterator<Physic::Ball2D>::GetFirst() 0x0800dbd3   Thumb Code     4  physic.o(t._ZN13List_IteratorIN6Physic6Ball2DEE8GetFirstEv)
    List_Iterator<Physic::Ball2D>::List_Iterator() 0x0800dbd7   Thumb Code     2  physic.o(t._ZN13List_IteratorIN6Physic6Ball2DEEC1Ev)
    List_Iterator<Physic::Ball2D>::List_Iterator__sub_object() 0x0800dbd7   Thumb Code     0  physic.o(t._ZN13List_IteratorIN6Physic6Ball2DEEC1Ev)
    List_Iterator<Physic::Ball2D>::operator -(Physic::Ball2D*) 0x0800dbd9   Thumb Code     4  physic.o(t._ZN13List_IteratorIN6Physic6Ball2DEEmiEPS1_)
    List_Iterator<Physic::Ball2D>::operator -(Physic::Ball2D&) 0x0800dbdd   Thumb Code    78  physic.o(t._ZN13List_IteratorIN6Physic6Ball2DEEmiERS1_)
    List_Iterator<Physic::Ball2D>::operator +(Physic::Ball2D*) 0x0800dc2b   Thumb Code     4  physic.o(t._ZN13List_IteratorIN6Physic6Ball2DEEplEPS1_)
    List_Iterator<Physic::Ball2D>::operator +(Physic::Ball2D&) 0x0800dc2f   Thumb Code   104  physic.o(t._ZN13List_IteratorIN6Physic6Ball2DEEplERS1_)
    Frame2DManager<short>::Create(b2D)       0x0800dc97   Thumb Code    50  main.o(t._ZN14Frame2DManagerIsE6CreateE3b2D)
    Frame2DManager<short>::Frame2DManager()  0x0800dcc9   Thumb Code     2  device.o(t._ZN14Frame2DManagerIsEC1Ev)
    Frame2DManager<short>::Frame2DManager__sub_object() 0x0800dcc9   Thumb Code     0  device.o(t._ZN14Frame2DManagerIsEC1Ev)
    Frame2DManager<short>::operator ()()     0x0800dccb   Thumb Code     2  main.o(t._ZN14Frame2DManagerIsEclEv)
    Rectangle_Class<Screen>::Init()          0x0800dccd   Thumb Code     6  screen.o(t._ZN15Rectangle_ClassI6ScreenE4InitEv)
    Rectangle_Class<Screen>::Rectangle_Class() 0x0800dcd3   Thumb Code     2  screen.o(t._ZN15Rectangle_ClassI6ScreenEC1Ev)
    Rectangle_Class<Screen>::Rectangle_Class__sub_object() 0x0800dcd3   Thumb Code     0  screen.o(t._ZN15Rectangle_ClassI6ScreenEC1Ev)
    lArray<Physic::Ball2D>::Add(Physic::Ball2D*, unsigned) 0x0800dcd5   Thumb Code    14  physic.o(t._ZN6lArrayIN6Physic6Ball2DEE3AddEPS1_j)
    lArray<Physic::Ball2D>::~lArray()        0x0800dce3   Thumb Code    24  physic.o(t._ZN6lArrayIN6Physic6Ball2DEED1Ev)
    lArray<Physic::Ball2D>::~lArray__sub_object() 0x0800dce3   Thumb Code     0  physic.o(t._ZN6lArrayIN6Physic6Ball2DEED1Ev)
    lArray<Physic::Ball2D>::operator ()(unsigned) 0x0800dcfb   Thumb Code    28  physic.o(t._ZN6lArrayIN6Physic6Ball2DEEclEj)
    lArray<Physic::Ball2D>::operator [](unsigned) 0x0800dd17   Thumb Code     8  physic.o(t._ZN6lArrayIN6Physic6Ball2DEEixEj)
    Frame2D<short>::GetH()                   0x0800dd1f   Thumb Code    14  screen.o(t._ZN7Frame2DIsE4GetHEv)
    Frame2D<short>::GetBuff()                0x0800dd2d   Thumb Code     4  screen.o(t._ZN7Frame2DIsE7GetBuffEv)
    Frame2D<short>::GetRect()                0x0800dd31   Thumb Code    38  tftili9486.o(t._ZN7Frame2DIsE7GetRectEv)
    Frame2D<short>::operator ()(b2D)         0x0800dd57   Thumb Code    40  main.o(t._ZN7Frame2DIsEclE3b2D)
    storage::Map<(int)2, Physic::DustPart, float>::Begin() 0x0800dd7f   Thumb Code    42  physic.o(t._ZN7storage3MapILi2EN6Physic8DustPartEfE5BeginEv)
    storage::Map<(int)2, Physic::DustPart, float>::Map() 0x0800dda9   Thumb Code    10  physic.o(t._ZN7storage3MapILi2EN6Physic8DustPartEfEC1Ev)
    storage::Map<(int)2, Physic::DustPart, float>::Map__sub_object() 0x0800dda9   Thumb Code     0  physic.o(t._ZN7storage3MapILi2EN6Physic8DustPartEfEC1Ev)
    storage::Map<(int)2, Physic::DustPart, float>::operator +(Physic::DustPart*) 0x0800ddb9   Thumb Code     4  physic.o(t._ZN7storage3MapILi2EN6Physic8DustPartEfEplEPS2_)
    storage::Map<(int)2, Physic::DustPart, float>::operator +(Physic::DustPart&) 0x0800ddbd   Thumb Code    32  physic.o(t._ZN7storage3MapILi2EN6Physic8DustPartEfEplERS2_)
    Allocator<Screen>::New()                 0x0800dddd   Thumb Code     6  screen.o(t._ZN9AllocatorI6ScreenE3NewEv)
    T1* Allocator<Screen>::New<tTexture>(unsigned) 0x0800dde3   Thumb Code     8  screen.o(t._ZN9AllocatorI6ScreenE3NewI8tTextureEEPT_j)
    int Allocator<Screen>::Delete<tTexture>(T1*) 0x0800ddeb   Thumb Code     6  screen.o(t._ZN9AllocatorI6ScreenE6DeleteI8tTextureEEiPT_)
    Allocator<Frame2D<short>>::New(unsigned) 0x0800ddf1   Thumb Code     8  main.o(t._ZN9AllocatorI7Frame2DIsEE3NewEj)
    Allocator<Physic::Ball2D>::New()         0x0800ddf9   Thumb Code     6  physic.o(t._ZN9AllocatorIN6Physic6Ball2DEE3NewEv)
    T1* Allocator<Physic::Ball2D>::New<lArray<Physic::Ball2D>>() 0x0800ddff   Thumb Code     6  physic.o(t._ZN9AllocatorIN6Physic6Ball2DEE3NewI6lArrayIS1_EEEPT_v)
    int Allocator<Physic::Ball2D>::Delete<lArray<Physic::Ball2D>>(T1*) 0x0800de05   Thumb Code     6  physic.o(t._ZN9AllocatorIN6Physic6Ball2DEE6DeleteI6lArrayIS1_EEEiPT_)
    int Allocator<Physic::Ball2D>::Delete<Physic::Ball2D*>(T1*) 0x0800de0b   Thumb Code     6  physic.o(t._ZN9AllocatorIN6Physic6Ball2DEE6DeleteIPS1_EEiPT_)
    Allocator<Physic::Ball2D>::NewlArray(unsigned) 0x0800de11   Thumb Code     6  physic.o(t._ZN9AllocatorIN6Physic6Ball2DEE9NewlArrayEj)
    Allocator<Physic::DustPart>::New()       0x0800de17   Thumb Code     6  physic.o(t._ZN9AllocatorIN6Physic8DustPartEE3NewEv)
    T1* Allocator<void>::New<Node<Screen, unsigned char>>() 0x0800de1d   Thumb Code     6  screen.o(t._ZN9AllocatorIvE3NewI4NodeI6ScreenhEEEPT_v)
    T1* Allocator<void>::New<Node<Physic::DustPart, float>>() 0x0800de23   Thumb Code     6  physic.o(t._ZN9AllocatorIvE3NewI4NodeIN6Physic8DustPartEfEEEPT_v)
    __aeabi_dneg                             0x0800de29   Thumb Code     0  basic.o(x$fpl$basic)
    _dneg                                    0x0800de29   Thumb Code     6  basic.o(x$fpl$basic)
    __aeabi_fneg                             0x0800de2f   Thumb Code     0  basic.o(x$fpl$basic)
    _fneg                                    0x0800de2f   Thumb Code     6  basic.o(x$fpl$basic)
    _dabs                                    0x0800de35   Thumb Code     6  basic.o(x$fpl$basic)
    _fabs                                    0x0800de3b   Thumb Code     6  basic.o(x$fpl$basic)
    __aeabi_d2f                              0x0800de41   Thumb Code     0  d2f.o(x$fpl$d2f)
    _d2f                                     0x0800de41   Thumb Code    98  d2f.o(x$fpl$d2f)
    __aeabi_dadd                             0x0800dea5   Thumb Code     0  daddsub_clz.o(x$fpl$dadd)
    _dadd                                    0x0800dea5   Thumb Code   332  daddsub_clz.o(x$fpl$dadd)
    __aeabi_ddiv                             0x0800dff5   Thumb Code     0  ddiv.o(x$fpl$ddiv)
    _ddiv                                    0x0800dff5   Thumb Code   552  ddiv.o(x$fpl$ddiv)
    __aeabi_dmul                             0x0800e2a5   Thumb Code     0  dmul.o(x$fpl$dmul)
    _dmul                                    0x0800e2a5   Thumb Code   332  dmul.o(x$fpl$dmul)
    __fpl_dnaninf                            0x0800e3f9   Thumb Code   156  dnaninf.o(x$fpl$dnaninf)
    __fpl_dretinf                            0x0800e495   Thumb Code    12  dretinf.o(x$fpl$dretinf)
    __aeabi_drsub                            0x0800e4a1   Thumb Code     0  daddsub_clz.o(x$fpl$drsb)
    _drsb                                    0x0800e4a1   Thumb Code    22  daddsub_clz.o(x$fpl$drsb)
    __aeabi_dsub                             0x0800e4b9   Thumb Code     0  daddsub_clz.o(x$fpl$dsub)
    _dsub                                    0x0800e4b9   Thumb Code   464  daddsub_clz.o(x$fpl$dsub)
    __aeabi_f2d                              0x0800e68d   Thumb Code     0  f2d.o(x$fpl$f2d)
    _f2d                                     0x0800e68d   Thumb Code    86  f2d.o(x$fpl$f2d)
    __fpl_fnaninf                            0x0800e6e3   Thumb Code   140  fnaninf.o(x$fpl$fnaninf)
    _fp_init                                 0x0800e76f   Thumb Code    10  fpinit.o(x$fpl$fpinit)
    __fplib_config_fpu_vfp                   0x0800e777   Thumb Code     0  fpinit.o(x$fpl$fpinit)
    __fplib_config_pureend_doubles           0x0800e777   Thumb Code     0  fpinit.o(x$fpl$fpinit)
    __fpl_fretinf                            0x0800e779   Thumb Code    10  fretinf.o(x$fpl$fretinf)
    __I$use$fp                               0x0800e782   Number         0  usenofp.o(x$fpl$usenofp)
    vtable for LcdDriverDef                  0x0801cc58   Data          16  device.o(.constdata__ZTV12LcdDriverDef)
    vtable for Physic::Ball2DGroup           0x0801cc68   Data          12  main.o(.constdata__ZTVN6Physic11Ball2DGroupE)
    Region$$Table$$Base                      0x0801cc74   Number         0  anon$$obj.o(Region$$Table)
    Region$$Table$$Limit                     0x0801cca4   Number         0  anon$$obj.o(Region$$Table)
    SHT$$INIT_ARRAY$$Base                    0x0801cca4   Number         0  main.o(.init_array)
    SHT$$INIT_ARRAY$$Limit                   0x0801ccac   Number         0  init_aeabi.o(.init_array)
    frame                                    0x10000000   Data           4  main.o(.data)
    screen                                   0x10000004   Data           4  main.o(.data)
    LcdSpi                                   0x1000000c   Data           1  device.o(.data)
    SystemCoreClock                          0x10000010   Data           4  system_stm32f4xx.o(.data)
    hsram                                    0x10000024   Data          68  init.o(.bss)
    SRAM_Timing                              0x10000068   Data          28  init.o(.bss)
    DmaHandle                                0x10000084   Data          80  init.o(.bss)
    DmaHandleGraphic                         0x100000d4   Data          80  init.o(.bss)
    SpiHandle                                0x10000124   Data          88  init.o(.bss)
    TimHandle                                0x1000017c   Data          60  init.o(.bss)
    Tim2_Handle                              0x100001b8   Data          60  init.o(.bss)
    Heap                                     0x10000208   Data          52  device.o(.bss)
    TFT                                      0x1000023c   Data          16  device.o(.bss)
    FrameManager                             0x1000024c   Data          12  device.o(.bss)
    ScreenMang                               0x10000258   Data          20  device.o(.bss)
    _random_number_data                      0x1000026c   Data         228  rand.o(.bss)
    __libspace_start                         0x10000350   Data          96  libspace.o(.bss)
    __temporary_stack_top$libspace           0x100003b0   Data           0  libspace.o(.bss)
    bounce_0                                 0x20000000   Data          44  main.o(.bss)
    bounce_1                                 0x2000002c   Data          44  main.o(.bss)
    bounce_2                                 0x20000058   Data          44  main.o(.bss)
    bounce_3                                 0x20000084   Data          44  main.o(.bss)
    bounce_4                                 0x200000b0   Data          44  main.o(.bss)
    bounce_5                                 0x200000dc   Data          44  main.o(.bss)
    ball_0                                   0x20000108   Data          56  main.o(.bss)
    BallGr                                   0x20000140   Data          32  main.o(.bss)
    dust                                     0x20000160   Data       40108  main.o(.bss)
    parts                                    0x20009e0c   Data       41000  main.o(.bss)



==============================================================================

Memory Map of the image

  Image Entry point : 0x08000189

  Load Region LR_IROM1 (Base: 0x08000000, Size: 0x0001ccd0, Max: 0x00080000, ABSOLUTE)

    Execution Region ER_IROM1 (Base: 0x08000000, Size: 0x0001ccac, Max: 0x00080000, ABSOLUTE)

    Base Addr    Size         Type   Attr      Idx    E Section Name        Object

    0x08000000   0x00000188   Data   RO         1918    RESET               startup_stm32f417xx.o
    0x08000188   0x00000008   Code   RO         1975  * !!!main             c_w.l(__main.o)
    0x08000190   0x00000034   Code   RO         2531    !!!scatter          c_w.l(__scatter.o)
    0x080001c4   0x0000001a   Code   RO         2533    !!handler_copy      c_w.l(__scatter_copy.o)
    0x080001de   0x00000002   PAD
    0x080001e0   0x0000001c   Code   RO         2535    !!handler_zi        c_w.l(__scatter_zi.o)
    0x080001fc   0x00000002   Code   RO         2460    .ARM.Collect$$libinit$$00000000  c_w.l(libinit.o)
    0x080001fe   0x00000004   Code   RO         2215    .ARM.Collect$$libinit$$00000001  c_w.l(libinit2.o)
    0x08000202   0x00000000   Code   RO         2218    .ARM.Collect$$libinit$$00000004  c_w.l(libinit2.o)
    0x08000202   0x00000008   Code   RO         2219    .ARM.Collect$$libinit$$00000005  c_w.l(libinit2.o)
    0x0800020a   0x00000000   Code   RO         2221    .ARM.Collect$$libinit$$0000000A  c_w.l(libinit2.o)
    0x0800020a   0x00000000   Code   RO         2223    .ARM.Collect$$libinit$$0000000C  c_w.l(libinit2.o)
    0x0800020a   0x00000004   Code   RO         2224    .ARM.Collect$$libinit$$0000000D  c_w.l(libinit2.o)
    0x0800020e   0x00000000   Code   RO         2225    .ARM.Collect$$libinit$$0000000E  c_w.l(libinit2.o)
    0x0800020e   0x00000000   Code   RO         2228    .ARM.Collect$$libinit$$00000011  c_w.l(libinit2.o)
    0x0800020e   0x00000000   Code   RO         2230    .ARM.Collect$$libinit$$00000013  c_w.l(libinit2.o)
    0x0800020e   0x00000000   Code   RO         2232    .ARM.Collect$$libinit$$00000015  c_w.l(libinit2.o)
    0x0800020e   0x00000000   Code   RO         2234    .ARM.Collect$$libinit$$00000017  c_w.l(libinit2.o)
    0x0800020e   0x00000000   Code   RO         2236    .ARM.Collect$$libinit$$00000019  c_w.l(libinit2.o)
    0x0800020e   0x00000000   Code   RO         2238    .ARM.Collect$$libinit$$0000001B  c_w.l(libinit2.o)
    0x0800020e   0x00000000   Code   RO         2240    .ARM.Collect$$libinit$$0000001D  c_w.l(libinit2.o)
    0x0800020e   0x00000000   Code   RO         2242    .ARM.Collect$$libinit$$0000001F  c_w.l(libinit2.o)
    0x0800020e   0x00000000   Code   RO         2244    .ARM.Collect$$libinit$$00000021  c_w.l(libinit2.o)
    0x0800020e   0x00000000   Code   RO         2246    .ARM.Collect$$libinit$$00000023  c_w.l(libinit2.o)
    0x0800020e   0x00000000   Code   RO         2248    .ARM.Collect$$libinit$$00000025  c_w.l(libinit2.o)
    0x0800020e   0x00000000   Code   RO         2252    .ARM.Collect$$libinit$$0000002C  c_w.l(libinit2.o)
    0x0800020e   0x00000000   Code   RO         2254    .ARM.Collect$$libinit$$0000002E  c_w.l(libinit2.o)
    0x0800020e   0x00000000   Code   RO         2256    .ARM.Collect$$libinit$$00000030  c_w.l(libinit2.o)
    0x0800020e   0x00000004   Code   RO         2257    .ARM.Collect$$libinit$$00000031  c_w.l(libinit2.o)
    0x08000212   0x00000000   Code   RO         2258    .ARM.Collect$$libinit$$00000032  c_w.l(libinit2.o)
    0x08000212   0x00000002   Code   RO         2259    .ARM.Collect$$libinit$$00000033  c_w.l(libinit2.o)
    0x08000214   0x00000002   Code   RO         2514    .ARM.Collect$$libshutdown$$00000000  c_w.l(libshutdown.o)
    0x08000216   0x00000006   Code   RO         2260    .ARM.Collect$$libshutdown$$00000001  c_w.l(libshutdown2.o)
    0x0800021c   0x00000000   Code   RO         2262    .ARM.Collect$$libshutdown$$00000003  c_w.l(libshutdown2.o)
    0x0800021c   0x00000000   Code   RO         2265    .ARM.Collect$$libshutdown$$00000006  c_w.l(libshutdown2.o)
    0x0800021c   0x00000000   Code   RO         2268    .ARM.Collect$$libshutdown$$00000009  c_w.l(libshutdown2.o)
    0x0800021c   0x00000000   Code   RO         2270    .ARM.Collect$$libshutdown$$0000000B  c_w.l(libshutdown2.o)
    0x0800021c   0x00000000   Code   RO         2273    .ARM.Collect$$libshutdown$$0000000E  c_w.l(libshutdown2.o)
    0x0800021c   0x00000002   Code   RO         2274    .ARM.Collect$$libshutdown$$0000000F  c_w.l(libshutdown2.o)
    0x0800021e   0x00000000   Code   RO         2151    .ARM.Collect$$rtentry$$00000000  c_w.l(__rtentry.o)
    0x0800021e   0x00000000   Code   RO         2357    .ARM.Collect$$rtentry$$00000002  c_w.l(__rtentry2.o)
    0x0800021e   0x00000006   Code   RO         2369    .ARM.Collect$$rtentry$$00000004  c_w.l(__rtentry4.o)
    0x08000224   0x00000000   Code   RO         2359    .ARM.Collect$$rtentry$$00000009  c_w.l(__rtentry2.o)
    0x08000224   0x00000004   Code   RO         2360    .ARM.Collect$$rtentry$$0000000A  c_w.l(__rtentry2.o)
    0x08000228   0x00000000   Code   RO         2362    .ARM.Collect$$rtentry$$0000000C  c_w.l(__rtentry2.o)
    0x08000228   0x00000008   Code   RO         2363    .ARM.Collect$$rtentry$$0000000D  c_w.l(__rtentry2.o)
    0x08000230   0x00000002   Code   RO         2475    .ARM.Collect$$rtexit$$00000000  c_w.l(rtexit.o)
    0x08000232   0x00000000   Code   RO         2492    .ARM.Collect$$rtexit$$00000002  c_w.l(rtexit2.o)
    0x08000232   0x00000004   Code   RO         2493    .ARM.Collect$$rtexit$$00000003  c_w.l(rtexit2.o)
    0x08000236   0x00000006   Code   RO         2494    .ARM.Collect$$rtexit$$00000004  c_w.l(rtexit2.o)
    0x0800023c   0x00000034   Code   RO         1961    .emb_text           c_w.l(rand.o)
    0x08000270   0x00000000   Code   RO         2434    .emb_text           c_w.l(maybetermalloc1.o)
    0x08000270   0x00000284   Code   RO            4    .text               main.o
    0x080004f4   0x0000016c   Code   RO          581    .text               stm32f4xx_hal.o
    0x08000660   0x000001fc   Code   RO          670    .text               stm32f4xx_hal_cortex.o
    0x0800085c   0x000046c8   Code   RO          699    .text               stm32f4xx_hal_dma.o
    0x08004f24   0x000003b8   Code   RO          821    .text               stm32f4xx_hal_gpio.o
    0x080052dc   0x000012e8   Code   RO          846    .text               stm32f4xx_hal_spi.o
    0x080065c4   0x00000328   Code   RO          871    .text               stm32f4xx_hal_sram.o
    0x080068ec   0x0000216c   Code   RO          896    .text               stm32f4xx_hal_tim.o
    0x08008a58   0x00000b30   Code   RO          921    .text               stm32f4xx_hal_tim_ex.o
    0x08009588   0x00000374   Code   RO          964    .text               stm32f4xx_ll_fsmc.o
    0x080098fc   0x00000a20   Code   RO          989    .text               stm32f4xx_hal_rcc.o
    0x0800a31c   0x00000470   Code   RO         1041    .text               init.o
    0x0800a78c   0x00000270   Code   RO         1069    .text               screen.o
    0x0800a9fc   0x000001ac   Code   RO         1282    .text               terminal_interface.o
    0x0800aba8   0x000000e4   Code   RO         1310    .text               gpio_ex.o
    0x0800ac8c   0x00000404   Code   RO         1340    .text               tftili9486.o
    0x0800b090   0x00000088   Code   RO         1383    .text               device.o
    0x0800b118   0x0000002c   Code   RO         1463    .text               stm32f4xx_it.o
    0x0800b144   0x000003ac   Code   RO         1489    .text               geometry.o
    0x0800b4f0   0x00000012   Code   RO         1507    .text               locker.o
    0x0800b502   0x00000048   Code   RO         1525    .text               affine_tf.o
    0x0800b54a   0x00000062   Code   RO         1543    .text               dtostr.o
    0x0800b5ac   0x00000004   PAD
    0x0800b5b0   0x00000dd0   Code   RO         1561    .text               physic.o
    0x0800c380   0x00000424   Code   RO         1836    .text               memory_alloc.o
    0x0800c7a4   0x00000040   Code   RO         1919    .text               startup_stm32f417xx.o
    0x0800c7e4   0x000000e8   Code   RO         1926    .text               system_stm32f4xx.o
    0x0800c8cc   0x00000008   Code   RO         1959    .text               c_w.l(rt_errno_addr_intlibspace.o)
    0x0800c8d4   0x0000003c   Code   RO         1962    .text               c_w.l(rand.o)
    0x0800c910   0x0000003e   Code   RO         1969    .text               c_w.l(strlen.o)
    0x0800c94e   0x00000064   Code   RO         1971    .text               c_w.l(rt_memcpy_w.o)
    0x0800c9b2   0x00000006   Code   RO         1973    .text               c_w.l(heapauxi.o)
    0x0800c9b8   0x00000024   Code   RO         1980    .text               c_w.l(init_aeabi.o)
    0x0800c9dc   0x00000022   Code   RO         2095    .text               cpprt_w.l(aeabi_vec_dtor_noexceptions.o)
    0x0800c9fe   0x00000002   PAD
    0x0800ca00   0x00000008   Code   RO         2148    .text               c_w.l(libspace.o)
    0x0800ca08   0x00000008   Code   RO         2155    .text               c_w.l(rt_ddtor_pointer_addr_intlibspace.o)
    0x0800ca10   0x0000005e   Code   RO         2159    .text               c_w.l(h1_alloc.o)
    0x0800ca6e   0x00000016   Code   RO         2213    .text               c_w.l(_rserrno.o)
    0x0800ca84   0x00000008   Code   RO         2374    .text               c_w.l(rt_heap_descriptor_intlibspace.o)
    0x0800ca8c   0x00000004   Code   RO         2376    .text               c_w.l(hguard.o)
    0x0800ca90   0x0000008a   Code   RO         2378    .text               c_w.l(init_alloc.o)
    0x0800cb1a   0x0000000e   Code   RO         2384    .text               c_w.l(h1_init.o)
    0x0800cb28   0x0000004e   Code   RO         2386    .text               c_w.l(h1_free.o)
    0x0800cb76   0x0000004a   Code   RO         2425    .text               c_w.l(sys_stackheap_outer.o)
    0x0800cbc0   0x00000034   Code   RO         2436    .text               c_w.l(h1_extend.o)
    0x0800cbf4   0x0000000c   Code   RO         2440    .text               c_w.l(exit.o)
    0x0800cc00   0x0000000e   Code   RO         2444    .text               c_w.l(defsig_rtmem_outer.o)
    0x0800cc0e   0x00000002   PAD
    0x0800cc10   0x0000000c   Code   RO         2470    .text               c_w.l(sys_exit.o)
    0x0800cc1c   0x00000002   Code   RO         2472    .text               c_w.l(use_no_semi.o)
    0x0800cc1e   0x00000000   Code   RO         2474    .text               c_w.l(indicate_semi.o)
    0x0800cc1e   0x0000000a   Code   RO         2483    .text               c_w.l(defsig_exit.o)
    0x0800cc28   0x00000050   Code   RO         2489    .text               c_w.l(defsig_rtmem_inner.o)
    0x0800cc78   0x00000032   Code   RO         2504    .text               c_w.l(defsig_general.o)
    0x0800ccaa   0x0000000e   Code   RO         2508    .text               c_w.l(sys_wrch.o)
    0x0800ccb8   0x0000000c   Code   RO         1427    i._ZN13ScreenManagerD1Ev  device.o
    0x0800ccc4   0x00000018   Code   RO         1776    i._ZN7storage3MapILi2EN6Physic8DustPartEfED1Ev  physic.o
    0x0800ccdc   0x00000030   Code   RO         2331    i.__ARM_fpclassify  m_wm.l(fpclassify.o)
    0x0800cd0c   0x00000026   Code   RO         2333    i.__ARM_fpclassifyf  m_wm.l(fpclassifyf.o)
    0x0800cd32   0x00000032   Code   RO         2089    i.__aeabi_atexit    cpprt_w.l(aeabi_atexit.o)
    0x0800cd64   0x00000024   Code   RO         2092    i.__aeabi_vec_ctor_nocookie_nodtor  cpprt_w.l(aeabi_vec_ctor_nocookie_nodtor.o)
    0x0800cd88   0x00000042   Code   RO         2280    i.__cxa_finalize    cpprt_w.l(cxa_finalize.o)
    0x0800cdca   0x00000006   PAD
    0x0800cdd0   0x000002d8   Code   RO         2110    i.__hardfp_atan     m_wm.l(atan.o)
    0x0800d0a8   0x00000150   Code   RO         2124    i.__hardfp_cosf     m_wm.l(cosf.o)
    0x0800d1f8   0x00000190   Code   RO         2136    i.__hardfp_sinf     m_wm.l(sinf.o)
    0x0800d388   0x000000f8   Code   RO         2349    i.__kernel_poly     m_wm.l(poly.o)
    0x0800d480   0x00000014   Code   RO         2312    i.__mathlib_dbl_infnan  m_wm.l(dunder.o)
    0x0800d494   0x00000004   PAD
    0x0800d498   0x00000020   Code   RO         2317    i.__mathlib_dbl_underflow  m_wm.l(dunder.o)
    0x0800d4b8   0x00000006   Code   RO         2336    i.__mathlib_flt_infnan  m_wm.l(funder.o)
    0x0800d4be   0x00000002   PAD
    0x0800d4c0   0x00000010   Code   RO         2338    i.__mathlib_flt_invalid  m_wm.l(funder.o)
    0x0800d4d0   0x00000010   Code   RO         2341    i.__mathlib_flt_underflow  m_wm.l(funder.o)
    0x0800d4e0   0x00000154   Code   RO         2351    i.__mathlib_rredf2  m_wm.l(rredf.o)
    0x0800d634   0x00000018   Code   RO         2327    i.fabs              m_wm.l(fabs.o)
    0x0800d64c   0x0000005e   Code   RO          233    t._ZN10Fill_ClassI6ScreenE4FillEt  main.o
    0x0800d6aa   0x00000002   Code   RO         1120    t._ZN10Fill_ClassI6ScreenEC1Ev  screen.o
    0x0800d6ac   0x00000014   Code   RO         1144    t._ZN10Line_ClassI6ScreenE4InitEv  screen.o
    0x0800d6c0   0x00000002   Code   RO         1138    t._ZN10Line_ClassI6ScreenEC1Ev  screen.o
    0x0800d6c2   0x00000004   Code   RO         1204    t._ZN10List_OrderI6ScreenhEC1Ev  screen.o
    0x0800d6c6   0x00000002   Code   RO         1415    t._ZN10List_OrderI6ScreenhED1Ev  device.o
    0x0800d6c8   0x00000004   Code   RO         1198    t._ZN10List_OrderI6ScreenhEplEPS0_  screen.o
    0x0800d6cc   0x00000020   Code   RO         1192    t._ZN10List_OrderI6ScreenhEplERS0_  screen.o
    0x0800d6ec   0x00000004   Code   RO         1716    t._ZN10List_OrderIN6Physic8DustPartEfE5BeginEv  physic.o
    0x0800d6f0   0x00000004   Code   RO         1722    t._ZN10List_OrderIN6Physic8DustPartEfEC1Ev  physic.o
    0x0800d6f4   0x00000002   Code   RO         1728    t._ZN10List_OrderIN6Physic8DustPartEfED1Ev  physic.o
    0x0800d6f6   0x00000020   Code   RO         1710    t._ZN10List_OrderIN6Physic8DustPartEfEplERS1_  physic.o
    0x0800d716   0x00000024   Code   RO         1114    t._ZN10Screen_ObjI6ScreenEclERS0_  screen.o
    0x0800d73a   0x0000003a   Code   RO         1168    t._ZN11Print_ClassI6ScreenE4InitEv  screen.o
    0x0800d774   0x0000000c   Code   RO          239    t._ZN11Print_ClassI6ScreenE7UseFontEPK5tFont  main.o
    0x0800d780   0x00000002   Code   RO         1162    t._ZN11Print_ClassI6ScreenEC1Ev  screen.o
    0x0800d782   0x0000001a   Code   RO          227    t._ZN12Bitmap_ClassI6ScreenE8SetScaleEff  main.o
    0x0800d79c   0x00000002   Code   RO         1126    t._ZN12Bitmap_ClassI6ScreenEC1Ev  screen.o
    0x0800d79e   0x00000006   Code   RO          287    t._ZN12Circle_ClassI6ScreenE3SqrEi  main.o
    0x0800d7a4   0x00000130   Code   RO          299    t._ZN12Circle_ClassI6ScreenE4DrawE3b2Dft  main.o
    0x0800d8d4   0x00000018   Code   RO          305    t._ZN12Circle_ClassI6ScreenE4DrawEssft  main.o
    0x0800d8ec   0x00000016   Code   RO          293    t._ZN12Circle_ClassI6ScreenE5PixelEjjt  main.o
    0x0800d902   0x00000046   Code   RO          281    t._ZN12Circle_ClassI6ScreenE5PointEiiiit  main.o
    0x0800d948   0x00000002   Code   RO         1132    t._ZN12Circle_ClassI6ScreenEC1Ev  screen.o
    0x0800d94a   0x00000018   Code   RO         1869    t._ZN13List_IteratorI11MemoryChunkE3GetEj  memory_alloc.o
    0x0800d962   0x00000020   Code   RO         1893    t._ZN13List_IteratorI11MemoryChunkE6RemoveEPS0_  memory_alloc.o
    0x0800d982   0x00000004   Code   RO         1887    t._ZN13List_IteratorI11MemoryChunkE7ContainEv  memory_alloc.o
    0x0800d986   0x00000004   Code   RO         1875    t._ZN13List_IteratorI11MemoryChunkE7GetLastEv  memory_alloc.o
    0x0800d98a   0x00000004   Code   RO         1881    t._ZN13List_IteratorI11MemoryChunkE8GetFirstEv  memory_alloc.o
    0x0800d98e   0x00000002   Code   RO         1409    t._ZN13List_IteratorI11MemoryChunkEC1Ev  device.o
    0x0800d990   0x00000004   Code   RO         1863    t._ZN13List_IteratorI11MemoryChunkEmiEPS0_  memory_alloc.o
    0x0800d994   0x0000004e   Code   RO         1851    t._ZN13List_IteratorI11MemoryChunkEmiERS0_  memory_alloc.o
    0x0800d9e2   0x00000004   Code   RO         1857    t._ZN13List_IteratorI11MemoryChunkEplEPS0_  memory_alloc.o
    0x0800d9e6   0x00000060   Code   RO         1845    t._ZN13List_IteratorI11MemoryChunkEplERS0_  memory_alloc.o
    0x0800da46   0x00000002   Code   RO         1174    t._ZN13List_IteratorI4NodeI6ScreenhEEC1Ev  screen.o
    0x0800da48   0x00000004   Code   RO         1186    t._ZN13List_IteratorI4NodeI6ScreenhEEplEPS2_  screen.o
    0x0800da4c   0x00000060   Code   RO         1180    t._ZN13List_IteratorI4NodeI6ScreenhEEplERS2_  screen.o
    0x0800daac   0x00000004   Code   RO         1704    t._ZN13List_IteratorI4NodeIN6Physic8DustPartEfEE8GetFirstEv  physic.o
    0x0800dab0   0x00000002   Code   RO         1686    t._ZN13List_IteratorI4NodeIN6Physic8DustPartEfEEC1Ev  physic.o
    0x0800dab2   0x00000004   Code   RO         1698    t._ZN13List_IteratorI4NodeIN6Physic8DustPartEfEEplEPS3_  physic.o
    0x0800dab6   0x00000068   Code   RO         1692    t._ZN13List_IteratorI4NodeIN6Physic8DustPartEfEEplERS3_  physic.o
    0x0800db1e   0x00000004   Code   RO          257    t._ZN13List_IteratorI7Frame2DIsEEplEPS1_  main.o
    0x0800db22   0x00000060   Code   RO          251    t._ZN13List_IteratorI7Frame2DIsEEplERS1_  main.o
    0x0800db82   0x00000018   Code   RO         1638    t._ZN13List_IteratorIN6Physic6Ball2DEE3GetEj  physic.o
    0x0800db9a   0x00000004   Code   RO         1674    t._ZN13List_IteratorIN6Physic6Ball2DEE5ArrayI6lArrayIS1_EEERS2_PT_j  physic.o
    0x0800db9e   0x00000022   Code   RO         1668    t._ZN13List_IteratorIN6Physic6Ball2DEE5ArrayI6lArrayIS1_EEERS2_RT_j  physic.o
    0x0800dbc0   0x00000004   Code   RO         1656    t._ZN13List_IteratorIN6Physic6Ball2DEE7ContainEv  physic.o
    0x0800dbc4   0x0000000e   Code   RO         1650    t._ZN13List_IteratorIN6Physic6Ball2DEE7GetNextEPS1_  physic.o
    0x0800dbd2   0x00000004   Code   RO         1644    t._ZN13List_IteratorIN6Physic6Ball2DEE8GetFirstEv  physic.o
    0x0800dbd6   0x00000002   Code   RO         1608    t._ZN13List_IteratorIN6Physic6Ball2DEEC1Ev  physic.o
    0x0800dbd8   0x00000004   Code   RO         1632    t._ZN13List_IteratorIN6Physic6Ball2DEEmiEPS1_  physic.o
    0x0800dbdc   0x0000004e   Code   RO         1620    t._ZN13List_IteratorIN6Physic6Ball2DEEmiERS1_  physic.o
    0x0800dc2a   0x00000004   Code   RO         1626    t._ZN13List_IteratorIN6Physic6Ball2DEEplEPS1_  physic.o
    0x0800dc2e   0x00000068   Code   RO         1614    t._ZN13List_IteratorIN6Physic6Ball2DEEplERS1_  physic.o
    0x0800dc96   0x00000032   Code   RO          269    t._ZN14Frame2DManagerIsE6CreateE3b2D  main.o
    0x0800dcc8   0x00000002   Code   RO         1421    t._ZN14Frame2DManagerIsEC1Ev  device.o
    0x0800dcca   0x00000002   Code   RO          275    t._ZN14Frame2DManagerIsEclEv  main.o
    0x0800dccc   0x00000006   Code   RO         1156    t._ZN15Rectangle_ClassI6ScreenE4InitEv  screen.o
    0x0800dcd2   0x00000002   Code   RO         1150    t._ZN15Rectangle_ClassI6ScreenEC1Ev  screen.o
    0x0800dcd4   0x0000000e   Code   RO         1740    t._ZN6lArrayIN6Physic6Ball2DEE3AddEPS1_j  physic.o
    0x0800dce2   0x00000018   Code   RO         1746    t._ZN6lArrayIN6Physic6Ball2DEED1Ev  physic.o
    0x0800dcfa   0x0000001c   Code   RO         1734    t._ZN6lArrayIN6Physic6Ball2DEEclEj  physic.o
    0x0800dd16   0x00000008   Code   RO         1662    t._ZN6lArrayIN6Physic6Ball2DEEixEj  physic.o
    0x0800dd1e   0x0000000e   Code   RO         1084    t._ZN7Frame2DIsE4GetHEv  screen.o
    0x0800dd2c   0x00000004   Code   RO         1090    t._ZN7Frame2DIsE7GetBuffEv  screen.o
    0x0800dd30   0x00000026   Code   RO         1360    t._ZN7Frame2DIsE7GetRectEv  tftili9486.o
    0x0800dd56   0x00000028   Code   RO          245    t._ZN7Frame2DIsEclE3b2D  main.o
    0x0800dd7e   0x0000002a   Code   RO         1770    t._ZN7storage3MapILi2EN6Physic8DustPartEfE5BeginEv  physic.o
    0x0800dda8   0x00000010   Code   RO         1752    t._ZN7storage3MapILi2EN6Physic8DustPartEfEC1Ev  physic.o
    0x0800ddb8   0x00000004   Code   RO         1764    t._ZN7storage3MapILi2EN6Physic8DustPartEfEplEPS2_  physic.o
    0x0800ddbc   0x00000020   Code   RO         1758    t._ZN7storage3MapILi2EN6Physic8DustPartEfEplERS2_  physic.o
    0x0800dddc   0x00000006   Code   RO         1096    t._ZN9AllocatorI6ScreenE3NewEv  screen.o
    0x0800dde2   0x00000008   Code   RO         1102    t._ZN9AllocatorI6ScreenE3NewI8tTextureEEPT_j  screen.o
    0x0800ddea   0x00000006   Code   RO         1108    t._ZN9AllocatorI6ScreenE6DeleteI8tTextureEEiPT_  screen.o
    0x0800ddf0   0x00000008   Code   RO          263    t._ZN9AllocatorI7Frame2DIsEE3NewEj  main.o
    0x0800ddf8   0x00000006   Code   RO         1578    t._ZN9AllocatorIN6Physic6Ball2DEE3NewEv  physic.o
    0x0800ddfe   0x00000006   Code   RO         1590    t._ZN9AllocatorIN6Physic6Ball2DEE3NewI6lArrayIS1_EEEPT_v  physic.o
    0x0800de04   0x00000006   Code   RO         1602    t._ZN9AllocatorIN6Physic6Ball2DEE6DeleteI6lArrayIS1_EEEiPT_  physic.o
    0x0800de0a   0x00000006   Code   RO         1596    t._ZN9AllocatorIN6Physic6Ball2DEE6DeleteIPS1_EEiPT_  physic.o
    0x0800de10   0x00000006   Code   RO         1584    t._ZN9AllocatorIN6Physic6Ball2DEE9NewlArrayEj  physic.o
    0x0800de16   0x00000006   Code   RO         1680    t._ZN9AllocatorIN6Physic8DustPartEE3NewEv  physic.o
    0x0800de1c   0x00000006   Code   RO         1078    t._ZN9AllocatorIvE3NewI4NodeI6ScreenhEEEPT_v  screen.o
    0x0800de22   0x00000006   Code   RO         1572    t._ZN9AllocatorIvE3NewI4NodeIN6Physic8DustPartEfEEEPT_v  physic.o
    0x0800de28   0x00000018   Code   RO         2296    x$fpl$basic         fz_wm.l(basic.o)
    0x0800de40   0x00000062   Code   RO         2098    x$fpl$d2f           fz_wm.l(d2f.o)
    0x0800dea2   0x00000002   PAD
    0x0800dea4   0x00000150   Code   RO         2100    x$fpl$dadd          fz_wm.l(daddsub_clz.o)
    0x0800dff4   0x000002b0   Code   RO         2299    x$fpl$ddiv          fz_wm.l(ddiv.o)
    0x0800e2a4   0x00000154   Code   RO         2106    x$fpl$dmul          fz_wm.l(dmul.o)
    0x0800e3f8   0x0000009c   Code   RO         2302    x$fpl$dnaninf       fz_wm.l(dnaninf.o)
    0x0800e494   0x0000000c   Code   RO         2304    x$fpl$dretinf       fz_wm.l(dretinf.o)
    0x0800e4a0   0x00000016   Code   RO         2101    x$fpl$drsb          fz_wm.l(daddsub_clz.o)
    0x0800e4b6   0x00000002   PAD
    0x0800e4b8   0x000001d4   Code   RO         2102    x$fpl$dsub          fz_wm.l(daddsub_clz.o)
    0x0800e68c   0x00000056   Code   RO         2108    x$fpl$f2d           fz_wm.l(f2d.o)
    0x0800e6e2   0x0000008c   Code   RO         2306    x$fpl$fnaninf       fz_wm.l(fnaninf.o)
    0x0800e76e   0x0000000a   Code   RO         2421    x$fpl$fpinit        fz_wm.l(fpinit.o)
    0x0800e778   0x0000000a   Code   RO         2308    x$fpl$fretinf       fz_wm.l(fretinf.o)
    0x0800e782   0x00000000   Code   RO         2310    x$fpl$usenofp       fz_wm.l(usenofp.o)
    0x0800e782   0x00000800   Data   RO            7    .constdata          main.o
    0x0800ef82   0x00000002   PAD
    0x0800ef84   0x0000003c   Data   RO            8    .constdata          main.o
    0x0800efc0   0x00000240   Data   RO            9    .constdata          main.o
    0x0800f200   0x00000008   Data   RO           10    .constdata          main.o
    0x0800f208   0x00000240   Data   RO           11    .constdata          main.o
    0x0800f448   0x00000008   Data   RO           12    .constdata          main.o
    0x0800f450   0x00000240   Data   RO           13    .constdata          main.o
    0x0800f690   0x00000008   Data   RO           14    .constdata          main.o
    0x0800f698   0x00000240   Data   RO           15    .constdata          main.o
    0x0800f8d8   0x00000008   Data   RO           16    .constdata          main.o
    0x0800f8e0   0x00000240   Data   RO           17    .constdata          main.o
    0x0800fb20   0x00000008   Data   RO           18    .constdata          main.o
    0x0800fb28   0x00000240   Data   RO           19    .constdata          main.o
    0x0800fd68   0x00000008   Data   RO           20    .constdata          main.o
    0x0800fd70   0x00000240   Data   RO           21    .constdata          main.o
    0x0800ffb0   0x00000008   Data   RO           22    .constdata          main.o
    0x0800ffb8   0x00000240   Data   RO           23    .constdata          main.o
    0x080101f8   0x00000008   Data   RO           24    .constdata          main.o
    0x08010200   0x00000240   Data   RO           25    .constdata          main.o
    0x08010440   0x00000008   Data   RO           26    .constdata          main.o
    0x08010448   0x00000240   Data   RO           27    .constdata          main.o
    0x08010688   0x00000008   Data   RO           28    .constdata          main.o
    0x08010690   0x00000240   Data   RO           29    .constdata          main.o
    0x080108d0   0x00000008   Data   RO           30    .constdata          main.o
    0x080108d8   0x00000240   Data   RO           31    .constdata          main.o
    0x08010b18   0x00000008   Data   RO           32    .constdata          main.o
    0x08010b20   0x00000240   Data   RO           33    .constdata          main.o
    0x08010d60   0x00000008   Data   RO           34    .constdata          main.o
    0x08010d68   0x00000240   Data   RO           35    .constdata          main.o
    0x08010fa8   0x00000008   Data   RO           36    .constdata          main.o
    0x08010fb0   0x00000240   Data   RO           37    .constdata          main.o
    0x080111f0   0x00000008   Data   RO           38    .constdata          main.o
    0x080111f8   0x00000240   Data   RO           39    .constdata          main.o
    0x08011438   0x00000008   Data   RO           40    .constdata          main.o
    0x08011440   0x00000240   Data   RO           41    .constdata          main.o
    0x08011680   0x00000008   Data   RO           42    .constdata          main.o
    0x08011688   0x00000240   Data   RO           43    .constdata          main.o
    0x080118c8   0x00000008   Data   RO           44    .constdata          main.o
    0x080118d0   0x00000240   Data   RO           45    .constdata          main.o
    0x08011b10   0x00000008   Data   RO           46    .constdata          main.o
    0x08011b18   0x00000240   Data   RO           47    .constdata          main.o
    0x08011d58   0x00000008   Data   RO           48    .constdata          main.o
    0x08011d60   0x00000240   Data   RO           49    .constdata          main.o
    0x08011fa0   0x00000008   Data   RO           50    .constdata          main.o
    0x08011fa8   0x00000240   Data   RO           51    .constdata          main.o
    0x080121e8   0x00000008   Data   RO           52    .constdata          main.o
    0x080121f0   0x00000240   Data   RO           53    .constdata          main.o
    0x08012430   0x00000008   Data   RO           54    .constdata          main.o
    0x08012438   0x00000240   Data   RO           55    .constdata          main.o
    0x08012678   0x00000008   Data   RO           56    .constdata          main.o
    0x08012680   0x00000240   Data   RO           57    .constdata          main.o
    0x080128c0   0x00000008   Data   RO           58    .constdata          main.o
    0x080128c8   0x00000240   Data   RO           59    .constdata          main.o
    0x08012b08   0x00000008   Data   RO           60    .constdata          main.o
    0x08012b10   0x00000240   Data   RO           61    .constdata          main.o
    0x08012d50   0x00000008   Data   RO           62    .constdata          main.o
    0x08012d58   0x00000240   Data   RO           63    .constdata          main.o
    0x08012f98   0x00000008   Data   RO           64    .constdata          main.o
    0x08012fa0   0x00000240   Data   RO           65    .constdata          main.o
    0x080131e0   0x00000008   Data   RO           66    .constdata          main.o
    0x080131e8   0x00000240   Data   RO           67    .constdata          main.o
    0x08013428   0x00000008   Data   RO           68    .constdata          main.o
    0x08013430   0x00000240   Data   RO           69    .constdata          main.o
    0x08013670   0x00000008   Data   RO           70    .constdata          main.o
    0x08013678   0x00000240   Data   RO           71    .constdata          main.o
    0x080138b8   0x00000008   Data   RO           72    .constdata          main.o
    0x080138c0   0x00000240   Data   RO           73    .constdata          main.o
    0x08013b00   0x00000008   Data   RO           74    .constdata          main.o
    0x08013b08   0x00000240   Data   RO           75    .constdata          main.o
    0x08013d48   0x00000008   Data   RO           76    .constdata          main.o
    0x08013d50   0x00000240   Data   RO           77    .constdata          main.o
    0x08013f90   0x00000008   Data   RO           78    .constdata          main.o
    0x08013f98   0x00000240   Data   RO           79    .constdata          main.o
    0x080141d8   0x00000008   Data   RO           80    .constdata          main.o
    0x080141e0   0x00000240   Data   RO           81    .constdata          main.o
    0x08014420   0x00000008   Data   RO           82    .constdata          main.o
    0x08014428   0x00000240   Data   RO           83    .constdata          main.o
    0x08014668   0x00000008   Data   RO           84    .constdata          main.o
    0x08014670   0x00000240   Data   RO           85    .constdata          main.o
    0x080148b0   0x00000008   Data   RO           86    .constdata          main.o
    0x080148b8   0x00000240   Data   RO           87    .constdata          main.o
    0x08014af8   0x00000008   Data   RO           88    .constdata          main.o
    0x08014b00   0x00000240   Data   RO           89    .constdata          main.o
    0x08014d40   0x00000008   Data   RO           90    .constdata          main.o
    0x08014d48   0x00000240   Data   RO           91    .constdata          main.o
    0x08014f88   0x00000008   Data   RO           92    .constdata          main.o
    0x08014f90   0x00000240   Data   RO           93    .constdata          main.o
    0x080151d0   0x00000008   Data   RO           94    .constdata          main.o
    0x080151d8   0x00000240   Data   RO           95    .constdata          main.o
    0x08015418   0x00000008   Data   RO           96    .constdata          main.o
    0x08015420   0x00000240   Data   RO           97    .constdata          main.o
    0x08015660   0x00000008   Data   RO           98    .constdata          main.o
    0x08015668   0x00000240   Data   RO           99    .constdata          main.o
    0x080158a8   0x00000008   Data   RO          100    .constdata          main.o
    0x080158b0   0x00000240   Data   RO          101    .constdata          main.o
    0x08015af0   0x00000008   Data   RO          102    .constdata          main.o
    0x08015af8   0x00000240   Data   RO          103    .constdata          main.o
    0x08015d38   0x00000008   Data   RO          104    .constdata          main.o
    0x08015d40   0x00000240   Data   RO          105    .constdata          main.o
    0x08015f80   0x00000008   Data   RO          106    .constdata          main.o
    0x08015f88   0x00000240   Data   RO          107    .constdata          main.o
    0x080161c8   0x00000008   Data   RO          108    .constdata          main.o
    0x080161d0   0x00000240   Data   RO          109    .constdata          main.o
    0x08016410   0x00000008   Data   RO          110    .constdata          main.o
    0x08016418   0x00000240   Data   RO          111    .constdata          main.o
    0x08016658   0x00000008   Data   RO          112    .constdata          main.o
    0x08016660   0x00000240   Data   RO          113    .constdata          main.o
    0x080168a0   0x00000008   Data   RO          114    .constdata          main.o
    0x080168a8   0x00000240   Data   RO          115    .constdata          main.o
    0x08016ae8   0x00000008   Data   RO          116    .constdata          main.o
    0x08016af0   0x00000240   Data   RO          117    .constdata          main.o
    0x08016d30   0x00000008   Data   RO          118    .constdata          main.o
    0x08016d38   0x00000240   Data   RO          119    .constdata          main.o
    0x08016f78   0x00000008   Data   RO          120    .constdata          main.o
    0x08016f80   0x00000240   Data   RO          121    .constdata          main.o
    0x080171c0   0x00000008   Data   RO          122    .constdata          main.o
    0x080171c8   0x00000240   Data   RO          123    .constdata          main.o
    0x08017408   0x00000008   Data   RO          124    .constdata          main.o
    0x08017410   0x00000240   Data   RO          125    .constdata          main.o
    0x08017650   0x00000008   Data   RO          126    .constdata          main.o
    0x08017658   0x00000240   Data   RO          127    .constdata          main.o
    0x08017898   0x00000008   Data   RO          128    .constdata          main.o
    0x080178a0   0x00000240   Data   RO          129    .constdata          main.o
    0x08017ae0   0x00000008   Data   RO          130    .constdata          main.o
    0x08017ae8   0x00000240   Data   RO          131    .constdata          main.o
    0x08017d28   0x00000008   Data   RO          132    .constdata          main.o
    0x08017d30   0x00000240   Data   RO          133    .constdata          main.o
    0x08017f70   0x00000008   Data   RO          134    .constdata          main.o
    0x08017f78   0x00000240   Data   RO          135    .constdata          main.o
    0x080181b8   0x00000008   Data   RO          136    .constdata          main.o
    0x080181c0   0x00000240   Data   RO          137    .constdata          main.o
    0x08018400   0x00000008   Data   RO          138    .constdata          main.o
    0x08018408   0x00000240   Data   RO          139    .constdata          main.o
    0x08018648   0x00000008   Data   RO          140    .constdata          main.o
    0x08018650   0x00000240   Data   RO          141    .constdata          main.o
    0x08018890   0x00000008   Data   RO          142    .constdata          main.o
    0x08018898   0x00000240   Data   RO          143    .constdata          main.o
    0x08018ad8   0x00000008   Data   RO          144    .constdata          main.o
    0x08018ae0   0x00000240   Data   RO          145    .constdata          main.o
    0x08018d20   0x00000008   Data   RO          146    .constdata          main.o
    0x08018d28   0x00000240   Data   RO          147    .constdata          main.o
    0x08018f68   0x00000008   Data   RO          148    .constdata          main.o
    0x08018f70   0x00000240   Data   RO          149    .constdata          main.o
    0x080191b0   0x00000008   Data   RO          150    .constdata          main.o
    0x080191b8   0x00000240   Data   RO          151    .constdata          main.o
    0x080193f8   0x00000008   Data   RO          152    .constdata          main.o
    0x08019400   0x00000240   Data   RO          153    .constdata          main.o
    0x08019640   0x00000008   Data   RO          154    .constdata          main.o
    0x08019648   0x00000240   Data   RO          155    .constdata          main.o
    0x08019888   0x00000008   Data   RO          156    .constdata          main.o
    0x08019890   0x00000240   Data   RO          157    .constdata          main.o
    0x08019ad0   0x00000008   Data   RO          158    .constdata          main.o
    0x08019ad8   0x00000240   Data   RO          159    .constdata          main.o
    0x08019d18   0x00000008   Data   RO          160    .constdata          main.o
    0x08019d20   0x00000240   Data   RO          161    .constdata          main.o
    0x08019f60   0x00000008   Data   RO          162    .constdata          main.o
    0x08019f68   0x00000240   Data   RO          163    .constdata          main.o
    0x0801a1a8   0x00000008   Data   RO          164    .constdata          main.o
    0x0801a1b0   0x00000240   Data   RO          165    .constdata          main.o
    0x0801a3f0   0x00000008   Data   RO          166    .constdata          main.o
    0x0801a3f8   0x00000240   Data   RO          167    .constdata          main.o
    0x0801a638   0x00000008   Data   RO          168    .constdata          main.o
    0x0801a640   0x00000240   Data   RO          169    .constdata          main.o
    0x0801a880   0x00000008   Data   RO          170    .constdata          main.o
    0x0801a888   0x00000240   Data   RO          171    .constdata          main.o
    0x0801aac8   0x00000008   Data   RO          172    .constdata          main.o
    0x0801aad0   0x00000240   Data   RO          173    .constdata          main.o
    0x0801ad10   0x00000008   Data   RO          174    .constdata          main.o
    0x0801ad18   0x00000240   Data   RO          175    .constdata          main.o
    0x0801af58   0x00000008   Data   RO          176    .constdata          main.o
    0x0801af60   0x00000240   Data   RO          177    .constdata          main.o
    0x0801b1a0   0x00000008   Data   RO          178    .constdata          main.o
    0x0801b1a8   0x00000240   Data   RO          179    .constdata          main.o
    0x0801b3e8   0x00000008   Data   RO          180    .constdata          main.o
    0x0801b3f0   0x00000240   Data   RO          181    .constdata          main.o
    0x0801b630   0x00000008   Data   RO          182    .constdata          main.o
    0x0801b638   0x00000240   Data   RO          183    .constdata          main.o
    0x0801b878   0x00000008   Data   RO          184    .constdata          main.o
    0x0801b880   0x00000240   Data   RO          185    .constdata          main.o
    0x0801bac0   0x00000008   Data   RO          186    .constdata          main.o
    0x0801bac8   0x00000240   Data   RO          187    .constdata          main.o
    0x0801bd08   0x00000008   Data   RO          188    .constdata          main.o
    0x0801bd10   0x00000240   Data   RO          189    .constdata          main.o
    0x0801bf50   0x00000008   Data   RO          190    .constdata          main.o
    0x0801bf58   0x00000240   Data   RO          191    .constdata          main.o
    0x0801c198   0x00000008   Data   RO          192    .constdata          main.o
    0x0801c1a0   0x00000240   Data   RO          193    .constdata          main.o
    0x0801c3e0   0x00000008   Data   RO          194    .constdata          main.o
    0x0801c3e8   0x00000240   Data   RO          195    .constdata          main.o
    0x0801c628   0x00000008   Data   RO          196    .constdata          main.o
    0x0801c630   0x00000240   Data   RO          197    .constdata          main.o
    0x0801c870   0x00000008   Data   RO          198    .constdata          main.o
    0x0801c878   0x000002f8   Data   RO          199    .constdata          main.o
    0x0801cb70   0x00000010   Data   RO          991    .constdata          stm32f4xx_hal_rcc.o
    0x0801cb80   0x00000020   Data   RO         1564    .constdata          physic.o
    0x0801cba0   0x00000098   Data   RO         2113    .constdata          m_wm.l(atan.o)
    0x0801cc38   0x00000020   Data   RO         2352    .constdata          m_wm.l(rredf.o)
    0x0801cc58   0x00000010   Data   RO         1408    .constdata__ZTV12LcdDriverDef  device.o
    0x0801cc68   0x0000000c   Data   RO          226    .constdata__ZTVN6Physic11Ball2DGroupE  main.o
    0x0801cc74   0x00000030   Data   RO         2529    Region$$Table       anon$$obj.o
    0x0801cca4   0x00000004   Data   RO          204    .init_array         main.o
    0x0801cca8   0x00000004   Data   RO         1387    .init_array         device.o
    0x0801ccac   0x00000000   Data   RO         1978    .init_array         c_w.l(init_aeabi.o)


    Execution Region RW_IRAM2 (Base: 0x10000000, Size: 0x000009b0, Max: 0x00010000, ABSOLUTE)

    Base Addr    Size         Type   Attr      Idx    E Section Name        Object

    0x10000000   0x00000008   Data   RW          203    .data               main.o
    0x10000008   0x00000004   Data   RW          583    .data               stm32f4xx_hal.o
    0x1000000c   0x00000001   Data   RW         1386    .data               device.o
    0x1000000d   0x00000003   PAD
    0x10000010   0x00000014   Data   RW         1928    .data               system_stm32f4xx.o
    0x10000024   0x000001d0   Zero   RW         1043    .bss                init.o
    0x100001f4   0x00000014   Zero   RW         1312    .bss                gpio_ex.o
    0x10000208   0x00000064   Zero   RW         1385    .bss                device.o
    0x1000026c   0x000000e4   Zero   RW         1963    .bss                c_w.l(rand.o)
    0x10000350   0x00000060   Zero   RW         2149    .bss                c_w.l(libspace.o)
    0x100003b0   0x00000200   Zero   RW         1917    HEAP                startup_stm32f417xx.o
    0x100005b0   0x00000400   Zero   RW         1916    STACK               startup_stm32f417xx.o


    Execution Region RW_IRAM1 (Base: 0x20000000, Size: 0x00013e34, Max: 0x00020000, ABSOLUTE)

    Base Addr    Size         Type   Attr      Idx    E Section Name        Object

    0x20000000   0x00013e34   Zero   RW            6    .bss                main.o


==============================================================================

Image component sizes


      Code (inc. data)   RO Data    RW Data    ZI Data      Debug   Object Name

        72          0          0          0          0       2920   affine_tf.o
       154         40         20          1        100       4683   device.o
        98          0          0          0          0        912   dtostr.o
       940          0          0          0          0       8896   geometry.o
       228         10          0          0         20       3653   gpio_ex.o
      1136        100          0          0        464       3875   init.o
        18          0          0          0          0       2512   locker.o
      1402         82      58364          8      81460     305433   main.o
      1310        146          0          0          0      11032   memory_alloc.o
      4202         74         32          0          0      43572   physic.o
       942          6          0          0          0      30688   screen.o
        64         26        392          0       1536        836   startup_stm32f417xx.o
       364         26          0          4          0     381934   stm32f4xx_hal.o
       508         12          0          0          0      31554   stm32f4xx_hal_cortex.o
     18120        912          0          0          0      17226   stm32f4xx_hal_dma.o
       952         20          0          0          0       4087   stm32f4xx_hal_gpio.o
      2592        132         16          0          0       6827   stm32f4xx_hal_rcc.o
      4840         44          0          0          0      14736   stm32f4xx_hal_spi.o
       808          8          0          0          0       6744   stm32f4xx_hal_sram.o
      8556         60          0          0          0      32414   stm32f4xx_hal_tim.o
      2864         22          0          0          0      11870   stm32f4xx_hal_tim_ex.o
        44         10          0          0          0       1620   stm32f4xx_it.o
       884          8          0          0          0       6540   stm32f4xx_ll_fsmc.o
       232         44          0         20          0       1673   system_stm32f4xx.o
       428          0          0          0          0       7368   terminal_interface.o
      1066         16          0          0          0       6555   tftili9486.o

    ----------------------------------------------------------------------
     52828       1798      58874         36      83580     950160   Object Totals
         0          0         48          0          0          0   (incl. Generated)
         4          0          2          3          0          0   (incl. Padding)

    ----------------------------------------------------------------------

      Code (inc. data)   RO Data    RW Data    ZI Data      Debug   Library Member Name

         8          0          0          0          0         68   __main.o
         0          0          0          0          0          0   __rtentry.o
        12          0          0          0          0          0   __rtentry2.o
         6          0          0          0          0          0   __rtentry4.o
        52          8          0          0          0          0   __scatter.o
        26          0          0          0          0          0   __scatter_copy.o
        28          0          0          0          0          0   __scatter_zi.o
        22          0          0          0          0        100   _rserrno.o
        10          0          0          0          0         68   defsig_exit.o
        50          0          0          0          0         88   defsig_general.o
        80         58          0          0          0         76   defsig_rtmem_inner.o
        14          0          0          0          0         80   defsig_rtmem_outer.o
        12          0          0          0          0         72   exit.o
        94          0          0          0          0         80   h1_alloc.o
        52          0          0          0          0         68   h1_extend.o
        78          0          0          0          0         80   h1_free.o
        14          0          0          0          0         84   h1_init.o
         6          0          0          0          0        152   heapauxi.o
         4          0          0          0          0        136   hguard.o
         0          0          0          0          0          0   indicate_semi.o
        36         10          0          0          0         80   init_aeabi.o
       138          0          0          0          0        168   init_alloc.o
         2          0          0          0          0          0   libinit.o
        22          0          0          0          0          0   libinit2.o
         2          0          0          0          0          0   libshutdown.o
         8          0          0          0          0          0   libshutdown2.o
         8          4          0          0         96         68   libspace.o
         0          0          0          0          0          0   maybetermalloc1.o
       112         18          0          0        228        160   rand.o
         8          4          0          0          0         68   rt_ddtor_pointer_addr_intlibspace.o
         8          4          0          0          0         68   rt_errno_addr_intlibspace.o
         8          4          0          0          0         68   rt_heap_descriptor_intlibspace.o
       100          0          0          0          0         80   rt_memcpy_w.o
         2          0          0          0          0          0   rtexit.o
        10          0          0          0          0          0   rtexit2.o
        62          0          0          0          0         76   strlen.o
        12          4          0          0          0         68   sys_exit.o
        74          0          0          0          0         80   sys_stackheap_outer.o
        14          0          0          0          0         76   sys_wrch.o
         2          0          0          0          0         68   use_no_semi.o
        50          0          0          0          0         84   aeabi_atexit.o
        36          0          0          0          0         84   aeabi_vec_ctor_nocookie_nodtor.o
        34          0          0          0          0         84   aeabi_vec_dtor_noexceptions.o
        66          0          0          0          0         84   cxa_finalize.o
        24          0          0          0          0        164   basic.o
        98          4          0          0          0        140   d2f.o
       826         16          0          0          0        492   daddsub_clz.o
       688        140          0          0          0        256   ddiv.o
       340         12          0          0          0        152   dmul.o
       156          4          0          0          0        140   dnaninf.o
        12          0          0          0          0        116   dretinf.o
        86          4          0          0          0        132   f2d.o
       140          4          0          0          0        132   fnaninf.o
        10          0          0          0          0        116   fpinit.o
        10          0          0          0          0        116   fretinf.o
         0          0          0          0          0          0   usenofp.o
       728        106        152          0          0        228   atan.o
       336         56          0          0          0        136   cosf.o
        52          8          0          0          0        248   dunder.o
        24          0          0          0          0        124   fabs.o
        48          0          0          0          0        124   fpclassify.o
        38          0          0          0          0        116   fpclassifyf.o
        38         12          0          0          0        348   funder.o
       248          0          0          0          0        152   poly.o
       340         24         32          0          0        160   rredf.o
       400         56          0          0          0        212   sinf.o

    ----------------------------------------------------------------------
      6046        560        184          0        324       6420   Library Totals
        22          0          0          0          0          0   (incl. Padding)

    ----------------------------------------------------------------------

      Code (inc. data)   RO Data    RW Data    ZI Data      Debug   Library Name

      1196        114          0          0        324       2280   c_w.l
       186          0          0          0          0        336   cpprt_w.l
      2390        184          0          0          0       1956   fz_wm.l
      2252        262        184          0          0       1848   m_wm.l

    ----------------------------------------------------------------------
      6046        560        184          0        324       6420   Library Totals

    ----------------------------------------------------------------------

==============================================================================


      Code (inc. data)   RO Data    RW Data    ZI Data      Debug   

     58874       2358      59058         36      83904     937024   Grand Totals
     58874       2358      59058         36      83904     937024   ELF Image Totals
     58874       2358      59058         36          0          0   ROM Totals

==============================================================================

    Total RO  Size (Code + RO Data)               117932 ( 115.17kB)
    Total RW  Size (RW Data + ZI Data)             83940 (  81.97kB)
    Total ROM Size (Code + RO Data + RW Data)     117968 ( 115.20kB)

==============================================================================

