Component: ARM Compiler 5.05 update 1 (build 106) Tool: armlink [4d0efa]

==============================================================================

Section Cross References

    main.o(.text) refers to stm32f4xx_hal.o(.text) for HAL_Init
    main.o(.text) refers to init.o(.text) for SystemClock_Config()
    main.o(.text) refers to memory_alloc.o(.text) for MemoryAllocator::operator ()(void*, unsigned)
    main.o(.text) refers to main.o(t._ZN14Frame2DManagerIsEclEv) for Frame2DManager<short>::operator ()()
    main.o(.text) refers to main.o(t._ZN14Frame2DManagerIsE6CreateE3b2D) for Frame2DManager<short>::Create(b2D)
    main.o(.text) refers to screen.o(.text) for ScreenManager::operator ()()
    main.o(.text) refers to main.o(t._ZN11Print_ClassI6ScreenE7UseFontEPK5tFont) for Print_Class<Screen>::UseFont(const tFont*)
    main.o(.text) refers to tftili9486.o(.text) for LcdDriverDef::Init(unsigned)
    main.o(.text) refers to physic.o(.text) for Physic::Ball2DGroup::operator ()(b2D, float, float)
    main.o(.text) refers to main.o(t._ZN10Fill_ClassI6ScreenE4FillEt) for Fill_Class<Screen>::Fill(unsigned short)
    main.o(.text) refers to main.o(t._ZN12Bitmap_ClassI6ScreenE4FillI8tTextureEEiPT_t) for int Bitmap_Class<Screen>::Fill<tTexture>(T1*, unsigned short)
    main.o(.text) refers to main.o(t._ZN12Bitmap_ClassI6ScreenE13NewBitmapOpenER8tTexture) for Bitmap_Class<Screen>::NewBitmapOpen(tTexture&)
    main.o(.text) refers to main.o(t._ZN15Rectangle_ClassI6ScreenE4DrawE3b2Dt) for Rectangle_Class<Screen>::Draw(b2D, unsigned short)
    main.o(.text) refers to main.o(t._ZN12Bitmap_ClassI6ScreenE14NewBitmapCloseEv) for Bitmap_Class<Screen>::NewBitmapClose()
    main.o(.text) refers to main.o(t._ZN12Bitmap_ClassI6ScreenE8SetScaleEff) for Bitmap_Class<Screen>::SetScale(float, float)
    main.o(.text) refers to main.o(t._ZN12Bitmap_ClassI6ScreenE4DrawI8tTextureEEissPT_t) for int Bitmap_Class<Screen>::Draw<tTexture>(short, short, T1*, unsigned short)
    main.o(.text) refers to main.o(t._ZN12Circle_ClassI6ScreenE4DrawEssft) for Circle_Class<Screen>::Draw(short, short, float, unsigned short)
    main.o(.text) refers to aeabi_atexit.o(i.__aeabi_atexit) for __aeabi_atexit
    main.o(.text) refers to device.o(.bss) for Heap
    main.o(.text) refers to main.o(.constdata) for .constdata
    main.o(.text) refers to main.o(.data) for .data
    main.o(.text) refers to main.o(.bss) for .bss
    main.o(.ARM.exidx) refers to main.o(.text) for .text
    main.o(.constdata) refers to main.o(.constdata) for image_data_Font_0x20
    main.o(.constdata) refers to main.o(.constdata) for image_data_Font_0x21
    main.o(.constdata) refers to main.o(.constdata) for image_data_Font_0x22
    main.o(.constdata) refers to main.o(.constdata) for image_data_Font_0x23
    main.o(.constdata) refers to main.o(.constdata) for image_data_Font_0x24
    main.o(.constdata) refers to main.o(.constdata) for image_data_Font_0x25
    main.o(.constdata) refers to main.o(.constdata) for image_data_Font_0x26
    main.o(.constdata) refers to main.o(.constdata) for image_data_Font_0x27
    main.o(.constdata) refers to main.o(.constdata) for image_data_Font_0x28
    main.o(.constdata) refers to main.o(.constdata) for image_data_Font_0x29
    main.o(.constdata) refers to main.o(.constdata) for image_data_Font_0x2a
    main.o(.constdata) refers to main.o(.constdata) for image_data_Font_0x2b
    main.o(.constdata) refers to main.o(.constdata) for image_data_Font_0x2c
    main.o(.constdata) refers to main.o(.constdata) for image_data_Font_0x2d
    main.o(.constdata) refers to main.o(.constdata) for image_data_Font_0x2e
    main.o(.constdata) refers to main.o(.constdata) for image_data_Font_0x2f
    main.o(.constdata) refers to main.o(.constdata) for image_data_Font_0x30
    main.o(.constdata) refers to main.o(.constdata) for image_data_Font_0x31
    main.o(.constdata) refers to main.o(.constdata) for image_data_Font_0x32
    main.o(.constdata) refers to main.o(.constdata) for image_data_Font_0x33
    main.o(.constdata) refers to main.o(.constdata) for image_data_Font_0x34
    main.o(.constdata) refers to main.o(.constdata) for image_data_Font_0x35
    main.o(.constdata) refers to main.o(.constdata) for image_data_Font_0x36
    main.o(.constdata) refers to main.o(.constdata) for image_data_Font_0x37
    main.o(.constdata) refers to main.o(.constdata) for image_data_Font_0x38
    main.o(.constdata) refers to main.o(.constdata) for image_data_Font_0x39
    main.o(.constdata) refers to main.o(.constdata) for image_data_Font_0x3a
    main.o(.constdata) refers to main.o(.constdata) for image_data_Font_0x3b
    main.o(.constdata) refers to main.o(.constdata) for image_data_Font_0x3c
    main.o(.constdata) refers to main.o(.constdata) for image_data_Font_0x3d
    main.o(.constdata) refers to main.o(.constdata) for image_data_Font_0x3e
    main.o(.constdata) refers to main.o(.constdata) for image_data_Font_0x3f
[...]
    SpiSoftTypeDef::Init()                   0x0800ab4d   Thumb Code    16  gpio_ex.o(.text)
    SpiSoftTypeDef::Select()                 0x0800ab5d   Thumb Code    10  gpio_ex.o(.text)
    SpiSoftTypeDef::DeSelect()               0x0800ab67   Thumb Code     8  gpio_ex.o(.text)
    SpiSoftTypeDef::DummyClock()             0x0800ab6f   Thumb Code    14  gpio_ex.o(.text)
    SpiSoftTypeDef::Send_9bit_Data(bool, unsigned char) 0x0800ab7d   Thumb Code    78  gpio_ex.o(.text)
    SpiSoftTypeDef::Read_8bit_Data()         0x0800abcb   Thumb Code     4  gpio_ex.o(.text)
    Test(unsigned short, unsigned short)     0x0800abd9   Thumb Code     4  tftili9486.o(.text)
    LcdDriverDef::LcdDriverDef(GPIO_TypeDef*, SpiSoftTypeDef&, unsigned) 0x0800abdd   Thumb Code    16  tftili9486.o(.text)
    LcdDriverDef::LcdDriverDef__sub_object(GPIO_TypeDef*, SpiSoftTypeDef&, unsigned) 0x0800abdd   Thumb Code     0  tftili9486.o(.text)
    LcdDriverDef::Backlight(unsigned char)   0x0800abed   Thumb Code     6  tftili9486.o(.text)
    LcdDriverDef::DotClk(unsigned)           0x0800abf3   Thumb Code    20  tftili9486.o(.text)
    LcdDriverDef::HsClk()                    0x0800ac07   Thumb Code    30  tftili9486.o(.text)
    LcdDriverDef::VsClk()                    0x0800ac25   Thumb Code    20  tftili9486.o(.text)
    LcdDriverDef::DotClk()                   0x0800ac39   Thumb Code    12  tftili9486.o(.text)
    LcdDriverDef::PutColor(unsigned short)   0x0800ac45   Thumb Code     6  tftili9486.o(.text)
    LcdDriverDef::Fill(unsigned short, unsigned short, unsigned short) 0x0800ac4b   Thumb Code    58  tftili9486.o(.text)
    LcdDriverDef::Fill(const tImage&, unsigned, unsigned) 0x0800ac85   Thumb Code   132  tftili9486.o(.text)
    LcdDriverDef::WrData8(unsigned char)     0x0800ad09   Thumb Code    16  tftili9486.o(.text)
    LcdDriverDef::WrCmd8(unsigned char)      0x0800ad19   Thumb Code    16  tftili9486.o(.text)
    LcdDriverDef::Window(unsigned short, unsigned short, unsigned short, unsigned short) 0x0800ad29   Thumb Code   140  tftili9486.o(.text)
    LcdDriverDef::Fill(Frame2D<short>&, b2D) 0x0800adb5   Thumb Code   194  tftili9486.o(.text)
    LcdDriverDef::RstHw()                    0x0800ae77   Thumb Code    36  tftili9486.o(.text)
    LcdDriverDef::Init(unsigned)             0x0800ae9b   Thumb Code   278  tftili9486.o(.text)
    LcdDriverDef::DummyCycle(unsigned)       0x0800afb1   Thumb Code     6  tftili9486.o(.text)
    LcdDriverDef::Rd8()                      0x0800afb7   Thumb Code    22  tftili9486.o(.text)
    Alloc(unsigned)                          0x0800afdd   Thumb Code     8  device.o(.text)
    Free(void*)                              0x0800afe5   Thumb Code     8  device.o(.text)
    LcdDriverDef::ExtInput(b2D, unsigned)    0x0800afed   Thumb Code     6  device.o(.text)
    LcdDriverDef::BcklApply(unsigned char)   0x0800aff3   Thumb Code    12  device.o(.text)
    NMI_Handler                              0x0800b055   Thumb Code     2  stm32f4xx_it.o(.text)
    HardFault_Handler                        0x0800b057   Thumb Code     2  stm32f4xx_it.o(.text)
    MemManage_Handler                        0x0800b059   Thumb Code     2  stm32f4xx_it.o(.text)
    BusFault_Handler                         0x0800b05b   Thumb Code     2  stm32f4xx_it.o(.text)
    UsageFault_Handler                       0x0800b05d   Thumb Code     2  stm32f4xx_it.o(.text)
    SVC_Handler                              0x0800b05f   Thumb Code     2  stm32f4xx_it.o(.text)
    DebugMon_Handler                         0x0800b061   Thumb Code     2  stm32f4xx_it.o(.text)
    PendSV_Handler                           0x0800b063   Thumb Code     2  stm32f4xx_it.o(.text)
    SysTick_Handler                          0x0800b065   Thumb Code     4  stm32f4xx_it.o(.text)
    EXTI0_IRQHandler                         0x0800b069   Thumb Code     2  stm32f4xx_it.o(.text)
    TIM1_UP_TIM10_IRQHandler                 0x0800b06b   Thumb Code     6  stm32f4xx_it.o(.text)
    TIM2_IRQHandler                          0x0800b071   Thumb Code     6  stm32f4xx_it.o(.text)
    Coordinates::Place(b2D)                  0x0800b081   Thumb Code    18  geometry.o(.text)
    Coordinates::Place(short, short)         0x0800b093   Thumb Code     6  geometry.o(.text)
    Coordinates::Dispose(b2D)                0x0800b099   Thumb Code    30  geometry.o(.text)
    Coordinates::Dispose(short, short, short, short) 0x0800b0b7   Thumb Code    16  geometry.o(.text)
    Coordinates::GetRect()                   0x0800b0c7   Thumb Code    38  geometry.o(.text)
    Coordinates::GetxRect()                  0x0800b0ed   Thumb Code    40  geometry.o(.text)
    Coordinates::GetyRect()                  0x0800b115   Thumb Code    40  geometry.o(.text)
    Coordinates::GetxyRect()                 0x0800b13d   Thumb Code    42  geometry.o(.text)
    Coordinates::GetH()                      0x0800b167   Thumb Code     6  geometry.o(.text)
    Coordinates::GetW()                      0x0800b16d   Thumb Code     6  geometry.o(.text)
    Coordinates::AllignLeft(b2D)             0x0800b173   Thumb Code    12  geometry.o(.text)
    Coordinates::AllignRight(b2D)            0x0800b17f   Thumb Code    24  geometry.o(.text)
    Coordinates::AllignTop(b2D)              0x0800b197   Thumb Code    24  geometry.o(.text)
    Coordinates::AllignBottom(b2D)           0x0800b1af   Thumb Code    12  geometry.o(.text)
    Coordinates::Trunc(b2D*, b2D)            0x0800b1bb   Thumb Code    72  geometry.o(.text)
    Coordinates::Trunc(b2D*)                 0x0800b203   Thumb Code   102  geometry.o(.text)
    Coordinates::TruncLine(short, short, short, short) 0x0800b269   Thumb Code   128  geometry.o(.text)
    gTest::TestLineIntersect(float, float, float, float, float, float, float, float) 0x0800b2e9   Thumb Code    72  geometry.o(.text)
    gTest::TestBoxBounds(f2D, f2D)           0x0800b331   Thumb Code   154  geometry.o(.text)
    gTest::TestPointInBox(f2D, float, float) 0x0800b3cb   Thumb Code    98  geometry.o(.text)
    Locker::Locker()                         0x0800b42d   Thumb Code     2  locker.o(.text)
    Locker::Locker__sub_object()             0x0800b42d   Thumb Code     0  locker.o(.text)
    Locker::Unlock(unsigned)                 0x0800b42f   Thumb Code     6  locker.o(.text)
    Locker::Lock(unsigned)                   0x0800b435   Thumb Code     6  locker.o(.text)
    Locker::Test()                           0x0800b43b   Thumb Code     4  locker.o(.text)
    Affine_Body::Affine_Body()               0x0800b43f   Thumb Code     2  affine_tf.o(.text)
    Affine_Body::Affine_Body__sub_object()   0x0800b43f   Thumb Code     0  affine_tf.o(.text)
    Affine_Body::operator ()()               0x0800b441   Thumb Code     2  affine_tf.o(.text)
    Affine_Body::PointRotateZ(float, float, float, float, float) 0x0800b443   Thumb Code    40  affine_tf.o(.text)
    Affine_Body::PointRotateZ(f2D, float)    0x0800b46b   Thumb Code    28  affine_tf.o(.text)
    STR::itoa(int, char*, unsigned)          0x0800b4ab   Thumb Code    62  dtostr.o(.text)
    Physic::Bounce::Bounce()                 0x0800b4e9   Thumb Code     2  physic.o(.text)
    Physic::Bounce::Bounce__sub_object()     0x0800b4e9   Thumb Code     0  physic.o(.text)
    Physic::Bounce::operator ()(float, float, float, float, float) 0x0800b4eb   Thumb Code    62  physic.o(.text)
    Physic::Bounce::Step()                   0x0800b529   Thumb Code   200  physic.o(.text)
    Physic::Bounce::Step(float)              0x0800b5f1   Thumb Code     6  physic.o(.text)
    Physic::Ball2D::Ball2D()                 0x0800b5f7   Thumb Code     2  physic.o(.text)
    Physic::Ball2D::Ball2D__sub_object()     0x0800b5f7   Thumb Code     0  physic.o(.text)
    Physic::Ball2D::Dir(float)               0x0800b5f9   Thumb Code    54  physic.o(.text)
    Physic::Ball2D::operator ()(float, float, float) 0x0800b62f   Thumb Code    50  physic.o(.text)
    Physic::Ball2D::Test(b2D, float&)        0x0800b661   Thumb Code   184  physic.o(.text)
    Physic::Ball2D::Step(b2D)                0x0800b719   Thumb Code   142  physic.o(.text)
    Physic::Ball2D::Step()                   0x0800b7a7   Thumb Code    38  physic.o(.text)
    Physic::Ball2D::Test(float, float, float, float) 0x0800b7cd   Thumb Code   212  physic.o(.text)
    Physic::Ball2D::Dir(float, float)        0x0800b8a1   Thumb Code    30  physic.o(.text)
    Physic::Ball2D::Test(Physic::Ball2D&)    0x0800b8bf   Thumb Code   324  physic.o(.text)
    Physic::Ball2D::SwapP(Physic::Ball2D&)   0x0800ba03   Thumb Code   144  physic.o(.text)
    Physic::Ball2DGroup::Ball2DGroup()       0x0800ba93   Thumb Code    16  physic.o(.text)
    Physic::Ball2DGroup::Ball2DGroup__sub_object() 0x0800ba93   Thumb Code     0  physic.o(.text)
    Physic::Ball2DGroup::operator ()(b2D, float, float) 0x0800baa3   Thumb Code    26  physic.o(.text)
    Physic::Ball2DGroup::Step()              0x0800babd   Thumb Code   236  physic.o(.text)
    Physic::Ball2DGroup::Add(unsigned)       0x0800bba9   Thumb Code   114  physic.o(.text)
    Physic::Ball2DGroup::Add(float, float, float) 0x0800bc1b   Thumb Code    86  physic.o(.text)
    Physic::Ball2DGroup::Remove(unsigned)    0x0800bc71   Thumb Code     2  physic.o(.text)
    Physic::Ball2DGroup::Draw()              0x0800bc73   Thumb Code   102  physic.o(.text)
    Physic::StarDust::StarDust()             0x0800bcd9   Thumb Code    10  physic.o(.text)
    Physic::StarDust::StarDust__sub_object() 0x0800bcd9   Thumb Code     0  physic.o(.text)
    Physic::StarDust::~StarDust()            0x0800bce3   Thumb Code     2  physic.o(.text)
    Physic::StarDust::~StarDust__sub_object() 0x0800bce3   Thumb Code     0  physic.o(.text)
    Physic::StarDust::operator ()()          0x0800bce5   Thumb Code     6  physic.o(.text)
    Physic::StarDust::SetUp(Physic::DustPart*, unsigned) 0x0800bceb   Thumb Code   110  physic.o(.text)
    Physic::StarDust::Add(float)             0x0800bd59   Thumb Code    98  physic.o(.text)
    Physic::StarDust::Add(unsigned)          0x0800bdbb   Thumb Code     2  physic.o(.text)
    Physic::StarDust::Remove(unsigned)       0x0800bdbd   Thumb Code     2  physic.o(.text)
    Physic::StarDust::Test(Physic::DustPart&, Physic::DustPart&) 0x0800bdbf   Thumb Code   112  physic.o(.text)
    Physic::StarDust::Step(b2D)              0x0800be2f   Thumb Code   434  physic.o(.text)
    Physic::StarDust::Draw()                 0x0800bfe1   Thumb Code   114  physic.o(.text)
    Physic::StarDust::TestAround(Physic::DustPart&) 0x0800c053   Thumb Code   260  physic.o(.text)
    MemoryAllocator::Separate(MemoryChunk*, unsigned) 0x0800c159   Thumb Code    16  memory_alloc.o(.text)
    MemoryAllocator::New(unsigned)           0x0800c169   Thumb Code   156  memory_alloc.o(.text)
    MemoryAllocator::operator ()(void*, unsigned) 0x0800c205   Thumb Code    64  memory_alloc.o(.text)
    MemoryAllocator::Sanitize(List_Iterator<MemoryChunk>&) 0x0800c245   Thumb Code   142  memory_alloc.o(.text)
    MemoryAllocator::Delete(void*)           0x0800c2d3   Thumb Code   126  memory_alloc.o(.text)
    MemoryAllocator::Check()                 0x0800c351   Thumb Code     4  memory_alloc.o(.text)
    MemoryAllocator::PrintTable()            0x0800c355   Thumb Code   406  memory_alloc.o(.text)
    Reset_Handler                            0x0800c57d   Thumb Code     8  startup_stm32f417xx.o(.text)
    ADC_IRQHandler                           0x0800c597   Thumb Code     0  startup_stm32f417xx.o(.text)
    CAN1_RX0_IRQHandler                      0x0800c597   Thumb Code     0  startup_stm32f417xx.o(.text)
    CAN1_RX1_IRQHandler                      0x0800c597   Thumb Code     0  startup_stm32f417xx.o(.text)
    CAN1_SCE_IRQHandler                      0x0800c597   Thumb Code     0  startup_stm32f417xx.o(.text)
    CAN1_TX_IRQHandler                       0x0800c597   Thumb Code     0  startup_stm32f417xx.o(.text)
    CAN2_RX0_IRQHandler                      0x0800c597   Thumb Code     0  startup_stm32f417xx.o(.text)
    CAN2_RX1_IRQHandler                      0x0800c597   Thumb Code     0  startup_stm32f417xx.o(.text)
    CAN2_SCE_IRQHandler                      0x0800c597   Thumb Code     0  startup_stm32f417xx.o(.text)
    CAN2_TX_IRQHandler                       0x0800c597   Thumb Code     0  startup_stm32f417xx.o(.text)
    CRYP_IRQHandler                          0x0800c597   Thumb Code     0  startup_stm32f417xx.o(.text)
    DCMI_IRQHandler                          0x0800c597   Thumb Code     0  startup_stm32f417xx.o(.text)
    DMA1_Stream0_IRQHandler                  0x0800c597   Thumb Code     0  startup_stm32f417xx.o(.text)
    DMA1_Stream1_IRQHandler                  0x0800c597   Thumb Code     0  startup_stm32f417xx.o(.text)
    DMA1_Stream2_IRQHandler                  0x0800c597   Thumb Code     0  startup_stm32f417xx.o(.text)
    DMA1_Stream3_IRQHandler                  0x0800c597   Thumb Code     0  startup_stm32f417xx.o(.text)
    DMA1_Stream4_IRQHandler                  0x0800c597   Thumb Code     0  startup_stm32f417xx.o(.text)
    DMA1_Stream5_IRQHandler                  0x0800c597   Thumb Code     0  startup_stm32f417xx.o(.text)
    DMA1_Stream6_IRQHandler                  0x0800c597   Thumb Code     0  startup_stm32f417xx.o(.text)
    DMA1_Stream7_IRQHandler                  0x0800c597   Thumb Code     0  startup_stm32f417xx.o(.text)
    DMA2_Stream0_IRQHandler                  0x0800c597   Thumb Code     0  startup_stm32f417xx.o(.text)
    DMA2_Stream1_IRQHandler                  0x0800c597   Thumb Code     0  startup_stm32f417xx.o(.text)
    DMA2_Stream2_IRQHandler                  0x0800c597   Thumb Code     0  startup_stm32f417xx.o(.text)
    DMA2_Stream3_IRQHandler                  0x0800c597   Thumb Code     0  startup_stm32f417xx.o(.text)
    DMA2_Stream4_IRQHandler                  0x0800c597   Thumb Code     0  startup_stm32f417xx.o(.text)
    DMA2_Stream5_IRQHandler                  0x0800c597   Thumb Code     0  startup_stm32f417xx.o(.text)
    DMA2_Stream6_IRQHandler                  0x0800c597   Thumb Code     0  startup_stm32f417xx.o(.text)
    DMA2_Stream7_IRQHandler                  0x0800c597   Thumb Code     0  startup_stm32f417xx.o(.text)
    ETH_IRQHandler                           0x0800c597   Thumb Code     0  startup_stm32f417xx.o(.text)
    ETH_WKUP_IRQHandler                      0x0800c597   Thumb Code     0  startup_stm32f417xx.o(.text)
    EXTI15_10_IRQHandler                     0x0800c597   Thumb Code     0  startup_stm32f417xx.o(.text)
    EXTI1_IRQHandler                         0x0800c597   Thumb Code     0  startup_stm32f417xx.o(.text)
    EXTI2_IRQHandler                         0x0800c597   Thumb Code     0  startup_stm32f417xx.o(.text)
    EXTI3_IRQHandler                         0x0800c597   Thumb Code     0  startup_stm32f417xx.o(.text)
    EXTI4_IRQHandler                         0x0800c597   Thumb Code     0  startup_stm32f417xx.o(.text)
    EXTI9_5_IRQHandler                       0x0800c597   Thumb Code     0  startup_stm32f417xx.o(.text)
    FLASH_IRQHandler                         0x0800c597   Thumb Code     0  startup_stm32f417xx.o(.text)
    FMC_IRQHandler                           0x0800c597   Thumb Code     0  startup_stm32f417xx.o(.text)
    FPU_IRQHandler                           0x0800c597   Thumb Code     0  startup_stm32f417xx.o(.text)
    HASH_RNG_IRQHandler                      0x0800c597   Thumb Code     0  startup_stm32f417xx.o(.text)
    I2C1_ER_IRQHandler                       0x0800c597   Thumb Code     0  startup_stm32f417xx.o(.text)
    I2C1_EV_IRQHandler                       0x0800c597   Thumb Code     0  startup_stm32f417xx.o(.text)
    I2C2_ER_IRQHandler                       0x0800c597   Thumb Code     0  startup_stm32f417xx.o(.text)
    I2C2_EV_IRQHandler                       0x0800c597   Thumb Code     0  startup_stm32f417xx.o(.text)
    I2C3_ER_IRQHandler                       0x0800c597   Thumb Code     0  startup_stm32f417xx.o(.text)
    I2C3_EV_IRQHandler                       0x0800c597   Thumb Code     0  startup_stm32f417xx.o(.text)
    OTG_FS_IRQHandler                        0x0800c597   Thumb Code     0  startup_stm32f417xx.o(.text)
    OTG_FS_WKUP_IRQHandler                   0x0800c597   Thumb Code     0  startup_stm32f417xx.o(.text)
    OTG_HS_EP1_IN_IRQHandler                 0x0800c597   Thumb Code     0  startup_stm32f417xx.o(.text)
    OTG_HS_EP1_OUT_IRQHandler                0x0800c597   Thumb Code     0  startup_stm32f417xx.o(.text)
    OTG_HS_IRQHandler                        0x0800c597   Thumb Code     0  startup_stm32f417xx.o(.text)
    OTG_HS_WKUP_IRQHandler                   0x0800c597   Thumb Code     0  startup_stm32f417xx.o(.text)
    PVD_IRQHandler                           0x0800c597   Thumb Code     0  startup_stm32f417xx.o(.text)
    RCC_IRQHandler                           0x0800c597   Thumb Code     0  startup_stm32f417xx.o(.text)
    RTC_Alarm_IRQHandler                     0x0800c597   Thumb Code     0  startup_stm32f417xx.o(.text)
    RTC_WKUP_IRQHandler                      0x0800c597   Thumb Code     0  startup_stm32f417xx.o(.text)
    SDIO_IRQHandler                          0x0800c597   Thumb Code     0  startup_stm32f417xx.o(.text)
    SPI1_IRQHandler                          0x0800c597   Thumb Code     0  startup_stm32f417xx.o(.text)
    SPI2_IRQHandler                          0x0800c597   Thumb Code     0  startup_stm32f417xx.o(.text)
    SPI3_IRQHandler                          0x0800c597   Thumb Code     0  startup_stm32f417xx.o(.text)
    TAMP_STAMP_IRQHandler                    0x0800c597   Thumb Code     0  startup_stm32f417xx.o(.text)
    TIM1_BRK_TIM9_IRQHandler                 0x0800c597   Thumb Code     0  startup_stm32f417xx.o(.text)
    TIM1_CC_IRQHandler                       0x0800c597   Thumb Code     0  startup_stm32f417xx.o(.text)
    TIM1_TRG_COM_TIM11_IRQHandler            0x0800c597   Thumb Code     0  startup_stm32f417xx.o(.text)
    TIM3_IRQHandler                          0x0800c597   Thumb Code     0  startup_stm32f417xx.o(.text)
    TIM4_IRQHandler                          0x0800c597   Thumb Code     0  startup_stm32f417xx.o(.text)
    TIM5_IRQHandler                          0x0800c597   Thumb Code     0  startup_stm32f417xx.o(.text)
    TIM6_DAC_IRQHandler                      0x0800c597   Thumb Code     0  startup_stm32f417xx.o(.text)
    TIM7_IRQHandler                          0x0800c597   Thumb Code     0  startup_stm32f417xx.o(.text)
    TIM8_BRK_TIM12_IRQHandler                0x0800c597   Thumb Code     0  startup_stm32f417xx.o(.text)
    TIM8_CC_IRQHandler                       0x0800c597   Thumb Code     0  startup_stm32f417xx.o(.text)
    TIM8_TRG_COM_TIM14_IRQHandler            0x0800c597   Thumb Code     0  startup_stm32f417xx.o(.text)
    TIM8_UP_TIM13_IRQHandler                 0x0800c597   Thumb Code     0  startup_stm32f417xx.o(.text)
    UART4_IRQHandler                         0x0800c597   Thumb Code     0  startup_stm32f417xx.o(.text)
    UART5_IRQHandler                         0x0800c597   Thumb Code     0  startup_stm32f417xx.o(.text)
    USART1_IRQHandler                        0x0800c597   Thumb Code     0  startup_stm32f417xx.o(.text)
    USART2_IRQHandler                        0x0800c597   Thumb Code     0  startup_stm32f417xx.o(.text)
    USART3_IRQHandler                        0x0800c597   Thumb Code     0  startup_stm32f417xx.o(.text)
    USART6_IRQHandler                        0x0800c597   Thumb Code     0  startup_stm32f417xx.o(.text)
    WWDG_IRQHandler                          0x0800c597   Thumb Code     0  startup_stm32f417xx.o(.text)
    __user_initial_stackheap                 0x0800c599   Thumb Code     0  startup_stm32f417xx.o(.text)
    SystemInit                               0x0800c5bd   Thumb Code    64  system_stm32f4xx.o(.text)
    SystemCoreClockUpdate                    0x0800c5fd   Thumb Code   124  system_stm32f4xx.o(.text)
    __aeabi_errno_addr                       0x0800c6a5   Thumb Code     8  rt_errno_addr_intlibspace.o(.text)
    __errno$intlibspace                      0x0800c6a5   Thumb Code     0  rt_errno_addr_intlibspace.o(.text)
    __rt_errno_addr$intlibspace              0x0800c6a5   Thumb Code     0  rt_errno_addr_intlibspace.o(.text)
    strlen                                   0x0800c6ad   Thumb Code    62  strlen.o(.text)
    __use_two_region_memory                  0x0800c6eb   Thumb Code     2  heapauxi.o(.text)
    __rt_heap_escrow                         0x0800c6ed   Thumb Code     2  heapauxi.o(.text)
    __rt_heap_expand                         0x0800c6ef   Thumb Code     2  heapauxi.o(.text)
    __cpp_initialize__aeabi_                 0x0800c6f1   Thumb Code    26  init_aeabi.o(.text)
    __user_libspace                          0x0800c715   Thumb Code     8  libspace.o(.text)
    __user_perproc_libspace                  0x0800c715   Thumb Code     0  libspace.o(.text)
    __user_perthread_libspace                0x0800c715   Thumb Code     0  libspace.o(.text)
    __rt_ddtor_pointer_addr                  0x0800c71d   Thumb Code     8  rt_ddtor_pointer_addr_intlibspace.o(.text)
    malloc                                   0x0800c725   Thumb Code    94  h1_alloc.o(.text)
    __read_errno                             0x0800c783   Thumb Code    10  _rserrno.o(.text)
    __set_errno                              0x0800c78d   Thumb Code    12  _rserrno.o(.text)
    __rt_heap_descriptor                     0x0800c799   Thumb Code     8  rt_heap_descriptor_intlibspace.o(.text)
    __use_no_heap                            0x0800c7a1   Thumb Code     2  hguard.o(.text)
    __heap$guard                             0x0800c7a3   Thumb Code     2  hguard.o(.text)
    _terminate_user_alloc                    0x0800c7a5   Thumb Code     2  init_alloc.o(.text)
    _init_user_alloc                         0x0800c7a7   Thumb Code     2  init_alloc.o(.text)
    __Heap_Full                              0x0800c7a9   Thumb Code    34  init_alloc.o(.text)
    __Heap_Broken                            0x0800c7cb   Thumb Code     6  init_alloc.o(.text)
    _init_alloc                              0x0800c7d1   Thumb Code    94  init_alloc.o(.text)
    __Heap_Initialize                        0x0800c82f   Thumb Code    10  h1_init.o(.text)
    __Heap_DescSize                          0x0800c839   Thumb Code     4  h1_init.o(.text)
    free                                     0x0800c83d   Thumb Code    78  h1_free.o(.text)
    __user_setup_stackheap                   0x0800c88b   Thumb Code    74  sys_stackheap_outer.o(.text)
    __Heap_ProvideMemory                     0x0800c8d5   Thumb Code    52  h1_extend.o(.text)
    exit                                     0x0800c909   Thumb Code    12  exit.o(.text)
    __rt_SIGRTMEM                            0x0800c915   Thumb Code    14  defsig_rtmem_outer.o(.text)
    _sys_exit                                0x0800c925   Thumb Code     8  sys_exit.o(.text)
    __I$use$semihosting                      0x0800c931   Thumb Code     0  use_no_semi.o(.text)
    __use_no_semihosting_swi                 0x0800c931   Thumb Code     2  use_no_semi.o(.text)
    __semihosting_library_function           0x0800c933   Thumb Code     0  indicate_semi.o(.text)
    __sig_exit                               0x0800c933   Thumb Code    10  defsig_exit.o(.text)
    __rt_SIGRTMEM_inner                      0x0800c93d   Thumb Code    22  defsig_rtmem_inner.o(.text)
    __default_signal_display                 0x0800c98d   Thumb Code    50  defsig_general.o(.text)
    _ttywrch                                 0x0800c9bf   Thumb Code    14  sys_wrch.o(.text)
    __ARM_fpclassify                         0x0800c9cd   Thumb Code    48  fpclassify.o(i.__ARM_fpclassify)
    __ARM_fpclassifyf                        0x0800c9fd   Thumb Code    38  fpclassifyf.o(i.__ARM_fpclassifyf)
    __aeabi_atexit                           0x0800ca23   Thumb Code    50  aeabi_atexit.o(i.__aeabi_atexit)
    __aeabi_vec_ctor_nocookie_nodtor         0x0800ca55   Thumb Code    36  aeabi_vec_ctor_nocookie_nodtor.o(i.__aeabi_vec_ctor_nocookie_nodtor)
    __cxa_finalize                           0x0800ca79   Thumb Code    66  cxa_finalize.o(i.__cxa_finalize)
    __hardfp_atan                            0x0800cac1   Thumb Code   622  atan.o(i.__hardfp_atan)
    __hardfp_cosf                            0x0800cd99   Thumb Code   280  cosf.o(i.__hardfp_cosf)
    __hardfp_sinf                            0x0800cee9   Thumb Code   344  sinf.o(i.__hardfp_sinf)
    __kernel_poly                            0x0800d079   Thumb Code   248  poly.o(i.__kernel_poly)
    __mathlib_dbl_infnan                     0x0800d171   Thumb Code    20  dunder.o(i.__mathlib_dbl_infnan)
    __mathlib_dbl_underflow                  0x0800d189   Thumb Code    24  dunder.o(i.__mathlib_dbl_underflow)
    __mathlib_flt_infnan                     0x0800d1a9   Thumb Code     6  funder.o(i.__mathlib_flt_infnan)
    __mathlib_flt_invalid                    0x0800d1b1   Thumb Code    10  funder.o(i.__mathlib_flt_invalid)
    __mathlib_flt_underflow                  0x0800d1c1   Thumb Code    10  funder.o(i.__mathlib_flt_underflow)
    __mathlib_rredf2                         0x0800d1d1   Thumb Code   316  rredf.o(i.__mathlib_rredf2)
    fabs                                     0x0800d325   Thumb Code    24  fabs.o(i.fabs)
    Fill_Class<Screen>::Fill(unsigned short) 0x0800d33d   Thumb Code    94  main.o(t._ZN10Fill_ClassI6ScreenE4FillEt)
    Fill_Class<Screen>::Fill_Class()         0x0800d39b   Thumb Code     2  screen.o(t._ZN10Fill_ClassI6ScreenEC1Ev)
    Fill_Class<Screen>::Fill_Class__sub_object() 0x0800d39b   Thumb Code     0  screen.o(t._ZN10Fill_ClassI6ScreenEC1Ev)
    Line_Class<Screen>::fLeftToRight(unsigned, unsigned, unsigned, unsigned short, unsigned char) 0x0800d39d   Thumb Code    62  main.o(t._ZN10Line_ClassI6ScreenE12fLeftToRightEjjjth)
    Line_Class<Screen>::Init()               0x0800d3db   Thumb Code    20  screen.o(t._ZN10Line_ClassI6ScreenE4InitEv)
    Line_Class<Screen>::fBotToTop(unsigned, unsigned, unsigned, unsigned short, unsigned char) 0x0800d3ef   Thumb Code    70  main.o(t._ZN10Line_ClassI6ScreenE9fBotToTopEjjjth)
    Line_Class<Screen>::Line_Class()         0x0800d435   Thumb Code     2  screen.o(t._ZN10Line_ClassI6ScreenEC1Ev)
    Line_Class<Screen>::Line_Class__sub_object() 0x0800d435   Thumb Code     0  screen.o(t._ZN10Line_ClassI6ScreenEC1Ev)
    Screen_Obj<Screen>::operator ()(Screen&) 0x0800d437   Thumb Code    36  screen.o(t._ZN10Screen_ObjI6ScreenEclERS0_)
    Print_Class<Screen>::Init()              0x0800d45b   Thumb Code    58  screen.o(t._ZN11Print_ClassI6ScreenE4InitEv)
    Print_Class<Screen>::UseFont(const tFont*) 0x0800d495   Thumb Code    12  main.o(t._ZN11Print_ClassI6ScreenE7UseFontEPK5tFont)
    Print_Class<Screen>::Print_Class()       0x0800d4a1   Thumb Code     2  screen.o(t._ZN11Print_ClassI6ScreenEC1Ev)
    Print_Class<Screen>::Print_Class__sub_object() 0x0800d4a1   Thumb Code     0  screen.o(t._ZN11Print_ClassI6ScreenEC1Ev)
    int Bitmap_Class<Screen>::DrawScaled<tTexture>(b2D, T1*, unsigned short) 0x0800d4a3   Thumb Code   372  main.o(t._ZN12Bitmap_ClassI6ScreenE10DrawScaledI8tTextureEEi3b2DPT_t)
    int Bitmap_Class<Screen>::DrawNoScale<tTexture>(b2D, T1*, unsigned short) 0x0800d617   Thumb Code   192  main.o(t._ZN12Bitmap_ClassI6ScreenE11DrawNoScaleI8tTextureEEi3b2DPT_t)
    Bitmap_Class<Screen>::NewBitmapOpen(tTexture&) 0x0800d6d7   Thumb Code   102  main.o(t._ZN12Bitmap_ClassI6ScreenE13NewBitmapOpenER8tTexture)
    Bitmap_Class<Screen>::NewBitmapClose()   0x0800d73d   Thumb Code    38  main.o(t._ZN12Bitmap_ClassI6ScreenE14NewBitmapCloseEv)
    int Bitmap_Class<Screen>::Draw<tTexture>(short, short, T1*, unsigned short) 0x0800d763   Thumb Code    36  main.o(t._ZN12Bitmap_ClassI6ScreenE4DrawI8tTextureEEissPT_t)
    int Bitmap_Class<Screen>::Fill<tTexture>(T1*, unsigned short) 0x0800d787   Thumb Code    46  main.o(t._ZN12Bitmap_ClassI6ScreenE4FillI8tTextureEEiPT_t)
    Bitmap_Class<Screen>::SetScale(float, float) 0x0800d7b5   Thumb Code    26  main.o(t._ZN12Bitmap_ClassI6ScreenE8SetScaleEff)
    Bitmap_Class<Screen>::Bitmap_Class()     0x0800d7cf   Thumb Code     2  screen.o(t._ZN12Bitmap_ClassI6ScreenEC1Ev)
    Bitmap_Class<Screen>::Bitmap_Class__sub_object() 0x0800d7cf   Thumb Code     0  screen.o(t._ZN12Bitmap_ClassI6ScreenEC1Ev)
    Circle_Class<Screen>::Sqr(int)           0x0800d7d1   Thumb Code     6  main.o(t._ZN12Circle_ClassI6ScreenE3SqrEi)
    Circle_Class<Screen>::Draw(b2D, float, unsigned short) 0x0800d7d7   Thumb Code   304  main.o(t._ZN12Circle_ClassI6ScreenE4DrawE3b2Dft)
    Circle_Class<Screen>::Draw(short, short, float, unsigned short) 0x0800d907   Thumb Code    24  main.o(t._ZN12Circle_ClassI6ScreenE4DrawEssft)
    Circle_Class<Screen>::Pixel(unsigned, unsigned, unsigned short) 0x0800d91f   Thumb Code    22  main.o(t._ZN12Circle_ClassI6ScreenE5PixelEjjt)
    Circle_Class<Screen>::Point(int, int, int, int, unsigned short) 0x0800d935   Thumb Code    70  main.o(t._ZN12Circle_ClassI6ScreenE5PointEiiiit)
    Circle_Class<Screen>::Circle_Class()     0x0800d97b   Thumb Code     2  screen.o(t._ZN12Circle_ClassI6ScreenEC1Ev)
    Circle_Class<Screen>::Circle_Class__sub_object() 0x0800d97b   Thumb Code     0  screen.o(t._ZN12Circle_ClassI6ScreenEC1Ev)
    List_Iterator<MemoryChunk>::Get(unsigned) 0x0800d97d   Thumb Code    24  memory_alloc.o(t._ZN13List_IteratorI11MemoryChunkE3GetEj)
    List_Iterator<MemoryChunk>::Remove(MemoryChunk*) 0x0800d995   Thumb Code    32  memory_alloc.o(t._ZN13List_IteratorI11MemoryChunkE6RemoveEPS0_)
    List_Iterator<MemoryChunk>::Contain()    0x0800d9b5   Thumb Code     4  memory_alloc.o(t._ZN13List_IteratorI11MemoryChunkE7ContainEv)
    List_Iterator<MemoryChunk>::GetLast()    0x0800d9b9   Thumb Code     4  memory_alloc.o(t._ZN13List_IteratorI11MemoryChunkE7GetLastEv)
    List_Iterator<MemoryChunk>::GetFirst()   0x0800d9bd   Thumb Code     4  memory_alloc.o(t._ZN13List_IteratorI11MemoryChunkE8GetFirstEv)
    List_Iterator<MemoryChunk>::List_Iterator() 0x0800d9c1   Thumb Code     2  device.o(t._ZN13List_IteratorI11MemoryChunkEC1Ev)
    List_Iterator<MemoryChunk>::List_Iterator__sub_object() 0x0800d9c1   Thumb Code     0  device.o(t._ZN13List_IteratorI11MemoryChunkEC1Ev)
    List_Iterator<MemoryChunk>::operator -(MemoryChunk*) 0x0800d9c3   Thumb Code     4  memory_alloc.o(t._ZN13List_IteratorI11MemoryChunkEmiEPS0_)
    List_Iterator<MemoryChunk>::operator -(MemoryChunk&) 0x0800d9c7   Thumb Code    78  memory_alloc.o(t._ZN13List_IteratorI11MemoryChunkEmiERS0_)
    List_Iterator<MemoryChunk>::operator +(MemoryChunk*) 0x0800da15   Thumb Code     4  memory_alloc.o(t._ZN13List_IteratorI11MemoryChunkEplEPS0_)
    List_Iterator<MemoryChunk>::operator +(MemoryChunk&) 0x0800da19   Thumb Code    96  memory_alloc.o(t._ZN13List_IteratorI11MemoryChunkEplERS0_)
    List_Iterator<Screen>::Get(unsigned)     0x0800da79   Thumb Code    24  screen.o(t._ZN13List_IteratorI6ScreenE3GetEj)
    List_Iterator<Screen>::Contain()         0x0800da91   Thumb Code     4  screen.o(t._ZN13List_IteratorI6ScreenE7ContainEv)
    List_Iterator<Screen>::List_Iterator()   0x0800da95   Thumb Code     2  screen.o(t._ZN13List_IteratorI6ScreenEC1Ev)
    List_Iterator<Screen>::List_Iterator__sub_object() 0x0800da95   Thumb Code     0  screen.o(t._ZN13List_IteratorI6ScreenEC1Ev)
    List_Iterator<Screen>::operator -(Screen*) 0x0800da97   Thumb Code     4  screen.o(t._ZN13List_IteratorI6ScreenEmiEPS0_)
    List_Iterator<Screen>::operator -(Screen&) 0x0800da9b   Thumb Code    78  screen.o(t._ZN13List_IteratorI6ScreenEmiERS0_)
    List_Iterator<Screen>::operator +(Screen*) 0x0800dae9   Thumb Code     4  screen.o(t._ZN13List_IteratorI6ScreenEplEPS0_)
    List_Iterator<Screen>::operator +(Screen&) 0x0800daed   Thumb Code    96  screen.o(t._ZN13List_IteratorI6ScreenEplERS0_)
    List_Iterator<Frame2D<short>>::operator +(Frame2D<short>*) 0x0800db4d   Thumb Code     4  main.o(t._ZN13List_IteratorI7Frame2DIsEEplEPS1_)
    List_Iterator<Frame2D<short>>::operator +(Frame2D<short>&) 0x0800db51   Thumb Code    96  main.o(t._ZN13List_IteratorI7Frame2DIsEEplERS1_)
    List_Iterator<Physic::Ball2D>::Get(unsigned) 0x0800dbb1   Thumb Code    24  physic.o(t._ZN13List_IteratorIN6Physic6Ball2DEE3GetEj)
    List_Iterator<Physic::Ball2D>& List_Iterator<Physic::Ball2D>::Array<lArray<Physic::Ball2D>>(T1*, unsigned) 0x0800dbc9   Thumb Code     4  physic.o(t._ZN13List_IteratorIN6Physic6Ball2DEE5ArrayI6lArrayIS1_EEERS2_PT_j)
    List_Iterator<Physic::Ball2D>& List_Iterator<Physic::Ball2D>::Array<lArray<Physic::Ball2D>>(T1&, unsigned) 0x0800dbcd   Thumb Code    34  physic.o(t._ZN13List_IteratorIN6Physic6Ball2DEE5ArrayI6lArrayIS1_EEERS2_RT_j)
    List_Iterator<Physic::Ball2D>::Contain() 0x0800dbef   Thumb Code     4  physic.o(t._ZN13List_IteratorIN6Physic6Ball2DEE7ContainEv)
    List_Iterator<Physic::Ball2D>::GetNext(Physic::Ball2D*) 0x0800dbf3   Thumb Code    14  physic.o(t._ZN13List_IteratorIN6Physic6Ball2DEE7GetNextEPS1_)
    List_Iterator<Physic::Ball2D>::GetFirst() 0x0800dc01   Thumb Code     4  physic.o(t._ZN13List_IteratorIN6Physic6Ball2DEE8GetFirstEv)
    List_Iterator<Physic::Ball2D>::List_Iterator() 0x0800dc05   Thumb Code     2  physic.o(t._ZN13List_IteratorIN6Physic6Ball2DEEC1Ev)
    List_Iterator<Physic::Ball2D>::List_Iterator__sub_object() 0x0800dc05   Thumb Code     0  physic.o(t._ZN13List_IteratorIN6Physic6Ball2DEEC1Ev)
    List_Iterator<Physic::Ball2D>::operator -(Physic::Ball2D*) 0x0800dc07   Thumb Code     4  physic.o(t._ZN13List_IteratorIN6Physic6Ball2DEEmiEPS1_)
    List_Iterator<Physic::Ball2D>::operator -(Physic::Ball2D&) 0x0800dc0b   Thumb Code    78  physic.o(t._ZN13List_IteratorIN6Physic6Ball2DEEmiERS1_)
    List_Iterator<Physic::Ball2D>::operator +(Physic::Ball2D*) 0x0800dc59   Thumb Code     4  physic.o(t._ZN13List_IteratorIN6Physic6Ball2DEEplEPS1_)
    List_Iterator<Physic::Ball2D>::operator +(Physic::Ball2D&) 0x0800dc5d   Thumb Code   104  physic.o(t._ZN13List_IteratorIN6Physic6Ball2DEEplERS1_)
    List_Iterator<Physic::DustPart>::List_Iterator() 0x0800dcc5   Thumb Code     2  physic.o(t._ZN13List_IteratorIN6Physic8DustPartEEC1Ev)
    List_Iterator<Physic::DustPart>::List_Iterator__sub_object() 0x0800dcc5   Thumb Code     0  physic.o(t._ZN13List_IteratorIN6Physic8DustPartEEC1Ev)
    List_Iterator<Physic::DustPart>::operator +(Physic::DustPart*) 0x0800dcc7   Thumb Code     4  physic.o(t._ZN13List_IteratorIN6Physic8DustPartEEplEPS1_)
    List_Iterator<Physic::DustPart>::operator +(Physic::DustPart&) 0x0800dccb   Thumb Code   104  physic.o(t._ZN13List_IteratorIN6Physic8DustPartEEplERS1_)
    Frame2DManager<short>::Create(b2D)       0x0800dd33   Thumb Code    50  main.o(t._ZN14Frame2DManagerIsE6CreateE3b2D)
    Frame2DManager<short>::Frame2DManager()  0x0800dd65   Thumb Code     2  device.o(t._ZN14Frame2DManagerIsEC1Ev)
    Frame2DManager<short>::Frame2DManager__sub_object() 0x0800dd65   Thumb Code     0  device.o(t._ZN14Frame2DManagerIsEC1Ev)
    Frame2DManager<short>::operator ()()     0x0800dd67   Thumb Code     2  main.o(t._ZN14Frame2DManagerIsEclEv)
    Rectangle_Class<Screen>::Draw(b2D, unsigned short) 0x0800dd69   Thumb Code   158  main.o(t._ZN15Rectangle_ClassI6ScreenE4DrawE3b2Dt)
    Rectangle_Class<Screen>::Init()          0x0800de0d   Thumb Code     6  screen.o(t._ZN15Rectangle_ClassI6ScreenE4InitEv)
    Rectangle_Class<Screen>::Rectangle_Class() 0x0800de13   Thumb Code     2  screen.o(t._ZN15Rectangle_ClassI6ScreenEC1Ev)
    Rectangle_Class<Screen>::Rectangle_Class__sub_object() 0x0800de13   Thumb Code     0  screen.o(t._ZN15Rectangle_ClassI6ScreenEC1Ev)
    lArray<Physic::Ball2D>::Add(Physic::Ball2D*, unsigned) 0x0800de15   Thumb Code    14  physic.o(t._ZN6lArrayIN6Physic6Ball2DEE3AddEPS1_j)
    lArray<Physic::Ball2D>::~lArray()        0x0800de23   Thumb Code    24  physic.o(t._ZN6lArrayIN6Physic6Ball2DEED1Ev)
    lArray<Physic::Ball2D>::~lArray__sub_object() 0x0800de23   Thumb Code     0  physic.o(t._ZN6lArrayIN6Physic6Ball2DEED1Ev)
    lArray<Physic::Ball2D>::operator ()(unsigned) 0x0800de3b   Thumb Code    28  physic.o(t._ZN6lArrayIN6Physic6Ball2DEEclEj)
    lArray<Physic::Ball2D>::operator [](unsigned) 0x0800de57   Thumb Code     8  physic.o(t._ZN6lArrayIN6Physic6Ball2DEEixEj)
    Frame2D<short>::GetH()                   0x0800de5f   Thumb Code    14  screen.o(t._ZN7Frame2DIsE4GetHEv)
    Frame2D<short>::GetBuff()                0x0800de6d   Thumb Code     4  screen.o(t._ZN7Frame2DIsE7GetBuffEv)
    Frame2D<short>::GetRect()                0x0800de71   Thumb Code    38  tftili9486.o(t._ZN7Frame2DIsE7GetRectEv)
    Frame2D<short>::operator ()(b2D)         0x0800de97   Thumb Code    40  main.o(t._ZN7Frame2DIsEclE3b2D)
    Frame2D<short>::operator ()(b2D, unsigned short*) 0x0800debf   Thumb Code    36  main.o(t._ZN7Frame2DIsEclE3b2DPt)
    Allocator<Screen>::New()                 0x0800dee3   Thumb Code     6  screen.o(t._ZN9AllocatorI6ScreenE3NewEv)
    T1* Allocator<Screen>::New<tTexture>(unsigned) 0x0800dee9   Thumb Code     8  screen.o(t._ZN9AllocatorI6ScreenE3NewI8tTextureEEPT_j)
    int Allocator<Screen>::Delete<tTexture>(T1*) 0x0800def1   Thumb Code     6  screen.o(t._ZN9AllocatorI6ScreenE6DeleteI8tTextureEEiPT_)
    int Allocator<Screen>::Delete<Screen>(T1*) 0x0800def7   Thumb Code     6  screen.o(t._ZN9AllocatorI6ScreenE6DeleteIS0_EEiPT_)
    Allocator<Frame2D<short>>::New(unsigned) 0x0800defd   Thumb Code     8  main.o(t._ZN9AllocatorI7Frame2DIsEE3NewEj)
    Allocator<Physic::Ball2D>::New()         0x0800df05   Thumb Code     6  physic.o(t._ZN9AllocatorIN6Physic6Ball2DEE3NewEv)
    T1* Allocator<Physic::Ball2D>::New<lArray<Physic::Ball2D>>() 0x0800df0b   Thumb Code     6  physic.o(t._ZN9AllocatorIN6Physic6Ball2DEE3NewI6lArrayIS1_EEEPT_v)
    int Allocator<Physic::Ball2D>::Delete<lArray<Physic::Ball2D>>(T1*) 0x0800df11   Thumb Code     6  physic.o(t._ZN9AllocatorIN6Physic6Ball2DEE6DeleteI6lArrayIS1_EEEiPT_)
    int Allocator<Physic::Ball2D>::Delete<Physic::Ball2D*>(T1*) 0x0800df17   Thumb Code     6  physic.o(t._ZN9AllocatorIN6Physic6Ball2DEE6DeleteIPS1_EEiPT_)
    Allocator<Physic::Ball2D>::NewlArray(unsigned) 0x0800df1d   Thumb Code     6  physic.o(t._ZN9AllocatorIN6Physic6Ball2DEE9NewlArrayEj)
    Allocator<Physic::DustPart>::New()       0x0800df23   Thumb Code     6  physic.o(t._ZN9AllocatorIN6Physic8DustPartEE3NewEv)
    __aeabi_dneg                             0x0800df29   Thumb Code     0  basic.o(x$fpl$basic)
    _dneg                                    0x0800df29   Thumb Code     6  basic.o(x$fpl$basic)
    __aeabi_fneg                             0x0800df2f   Thumb Code     0  basic.o(x$fpl$basic)
    _fneg                                    0x0800df2f   Thumb Code     6  basic.o(x$fpl$basic)
    _dabs                                    0x0800df35   Thumb Code     6  basic.o(x$fpl$basic)
    _fabs                                    0x0800df3b   Thumb Code     6  basic.o(x$fpl$basic)
    __aeabi_d2f                              0x0800df41   Thumb Code     0  d2f.o(x$fpl$d2f)
    _d2f                                     0x0800df41   Thumb Code    98  d2f.o(x$fpl$d2f)
    __aeabi_dadd                             0x0800dfa5   Thumb Code     0  daddsub_clz.o(x$fpl$dadd)
    _dadd                                    0x0800dfa5   Thumb Code   332  daddsub_clz.o(x$fpl$dadd)
    __aeabi_ddiv                             0x0800e0f5   Thumb Code     0  ddiv.o(x$fpl$ddiv)
    _ddiv                                    0x0800e0f5   Thumb Code   552  ddiv.o(x$fpl$ddiv)
    __aeabi_dmul                             0x0800e3a5   Thumb Code     0  dmul.o(x$fpl$dmul)
    _dmul                                    0x0800e3a5   Thumb Code   332  dmul.o(x$fpl$dmul)
    __fpl_dnaninf                            0x0800e4f9   Thumb Code   156  dnaninf.o(x$fpl$dnaninf)
    __fpl_dretinf                            0x0800e595   Thumb Code    12  dretinf.o(x$fpl$dretinf)
    __aeabi_drsub                            0x0800e5a1   Thumb Code     0  daddsub_clz.o(x$fpl$drsb)
    _drsb                                    0x0800e5a1   Thumb Code    22  daddsub_clz.o(x$fpl$drsb)
    __aeabi_dsub                             0x0800e5b9   Thumb Code     0  daddsub_clz.o(x$fpl$dsub)
    _dsub                                    0x0800e5b9   Thumb Code   464  daddsub_clz.o(x$fpl$dsub)
    __aeabi_f2d                              0x0800e78d   Thumb Code     0  f2d.o(x$fpl$f2d)
    _f2d                                     0x0800e78d   Thumb Code    86  f2d.o(x$fpl$f2d)
    __fpl_fnaninf                            0x0800e7e3   Thumb Code   140  fnaninf.o(x$fpl$fnaninf)
    _fp_init                                 0x0800e86f   Thumb Code    10  fpinit.o(x$fpl$fpinit)
    __fplib_config_fpu_vfp                   0x0800e877   Thumb Code     0  fpinit.o(x$fpl$fpinit)
    __fplib_config_pureend_doubles           0x0800e877   Thumb Code     0  fpinit.o(x$fpl$fpinit)
    __fpl_fretinf                            0x0800e879   Thumb Code    10  fretinf.o(x$fpl$fretinf)
    __I$use$fp                               0x0800e882   Number         0  usenofp.o(x$fpl$usenofp)
    vtable for LcdDriverDef                  0x0801c530   Data          16  device.o(.constdata__ZTV12LcdDriverDef)
    vtable for Physic::Ball2DGroup           0x0801c540   Data          12  main.o(.constdata__ZTVN6Physic11Ball2DGroupE)
    Region$$Table$$Base                      0x0801c54c   Number         0  anon$$obj.o(Region$$Table)
    Region$$Table$$Limit                     0x0801c56c   Number         0  anon$$obj.o(Region$$Table)
    SHT$$INIT_ARRAY$$Base                    0x0801c56c   Number         0  main.o(.init_array)
    SHT$$INIT_ARRAY$$Limit                   0x0801c574   Number         0  init_aeabi.o(.init_array)
    frame                                    0x20000000   Data           4  main.o(.data)
    screen                                   0x20000004   Data           4  main.o(.data)
    LcdSpi                                   0x2000000c   Data           1  device.o(.data)
    SystemCoreClock                          0x20000010   Data           4  system_stm32f4xx.o(.data)
    Rectangle_Class<Screen>::Draw(b2D, unsigned short)::r 0x20000024   Data           8  main.o(.data__ZZN15Rectangle_ClassI6ScreenE4DrawE3b2DtE1r)
    bounce_0                                 0x2000002c   Data          44  main.o(.bss)
    bounce_1                                 0x20000058   Data          44  main.o(.bss)
    bounce_2                                 0x20000084   Data          44  main.o(.bss)
    bounce_3                                 0x200000b0   Data          44  main.o(.bss)
    bounce_4                                 0x200000dc   Data          44  main.o(.bss)
    bounce_5                                 0x20000108   Data          44  main.o(.bss)
    ball_0                                   0x20000134   Data          56  main.o(.bss)
    BallGr                                   0x2000016c   Data          32  main.o(.bss)
    dust                                     0x2000018c   Data          36  main.o(.bss)
    parts                                    0x200001b0   Data       36036  main.o(.bss)
    hsram                                    0x20008e74   Data          68  init.o(.bss)
    SRAM_Timing                              0x20008eb8   Data          28  init.o(.bss)
    DmaHandle                                0x20008ed4   Data          80  init.o(.bss)
    DmaHandleGraphic                         0x20008f24   Data          80  init.o(.bss)
    SpiHandle                                0x20008f74   Data          88  init.o(.bss)
    TimHandle                                0x20008fcc   Data          60  init.o(.bss)
    Tim2_Handle                              0x20009008   Data          60  init.o(.bss)
    Heap                                     0x20009058   Data          52  device.o(.bss)
    TFT                                      0x2000908c   Data          16  device.o(.bss)
    FrameManager                             0x2000909c   Data          12  device.o(.bss)
    ScreenMang                               0x200090a8   Data          16  device.o(.bss)
    __libspace_start                         0x200090b8   Data          96  libspace.o(.bss)
    __temporary_stack_top$libspace           0x20009118   Data           0  libspace.o(.bss)



==============================================================================

Memory Map of the image

  Image Entry point : 0x08000189

  Load Region LR_IROM1 (Base: 0x08000000, Size: 0x0001c5a0, Max: 0x00080000, ABSOLUTE)

    Execution Region ER_IROM1 (Base: 0x08000000, Size: 0x0001c574, Max: 0x00080000, ABSOLUTE)

    Base Addr    Size         Type   Attr      Idx    E Section Name        Object

    0x08000000   0x00000188   Data   RO         2054    RESET               startup_stm32f417xx.o
    0x08000188   0x00000008   Code   RO         2104  * !!!main             c_w.l(__main.o)
    0x08000190   0x00000034   Code   RO         2659    !!!scatter          c_w.l(__scatter.o)
    0x080001c4   0x0000001a   Code   RO         2661    !!handler_copy      c_w.l(__scatter_copy.o)
    0x080001de   0x00000002   PAD
    0x080001e0   0x0000001c   Code   RO         2663    !!handler_zi        c_w.l(__scatter_zi.o)
    0x080001fc   0x00000002   Code   RO         2588    .ARM.Collect$$libinit$$00000000  c_w.l(libinit.o)
    0x080001fe   0x00000004   Code   RO         2339    .ARM.Collect$$libinit$$00000001  c_w.l(libinit2.o)
    0x08000202   0x00000000   Code   RO         2342    .ARM.Collect$$libinit$$00000004  c_w.l(libinit2.o)
    0x08000202   0x00000008   Code   RO         2343    .ARM.Collect$$libinit$$00000005  c_w.l(libinit2.o)
    0x0800020a   0x00000000   Code   RO         2345    .ARM.Collect$$libinit$$0000000A  c_w.l(libinit2.o)
    0x0800020a   0x00000000   Code   RO         2347    .ARM.Collect$$libinit$$0000000C  c_w.l(libinit2.o)
    0x0800020a   0x00000000   Code   RO         2349    .ARM.Collect$$libinit$$0000000E  c_w.l(libinit2.o)
    0x0800020a   0x00000000   Code   RO         2352    .ARM.Collect$$libinit$$00000011  c_w.l(libinit2.o)
    0x0800020a   0x00000000   Code   RO         2354    .ARM.Collect$$libinit$$00000013  c_w.l(libinit2.o)
    0x0800020a   0x00000000   Code   RO         2356    .ARM.Collect$$libinit$$00000015  c_w.l(libinit2.o)
    0x0800020a   0x00000000   Code   RO         2358    .ARM.Collect$$libinit$$00000017  c_w.l(libinit2.o)
    0x0800020a   0x00000000   Code   RO         2360    .ARM.Collect$$libinit$$00000019  c_w.l(libinit2.o)
    0x0800020a   0x00000000   Code   RO         2362    .ARM.Collect$$libinit$$0000001B  c_w.l(libinit2.o)
    0x0800020a   0x00000000   Code   RO         2364    .ARM.Collect$$libinit$$0000001D  c_w.l(libinit2.o)
    0x0800020a   0x00000000   Code   RO         2366    .ARM.Collect$$libinit$$0000001F  c_w.l(libinit2.o)
    0x0800020a   0x00000000   Code   RO         2368    .ARM.Collect$$libinit$$00000021  c_w.l(libinit2.o)
    0x0800020a   0x00000000   Code   RO         2370    .ARM.Collect$$libinit$$00000023  c_w.l(libinit2.o)
    0x0800020a   0x00000000   Code   RO         2372    .ARM.Collect$$libinit$$00000025  c_w.l(libinit2.o)
    0x0800020a   0x00000000   Code   RO         2376    .ARM.Collect$$libinit$$0000002C  c_w.l(libinit2.o)
    0x0800020a   0x00000000   Code   RO         2378    .ARM.Collect$$libinit$$0000002E  c_w.l(libinit2.o)
    0x0800020a   0x00000000   Code   RO         2380    .ARM.Collect$$libinit$$00000030  c_w.l(libinit2.o)
    0x0800020a   0x00000004   Code   RO         2381    .ARM.Collect$$libinit$$00000031  c_w.l(libinit2.o)
    0x0800020e   0x00000000   Code   RO         2382    .ARM.Collect$$libinit$$00000032  c_w.l(libinit2.o)
    0x0800020e   0x00000002   Code   RO         2383    .ARM.Collect$$libinit$$00000033  c_w.l(libinit2.o)
    0x08000210   0x00000002   Code   RO         2642    .ARM.Collect$$libshutdown$$00000000  c_w.l(libshutdown.o)
    0x08000212   0x00000006   Code   RO         2384    .ARM.Collect$$libshutdown$$00000001  c_w.l(libshutdown2.o)
    0x08000218   0x00000000   Code   RO         2386    .ARM.Collect$$libshutdown$$00000003  c_w.l(libshutdown2.o)
    0x08000218   0x00000000   Code   RO         2389    .ARM.Collect$$libshutdown$$00000006  c_w.l(libshutdown2.o)
    0x08000218   0x00000000   Code   RO         2392    .ARM.Collect$$libshutdown$$00000009  c_w.l(libshutdown2.o)
    0x08000218   0x00000000   Code   RO         2394    .ARM.Collect$$libshutdown$$0000000B  c_w.l(libshutdown2.o)
    0x08000218   0x00000000   Code   RO         2397    .ARM.Collect$$libshutdown$$0000000E  c_w.l(libshutdown2.o)
    0x08000218   0x00000002   Code   RO         2398    .ARM.Collect$$libshutdown$$0000000F  c_w.l(libshutdown2.o)
    0x0800021a   0x00000000   Code   RO         2275    .ARM.Collect$$rtentry$$00000000  c_w.l(__rtentry.o)
    0x0800021a   0x00000000   Code   RO         2483    .ARM.Collect$$rtentry$$00000002  c_w.l(__rtentry2.o)
    0x0800021a   0x00000006   Code   RO         2495    .ARM.Collect$$rtentry$$00000004  c_w.l(__rtentry4.o)
    0x08000220   0x00000000   Code   RO         2485    .ARM.Collect$$rtentry$$00000009  c_w.l(__rtentry2.o)
    0x08000220   0x00000004   Code   RO         2486    .ARM.Collect$$rtentry$$0000000A  c_w.l(__rtentry2.o)
    0x08000224   0x00000000   Code   RO         2488    .ARM.Collect$$rtentry$$0000000C  c_w.l(__rtentry2.o)
    0x08000224   0x00000008   Code   RO         2489    .ARM.Collect$$rtentry$$0000000D  c_w.l(__rtentry2.o)
    0x0800022c   0x00000002   Code   RO         2603    .ARM.Collect$$rtexit$$00000000  c_w.l(rtexit.o)
    0x0800022e   0x00000000   Code   RO         2620    .ARM.Collect$$rtexit$$00000002  c_w.l(rtexit2.o)
    0x0800022e   0x00000004   Code   RO         2621    .ARM.Collect$$rtexit$$00000003  c_w.l(rtexit2.o)
    0x08000232   0x00000006   Code   RO         2622    .ARM.Collect$$rtexit$$00000004  c_w.l(rtexit2.o)
    0x08000238   0x00000000   Code   RO         2562    .emb_text           c_w.l(maybetermalloc1.o)
    0x08000238   0x0000028c   Code   RO            4    .text               main.o
    0x080004c4   0x0000016c   Code   RO          657    .text               stm32f4xx_hal.o
    0x08000630   0x000001fc   Code   RO          746    .text               stm32f4xx_hal_cortex.o
    0x0800082c   0x000046c8   Code   RO          775    .text               stm32f4xx_hal_dma.o
    0x08004ef4   0x000003b8   Code   RO          897    .text               stm32f4xx_hal_gpio.o
    0x080052ac   0x000012e8   Code   RO          922    .text               stm32f4xx_hal_spi.o
    0x08006594   0x00000328   Code   RO          947    .text               stm32f4xx_hal_sram.o
    0x080068bc   0x0000216c   Code   RO          972    .text               stm32f4xx_hal_tim.o
    0x08008a28   0x00000b30   Code   RO          997    .text               stm32f4xx_hal_tim_ex.o
    0x08009558   0x00000374   Code   RO         1040    .text               stm32f4xx_ll_fsmc.o
    0x080098cc   0x00000a20   Code   RO         1065    .text               stm32f4xx_hal_rcc.o
    0x0800a2ec   0x00000470   Code   RO         1117    .text               init.o
    0x0800a75c   0x000001ec   Code   RO         1145    .text               screen.o
    0x0800a948   0x000001ac   Code   RO         1458    .text               terminal_interface.o
    0x0800aaf4   0x000000e4   Code   RO         1486    .text               gpio_ex.o
    0x0800abd8   0x00000404   Code   RO         1516    .text               tftili9486.o
    0x0800afdc   0x00000078   Code   RO         1559    .text               device.o
    0x0800b054   0x0000002c   Code   RO         1642    .text               stm32f4xx_it.o
    0x0800b080   0x000003ac   Code   RO         1704    .text               geometry.o
    0x0800b42c   0x00000012   Code   RO         1722    .text               locker.o
    0x0800b43e   0x00000048   Code   RO         1737    .text               affine_tf.o
    0x0800b486   0x00000062   Code   RO         1755    .text               dtostr.o
    0x0800b4e8   0x00000c6e   Code   RO         1773    .text               physic.o
    0x0800c156   0x00000002   PAD
    0x0800c158   0x00000424   Code   RO         1972    .text               memory_alloc.o
    0x0800c57c   0x00000040   Code   RO         2055    .text               startup_stm32f417xx.o
    0x0800c5bc   0x000000e8   Code   RO         2062    .text               system_stm32f4xx.o
    0x0800c6a4   0x00000008   Code   RO         2095    .text               c_w.l(rt_errno_addr_intlibspace.o)
    0x0800c6ac   0x0000003e   Code   RO         2100    .text               c_w.l(strlen.o)
    0x0800c6ea   0x00000006   Code   RO         2102    .text               c_w.l(heapauxi.o)
    0x0800c6f0   0x00000024   Code   RO         2109    .text               c_w.l(init_aeabi.o)
    0x0800c714   0x00000008   Code   RO         2272    .text               c_w.l(libspace.o)
    0x0800c71c   0x00000008   Code   RO         2279    .text               c_w.l(rt_ddtor_pointer_addr_intlibspace.o)
    0x0800c724   0x0000005e   Code   RO         2283    .text               c_w.l(h1_alloc.o)
    0x0800c782   0x00000016   Code   RO         2337    .text               c_w.l(_rserrno.o)
    0x0800c798   0x00000008   Code   RO         2500    .text               c_w.l(rt_heap_descriptor_intlibspace.o)
    0x0800c7a0   0x00000004   Code   RO         2502    .text               c_w.l(hguard.o)
    0x0800c7a4   0x0000008a   Code   RO         2504    .text               c_w.l(init_alloc.o)
    0x0800c82e   0x0000000e   Code   RO         2510    .text               c_w.l(h1_init.o)
    0x0800c83c   0x0000004e   Code   RO         2512    .text               c_w.l(h1_free.o)
    0x0800c88a   0x0000004a   Code   RO         2553    .text               c_w.l(sys_stackheap_outer.o)
    0x0800c8d4   0x00000034   Code   RO         2564    .text               c_w.l(h1_extend.o)
    0x0800c908   0x0000000c   Code   RO         2568    .text               c_w.l(exit.o)
    0x0800c914   0x0000000e   Code   RO         2572    .text               c_w.l(defsig_rtmem_outer.o)
    0x0800c922   0x00000002   PAD
    0x0800c924   0x0000000c   Code   RO         2598    .text               c_w.l(sys_exit.o)
    0x0800c930   0x00000002   Code   RO         2600    .text               c_w.l(use_no_semi.o)
    0x0800c932   0x00000000   Code   RO         2602    .text               c_w.l(indicate_semi.o)
    0x0800c932   0x0000000a   Code   RO         2611    .text               c_w.l(defsig_exit.o)
    0x0800c93c   0x00000050   Code   RO         2617    .text               c_w.l(defsig_rtmem_inner.o)
    0x0800c98c   0x00000032   Code   RO         2632    .text               c_w.l(defsig_general.o)
    0x0800c9be   0x0000000e   Code   RO         2636    .text               c_w.l(sys_wrch.o)
    0x0800c9cc   0x00000030   Code   RO         2457    i.__ARM_fpclassify  m_wm.l(fpclassify.o)
    0x0800c9fc   0x00000026   Code   RO         2459    i.__ARM_fpclassifyf  m_wm.l(fpclassifyf.o)
    0x0800ca22   0x00000032   Code   RO         2218    i.__aeabi_atexit    cpprt_w.l(aeabi_atexit.o)
    0x0800ca54   0x00000024   Code   RO         2221    i.__aeabi_vec_ctor_nocookie_nodtor  cpprt_w.l(aeabi_vec_ctor_nocookie_nodtor.o)
    0x0800ca78   0x00000042   Code   RO         2404    i.__cxa_finalize    cpprt_w.l(cxa_finalize.o)
    0x0800caba   0x00000006   PAD
    0x0800cac0   0x000002d8   Code   RO         2234    i.__hardfp_atan     m_wm.l(atan.o)
    0x0800cd98   0x00000150   Code   RO         2248    i.__hardfp_cosf     m_wm.l(cosf.o)
    0x0800cee8   0x00000190   Code   RO         2260    i.__hardfp_sinf     m_wm.l(sinf.o)
    0x0800d078   0x000000f8   Code   RO         2475    i.__kernel_poly     m_wm.l(poly.o)
    0x0800d170   0x00000014   Code   RO         2438    i.__mathlib_dbl_infnan  m_wm.l(dunder.o)
    0x0800d184   0x00000004   PAD
    0x0800d188   0x00000020   Code   RO         2443    i.__mathlib_dbl_underflow  m_wm.l(dunder.o)
    0x0800d1a8   0x00000006   Code   RO         2462    i.__mathlib_flt_infnan  m_wm.l(funder.o)
    0x0800d1ae   0x00000002   PAD
    0x0800d1b0   0x00000010   Code   RO         2464    i.__mathlib_flt_invalid  m_wm.l(funder.o)
    0x0800d1c0   0x00000010   Code   RO         2467    i.__mathlib_flt_underflow  m_wm.l(funder.o)
    0x0800d1d0   0x00000154   Code   RO         2477    i.__mathlib_rredf2  m_wm.l(rredf.o)
    0x0800d324   0x00000018   Code   RO         2453    i.fabs              m_wm.l(fabs.o)
    0x0800d33c   0x0000005e   Code   RO          292    t._ZN10Fill_ClassI6ScreenE4FillEt  main.o
    0x0800d39a   0x00000002   Code   RO         1196    t._ZN10Fill_ClassI6ScreenEC1Ev  screen.o
    0x0800d39c   0x0000003e   Code   RO          256    t._ZN10Line_ClassI6ScreenE12fLeftToRightEjjjth  main.o
    0x0800d3da   0x00000014   Code   RO         1220    t._ZN10Line_ClassI6ScreenE4InitEv  screen.o
    0x0800d3ee   0x00000046   Code   RO          262    t._ZN10Line_ClassI6ScreenE9fBotToTopEjjjth  main.o
    0x0800d434   0x00000002   Code   RO         1214    t._ZN10Line_ClassI6ScreenEC1Ev  screen.o
    0x0800d436   0x00000024   Code   RO         1190    t._ZN10Screen_ObjI6ScreenEclERS0_  screen.o
    0x0800d45a   0x0000003a   Code   RO         1244    t._ZN11Print_ClassI6ScreenE4InitEv  screen.o
    0x0800d494   0x0000000c   Code   RO          298    t._ZN11Print_ClassI6ScreenE7UseFontEPK5tFont  main.o
    0x0800d4a0   0x00000002   Code   RO         1238    t._ZN11Print_ClassI6ScreenEC1Ev  screen.o
    0x0800d4a2   0x00000174   Code   RO          232    t._ZN12Bitmap_ClassI6ScreenE10DrawScaledI8tTextureEEi3b2DPT_t  main.o
    0x0800d616   0x000000c0   Code   RO          226    t._ZN12Bitmap_ClassI6ScreenE11DrawNoScaleI8tTextureEEi3b2DPT_t  main.o
    0x0800d6d6   0x00000066   Code   RO          280    t._ZN12Bitmap_ClassI6ScreenE13NewBitmapOpenER8tTexture  main.o
    0x0800d73c   0x00000026   Code   RO          250    t._ZN12Bitmap_ClassI6ScreenE14NewBitmapCloseEv  main.o
    0x0800d762   0x00000024   Code   RO          238    t._ZN12Bitmap_ClassI6ScreenE4DrawI8tTextureEEissPT_t  main.o
    0x0800d786   0x0000002e   Code   RO          286    t._ZN12Bitmap_ClassI6ScreenE4FillI8tTextureEEiPT_t  main.o
    0x0800d7b4   0x0000001a   Code   RO          244    t._ZN12Bitmap_ClassI6ScreenE8SetScaleEff  main.o
    0x0800d7ce   0x00000002   Code   RO         1202    t._ZN12Bitmap_ClassI6ScreenEC1Ev  screen.o
    0x0800d7d0   0x00000006   Code   RO          346    t._ZN12Circle_ClassI6ScreenE3SqrEi  main.o
    0x0800d7d6   0x00000130   Code   RO          358    t._ZN12Circle_ClassI6ScreenE4DrawE3b2Dft  main.o
    0x0800d906   0x00000018   Code   RO          364    t._ZN12Circle_ClassI6ScreenE4DrawEssft  main.o
    0x0800d91e   0x00000016   Code   RO          352    t._ZN12Circle_ClassI6ScreenE5PixelEjjt  main.o
    0x0800d934   0x00000046   Code   RO          340    t._ZN12Circle_ClassI6ScreenE5PointEiiiit  main.o
    0x0800d97a   0x00000002   Code   RO         1208    t._ZN12Circle_ClassI6ScreenEC1Ev  screen.o
    0x0800d97c   0x00000018   Code   RO         2005    t._ZN13List_IteratorI11MemoryChunkE3GetEj  memory_alloc.o
    0x0800d994   0x00000020   Code   RO         2029    t._ZN13List_IteratorI11MemoryChunkE6RemoveEPS0_  memory_alloc.o
    0x0800d9b4   0x00000004   Code   RO         2023    t._ZN13List_IteratorI11MemoryChunkE7ContainEv  memory_alloc.o
    0x0800d9b8   0x00000004   Code   RO         2011    t._ZN13List_IteratorI11MemoryChunkE7GetLastEv  memory_alloc.o
    0x0800d9bc   0x00000004   Code   RO         2017    t._ZN13List_IteratorI11MemoryChunkE8GetFirstEv  memory_alloc.o
    0x0800d9c0   0x00000002   Code   RO         1585    t._ZN13List_IteratorI11MemoryChunkEC1Ev  device.o
    0x0800d9c2   0x00000004   Code   RO         1999    t._ZN13List_IteratorI11MemoryChunkEmiEPS0_  memory_alloc.o
    0x0800d9c6   0x0000004e   Code   RO         1987    t._ZN13List_IteratorI11MemoryChunkEmiERS0_  memory_alloc.o
    0x0800da14   0x00000004   Code   RO         1993    t._ZN13List_IteratorI11MemoryChunkEplEPS0_  memory_alloc.o
    0x0800da18   0x00000060   Code   RO         1981    t._ZN13List_IteratorI11MemoryChunkEplERS0_  memory_alloc.o
    0x0800da78   0x00000018   Code   RO         1280    t._ZN13List_IteratorI6ScreenE3GetEj  screen.o
    0x0800da90   0x00000004   Code   RO         1286    t._ZN13List_IteratorI6ScreenE7ContainEv  screen.o
    0x0800da94   0x00000002   Code   RO         1250    t._ZN13List_IteratorI6ScreenEC1Ev  screen.o
    0x0800da96   0x00000004   Code   RO         1274    t._ZN13List_IteratorI6ScreenEmiEPS0_  screen.o
    0x0800da9a   0x0000004e   Code   RO         1262    t._ZN13List_IteratorI6ScreenEmiERS0_  screen.o
    0x0800dae8   0x00000004   Code   RO         1268    t._ZN13List_IteratorI6ScreenEplEPS0_  screen.o
    0x0800daec   0x00000060   Code   RO         1256    t._ZN13List_IteratorI6ScreenEplERS0_  screen.o
    0x0800db4c   0x00000004   Code   RO          316    t._ZN13List_IteratorI7Frame2DIsEEplEPS1_  main.o
    0x0800db50   0x00000060   Code   RO          310    t._ZN13List_IteratorI7Frame2DIsEEplERS1_  main.o
    0x0800dbb0   0x00000018   Code   RO         1843    t._ZN13List_IteratorIN6Physic6Ball2DEE3GetEj  physic.o
    0x0800dbc8   0x00000004   Code   RO         1879    t._ZN13List_IteratorIN6Physic6Ball2DEE5ArrayI6lArrayIS1_EEERS2_PT_j  physic.o
    0x0800dbcc   0x00000022   Code   RO         1873    t._ZN13List_IteratorIN6Physic6Ball2DEE5ArrayI6lArrayIS1_EEERS2_RT_j  physic.o
    0x0800dbee   0x00000004   Code   RO         1861    t._ZN13List_IteratorIN6Physic6Ball2DEE7ContainEv  physic.o
    0x0800dbf2   0x0000000e   Code   RO         1855    t._ZN13List_IteratorIN6Physic6Ball2DEE7GetNextEPS1_  physic.o
    0x0800dc00   0x00000004   Code   RO         1849    t._ZN13List_IteratorIN6Physic6Ball2DEE8GetFirstEv  physic.o
    0x0800dc04   0x00000002   Code   RO         1813    t._ZN13List_IteratorIN6Physic6Ball2DEEC1Ev  physic.o
    0x0800dc06   0x00000004   Code   RO         1837    t._ZN13List_IteratorIN6Physic6Ball2DEEmiEPS1_  physic.o
    0x0800dc0a   0x0000004e   Code   RO         1825    t._ZN13List_IteratorIN6Physic6Ball2DEEmiERS1_  physic.o
    0x0800dc58   0x00000004   Code   RO         1831    t._ZN13List_IteratorIN6Physic6Ball2DEEplEPS1_  physic.o
    0x0800dc5c   0x00000068   Code   RO         1819    t._ZN13List_IteratorIN6Physic6Ball2DEEplERS1_  physic.o
    0x0800dcc4   0x00000002   Code   RO         1891    t._ZN13List_IteratorIN6Physic8DustPartEEC1Ev  physic.o
    0x0800dcc6   0x00000004   Code   RO         1903    t._ZN13List_IteratorIN6Physic8DustPartEEplEPS1_  physic.o
    0x0800dcca   0x00000068   Code   RO         1897    t._ZN13List_IteratorIN6Physic8DustPartEEplERS1_  physic.o
    0x0800dd32   0x00000032   Code   RO          328    t._ZN14Frame2DManagerIsE6CreateE3b2D  main.o
    0x0800dd64   0x00000002   Code   RO         1591    t._ZN14Frame2DManagerIsEC1Ev  device.o
    0x0800dd66   0x00000002   Code   RO          334    t._ZN14Frame2DManagerIsEclEv  main.o
    0x0800dd68   0x000000a4   Code   RO          268    t._ZN15Rectangle_ClassI6ScreenE4DrawE3b2Dt  main.o
    0x0800de0c   0x00000006   Code   RO         1232    t._ZN15Rectangle_ClassI6ScreenE4InitEv  screen.o
    0x0800de12   0x00000002   Code   RO         1226    t._ZN15Rectangle_ClassI6ScreenEC1Ev  screen.o
    0x0800de14   0x0000000e   Code   RO         1915    t._ZN6lArrayIN6Physic6Ball2DEE3AddEPS1_j  physic.o
    0x0800de22   0x00000018   Code   RO         1921    t._ZN6lArrayIN6Physic6Ball2DEED1Ev  physic.o
    0x0800de3a   0x0000001c   Code   RO         1909    t._ZN6lArrayIN6Physic6Ball2DEEclEj  physic.o
    0x0800de56   0x00000008   Code   RO         1867    t._ZN6lArrayIN6Physic6Ball2DEEixEj  physic.o
    0x0800de5e   0x0000000e   Code   RO         1154    t._ZN7Frame2DIsE4GetHEv  screen.o
    0x0800de6c   0x00000004   Code   RO         1160    t._ZN7Frame2DIsE7GetBuffEv  screen.o
    0x0800de70   0x00000026   Code   RO         1536    t._ZN7Frame2DIsE7GetRectEv  tftili9486.o
    0x0800de96   0x00000028   Code   RO          304    t._ZN7Frame2DIsEclE3b2D  main.o
    0x0800debe   0x00000024   Code   RO          274    t._ZN7Frame2DIsEclE3b2DPt  main.o
    0x0800dee2   0x00000006   Code   RO         1166    t._ZN9AllocatorI6ScreenE3NewEv  screen.o
    0x0800dee8   0x00000008   Code   RO         1172    t._ZN9AllocatorI6ScreenE3NewI8tTextureEEPT_j  screen.o
    0x0800def0   0x00000006   Code   RO         1178    t._ZN9AllocatorI6ScreenE6DeleteI8tTextureEEiPT_  screen.o
    0x0800def6   0x00000006   Code   RO         1184    t._ZN9AllocatorI6ScreenE6DeleteIS0_EEiPT_  screen.o
    0x0800defc   0x00000008   Code   RO          322    t._ZN9AllocatorI7Frame2DIsEE3NewEj  main.o
    0x0800df04   0x00000006   Code   RO         1783    t._ZN9AllocatorIN6Physic6Ball2DEE3NewEv  physic.o
    0x0800df0a   0x00000006   Code   RO         1795    t._ZN9AllocatorIN6Physic6Ball2DEE3NewI6lArrayIS1_EEEPT_v  physic.o
    0x0800df10   0x00000006   Code   RO         1807    t._ZN9AllocatorIN6Physic6Ball2DEE6DeleteI6lArrayIS1_EEEiPT_  physic.o
    0x0800df16   0x00000006   Code   RO         1801    t._ZN9AllocatorIN6Physic6Ball2DEE6DeleteIPS1_EEiPT_  physic.o
    0x0800df1c   0x00000006   Code   RO         1789    t._ZN9AllocatorIN6Physic6Ball2DEE9NewlArrayEj  physic.o
    0x0800df22   0x00000006   Code   RO         1885    t._ZN9AllocatorIN6Physic8DustPartEE3NewEv  physic.o
    0x0800df28   0x00000018   Code   RO         2420    x$fpl$basic         fz_wm.l(basic.o)
    0x0800df40   0x00000062   Code   RO         2224    x$fpl$d2f           fz_wm.l(d2f.o)
    0x0800dfa2   0x00000002   PAD
    0x0800dfa4   0x00000150   Code   RO         2226    x$fpl$dadd          fz_wm.l(daddsub_clz.o)
    0x0800e0f4   0x000002b0   Code   RO         2423    x$fpl$ddiv          fz_wm.l(ddiv.o)
    0x0800e3a4   0x00000154   Code   RO         2426    x$fpl$dmul          fz_wm.l(dmul.o)
    0x0800e4f8   0x0000009c   Code   RO         2428    x$fpl$dnaninf       fz_wm.l(dnaninf.o)
    0x0800e594   0x0000000c   Code   RO         2430    x$fpl$dretinf       fz_wm.l(dretinf.o)
    0x0800e5a0   0x00000016   Code   RO         2227    x$fpl$drsb          fz_wm.l(daddsub_clz.o)
    0x0800e5b6   0x00000002   PAD
    0x0800e5b8   0x000001d4   Code   RO         2228    x$fpl$dsub          fz_wm.l(daddsub_clz.o)
    0x0800e78c   0x00000056   Code   RO         2232    x$fpl$f2d           fz_wm.l(f2d.o)
    0x0800e7e2   0x0000008c   Code   RO         2432    x$fpl$fnaninf       fz_wm.l(fnaninf.o)
    0x0800e86e   0x0000000a   Code   RO         2549    x$fpl$fpinit        fz_wm.l(fpinit.o)
    0x0800e878   0x0000000a   Code   RO         2434    x$fpl$fretinf       fz_wm.l(fretinf.o)
    0x0800e882   0x00000000   Code   RO         2436    x$fpl$usenofp       fz_wm.l(usenofp.o)
    0x0800e882   0x00000240   Data   RO            7    .constdata          main.o
    0x0800eac2   0x00000002   PAD
    0x0800eac4   0x00000008   Data   RO            8    .constdata          main.o
    0x0800eacc   0x00000240   Data   RO            9    .constdata          main.o
    0x0800ed0c   0x00000008   Data   RO           10    .constdata          main.o
    0x0800ed14   0x00000240   Data   RO           11    .constdata          main.o
    0x0800ef54   0x00000008   Data   RO           12    .constdata          main.o
    0x0800ef5c   0x00000240   Data   RO           13    .constdata          main.o
    0x0800f19c   0x00000008   Data   RO           14    .constdata          main.o
    0x0800f1a4   0x00000240   Data   RO           15    .constdata          main.o
    0x0800f3e4   0x00000008   Data   RO           16    .constdata          main.o
    0x0800f3ec   0x00000240   Data   RO           17    .constdata          main.o
    0x0800f62c   0x00000008   Data   RO           18    .constdata          main.o
    0x0800f634   0x00000240   Data   RO           19    .constdata          main.o
    0x0800f874   0x00000008   Data   RO           20    .constdata          main.o
    0x0800f87c   0x00000240   Data   RO           21    .constdata          main.o
    0x0800fabc   0x00000008   Data   RO           22    .constdata          main.o
    0x0800fac4   0x00000240   Data   RO           23    .constdata          main.o
    0x0800fd04   0x00000008   Data   RO           24    .constdata          main.o
    0x0800fd0c   0x00000240   Data   RO           25    .constdata          main.o
    0x0800ff4c   0x00000008   Data   RO           26    .constdata          main.o
    0x0800ff54   0x00000240   Data   RO           27    .constdata          main.o
    0x08010194   0x00000008   Data   RO           28    .constdata          main.o
    0x0801019c   0x00000240   Data   RO           29    .constdata          main.o
    0x080103dc   0x00000008   Data   RO           30    .constdata          main.o
    0x080103e4   0x00000240   Data   RO           31    .constdata          main.o
    0x08010624   0x00000008   Data   RO           32    .constdata          main.o
    0x0801062c   0x00000240   Data   RO           33    .constdata          main.o
    0x0801086c   0x00000008   Data   RO           34    .constdata          main.o
    0x08010874   0x00000240   Data   RO           35    .constdata          main.o
    0x08010ab4   0x00000008   Data   RO           36    .constdata          main.o
    0x08010abc   0x00000240   Data   RO           37    .constdata          main.o
    0x08010cfc   0x00000008   Data   RO           38    .constdata          main.o
    0x08010d04   0x00000240   Data   RO           39    .constdata          main.o
    0x08010f44   0x00000008   Data   RO           40    .constdata          main.o
    0x08010f4c   0x00000240   Data   RO           41    .constdata          main.o
    0x0801118c   0x00000008   Data   RO           42    .constdata          main.o
    0x08011194   0x00000240   Data   RO           43    .constdata          main.o
    0x080113d4   0x00000008   Data   RO           44    .constdata          main.o
    0x080113dc   0x00000240   Data   RO           45    .constdata          main.o
    0x0801161c   0x00000008   Data   RO           46    .constdata          main.o
    0x08011624   0x00000240   Data   RO           47    .constdata          main.o
    0x08011864   0x00000008   Data   RO           48    .constdata          main.o
    0x0801186c   0x00000240   Data   RO           49    .constdata          main.o
    0x08011aac   0x00000008   Data   RO           50    .constdata          main.o
    0x08011ab4   0x00000240   Data   RO           51    .constdata          main.o
    0x08011cf4   0x00000008   Data   RO           52    .constdata          main.o
    0x08011cfc   0x00000240   Data   RO           53    .constdata          main.o
    0x08011f3c   0x00000008   Data   RO           54    .constdata          main.o
    0x08011f44   0x00000240   Data   RO           55    .constdata          main.o
    0x08012184   0x00000008   Data   RO           56    .constdata          main.o
    0x0801218c   0x00000240   Data   RO           57    .constdata          main.o
    0x080123cc   0x00000008   Data   RO           58    .constdata          main.o
    0x080123d4   0x00000240   Data   RO           59    .constdata          main.o
    0x08012614   0x00000008   Data   RO           60    .constdata          main.o
    0x0801261c   0x00000240   Data   RO           61    .constdata          main.o
    0x0801285c   0x00000008   Data   RO           62    .constdata          main.o
    0x08012864   0x00000240   Data   RO           63    .constdata          main.o
    0x08012aa4   0x00000008   Data   RO           64    .constdata          main.o
    0x08012aac   0x00000240   Data   RO           65    .constdata          main.o
    0x08012cec   0x00000008   Data   RO           66    .constdata          main.o
    0x08012cf4   0x00000240   Data   RO           67    .constdata          main.o
    0x08012f34   0x00000008   Data   RO           68    .constdata          main.o
    0x08012f3c   0x00000240   Data   RO           69    .constdata          main.o
    0x0801317c   0x00000008   Data   RO           70    .constdata          main.o
    0x08013184   0x00000240   Data   RO           71    .constdata          main.o
    0x080133c4   0x00000008   Data   RO           72    .constdata          main.o
    0x080133cc   0x00000240   Data   RO           73    .constdata          main.o
    0x0801360c   0x00000008   Data   RO           74    .constdata          main.o
    0x08013614   0x00000240   Data   RO           75    .constdata          main.o
    0x08013854   0x00000008   Data   RO           76    .constdata          main.o
    0x0801385c   0x00000240   Data   RO           77    .constdata          main.o
    0x08013a9c   0x00000008   Data   RO           78    .constdata          main.o
    0x08013aa4   0x00000240   Data   RO           79    .constdata          main.o
    0x08013ce4   0x00000008   Data   RO           80    .constdata          main.o
    0x08013cec   0x00000240   Data   RO           81    .constdata          main.o
    0x08013f2c   0x00000008   Data   RO           82    .constdata          main.o
    0x08013f34   0x00000240   Data   RO           83    .constdata          main.o
    0x08014174   0x00000008   Data   RO           84    .constdata          main.o
    0x0801417c   0x00000240   Data   RO           85    .constdata          main.o
    0x080143bc   0x00000008   Data   RO           86    .constdata          main.o
    0x080143c4   0x00000240   Data   RO           87    .constdata          main.o
    0x08014604   0x00000008   Data   RO           88    .constdata          main.o
    0x0801460c   0x00000240   Data   RO           89    .constdata          main.o
    0x0801484c   0x00000008   Data   RO           90    .constdata          main.o
    0x08014854   0x00000240   Data   RO           91    .constdata          main.o
    0x08014a94   0x00000008   Data   RO           92    .constdata          main.o
    0x08014a9c   0x00000240   Data   RO           93    .constdata          main.o
    0x08014cdc   0x00000008   Data   RO           94    .constdata          main.o
    0x08014ce4   0x00000240   Data   RO           95    .constdata          main.o
    0x08014f24   0x00000008   Data   RO           96    .constdata          main.o
    0x08014f2c   0x00000240   Data   RO           97    .constdata          main.o
    0x0801516c   0x00000008   Data   RO           98    .constdata          main.o
    0x08015174   0x00000240   Data   RO           99    .constdata          main.o
    0x080153b4   0x00000008   Data   RO          100    .constdata          main.o
    0x080153bc   0x00000240   Data   RO          101    .constdata          main.o
    0x080155fc   0x00000008   Data   RO          102    .constdata          main.o
    0x08015604   0x00000240   Data   RO          103    .constdata          main.o
    0x08015844   0x00000008   Data   RO          104    .constdata          main.o
    0x0801584c   0x00000240   Data   RO          105    .constdata          main.o
    0x08015a8c   0x00000008   Data   RO          106    .constdata          main.o
    0x08015a94   0x00000240   Data   RO          107    .constdata          main.o
    0x08015cd4   0x00000008   Data   RO          108    .constdata          main.o
    0x08015cdc   0x00000240   Data   RO          109    .constdata          main.o
    0x08015f1c   0x00000008   Data   RO          110    .constdata          main.o
    0x08015f24   0x00000240   Data   RO          111    .constdata          main.o
    0x08016164   0x00000008   Data   RO          112    .constdata          main.o
    0x0801616c   0x00000240   Data   RO          113    .constdata          main.o
    0x080163ac   0x00000008   Data   RO          114    .constdata          main.o
    0x080163b4   0x00000240   Data   RO          115    .constdata          main.o
    0x080165f4   0x00000008   Data   RO          116    .constdata          main.o
    0x080165fc   0x00000240   Data   RO          117    .constdata          main.o
    0x0801683c   0x00000008   Data   RO          118    .constdata          main.o
    0x08016844   0x00000240   Data   RO          119    .constdata          main.o
    0x08016a84   0x00000008   Data   RO          120    .constdata          main.o
    0x08016a8c   0x00000240   Data   RO          121    .constdata          main.o
    0x08016ccc   0x00000008   Data   RO          122    .constdata          main.o
    0x08016cd4   0x00000240   Data   RO          123    .constdata          main.o
    0x08016f14   0x00000008   Data   RO          124    .constdata          main.o
    0x08016f1c   0x00000240   Data   RO          125    .constdata          main.o
    0x0801715c   0x00000008   Data   RO          126    .constdata          main.o
    0x08017164   0x00000240   Data   RO          127    .constdata          main.o
    0x080173a4   0x00000008   Data   RO          128    .constdata          main.o
    0x080173ac   0x00000240   Data   RO          129    .constdata          main.o
    0x080175ec   0x00000008   Data   RO          130    .constdata          main.o
    0x080175f4   0x00000240   Data   RO          131    .constdata          main.o
    0x08017834   0x00000008   Data   RO          132    .constdata          main.o
    0x0801783c   0x00000240   Data   RO          133    .constdata          main.o
    0x08017a7c   0x00000008   Data   RO          134    .constdata          main.o
    0x08017a84   0x00000240   Data   RO          135    .constdata          main.o
    0x08017cc4   0x00000008   Data   RO          136    .constdata          main.o
    0x08017ccc   0x00000240   Data   RO          137    .constdata          main.o
    0x08017f0c   0x00000008   Data   RO          138    .constdata          main.o
    0x08017f14   0x00000240   Data   RO          139    .constdata          main.o
    0x08018154   0x00000008   Data   RO          140    .constdata          main.o
    0x0801815c   0x00000240   Data   RO          141    .constdata          main.o
    0x0801839c   0x00000008   Data   RO          142    .constdata          main.o
    0x080183a4   0x00000240   Data   RO          143    .constdata          main.o
    0x080185e4   0x00000008   Data   RO          144    .constdata          main.o
    0x080185ec   0x00000240   Data   RO          145    .constdata          main.o
    0x0801882c   0x00000008   Data   RO          146    .constdata          main.o
    0x08018834   0x00000240   Data   RO          147    .constdata          main.o
    0x08018a74   0x00000008   Data   RO          148    .constdata          main.o
    0x08018a7c   0x00000240   Data   RO          149    .constdata          main.o
    0x08018cbc   0x00000008   Data   RO          150    .constdata          main.o
    0x08018cc4   0x00000240   Data   RO          151    .constdata          main.o
    0x08018f04   0x00000008   Data   RO          152    .constdata          main.o
    0x08018f0c   0x00000240   Data   RO          153    .constdata          main.o
    0x0801914c   0x00000008   Data   RO          154    .constdata          main.o
    0x08019154   0x00000240   Data   RO          155    .constdata          main.o
    0x08019394   0x00000008   Data   RO          156    .constdata          main.o
    0x0801939c   0x00000240   Data   RO          157    .constdata          main.o
    0x080195dc   0x00000008   Data   RO          158    .constdata          main.o
    0x080195e4   0x00000240   Data   RO          159    .constdata          main.o
    0x08019824   0x00000008   Data   RO          160    .constdata          main.o
    0x0801982c   0x00000240   Data   RO          161    .constdata          main.o
    0x08019a6c   0x00000008   Data   RO          162    .constdata          main.o
    0x08019a74   0x00000240   Data   RO          163    .constdata          main.o
    0x08019cb4   0x00000008   Data   RO          164    .constdata          main.o
    0x08019cbc   0x00000240   Data   RO          165    .constdata          main.o
    0x08019efc   0x00000008   Data   RO          166    .constdata          main.o
    0x08019f04   0x00000240   Data   RO          167    .constdata          main.o
    0x0801a144   0x00000008   Data   RO          168    .constdata          main.o
    0x0801a14c   0x00000240   Data   RO          169    .constdata          main.o
    0x0801a38c   0x00000008   Data   RO          170    .constdata          main.o
    0x0801a394   0x00000240   Data   RO          171    .constdata          main.o
    0x0801a5d4   0x00000008   Data   RO          172    .constdata          main.o
    0x0801a5dc   0x00000240   Data   RO          173    .constdata          main.o
    0x0801a81c   0x00000008   Data   RO          174    .constdata          main.o
    0x0801a824   0x00000240   Data   RO          175    .constdata          main.o
    0x0801aa64   0x00000008   Data   RO          176    .constdata          main.o
    0x0801aa6c   0x00000240   Data   RO          177    .constdata          main.o
    0x0801acac   0x00000008   Data   RO          178    .constdata          main.o
    0x0801acb4   0x00000240   Data   RO          179    .constdata          main.o
    0x0801aef4   0x00000008   Data   RO          180    .constdata          main.o
    0x0801aefc   0x00000240   Data   RO          181    .constdata          main.o
    0x0801b13c   0x00000008   Data   RO          182    .constdata          main.o
    0x0801b144   0x00000240   Data   RO          183    .constdata          main.o
    0x0801b384   0x00000008   Data   RO          184    .constdata          main.o
    0x0801b38c   0x00000240   Data   RO          185    .constdata          main.o
    0x0801b5cc   0x00000008   Data   RO          186    .constdata          main.o
    0x0801b5d4   0x00000240   Data   RO          187    .constdata          main.o
    0x0801b814   0x00000008   Data   RO          188    .constdata          main.o
    0x0801b81c   0x00000240   Data   RO          189    .constdata          main.o
    0x0801ba5c   0x00000008   Data   RO          190    .constdata          main.o
    0x0801ba64   0x00000240   Data   RO          191    .constdata          main.o
    0x0801bca4   0x00000008   Data   RO          192    .constdata          main.o
    0x0801bcac   0x00000240   Data   RO          193    .constdata          main.o
    0x0801beec   0x00000008   Data   RO          194    .constdata          main.o
    0x0801bef4   0x00000240   Data   RO          195    .constdata          main.o
    0x0801c134   0x00000008   Data   RO          196    .constdata          main.o
    0x0801c13c   0x000002f8   Data   RO          197    .constdata          main.o
    0x0801c434   0x00000034   Data   RO          198    .constdata          main.o
    0x0801c468   0x00000010   Data   RO         1067    .constdata          stm32f4xx_hal_rcc.o
    0x0801c478   0x00000098   Data   RO         2237    .constdata          m_wm.l(atan.o)
    0x0801c510   0x00000020   Data   RO         2478    .constdata          m_wm.l(rredf.o)
    0x0801c530   0x00000010   Data   RO         1584    .constdata__ZTV12LcdDriverDef  device.o
    0x0801c540   0x0000000c   Data   RO          225    .constdata__ZTVN6Physic11Ball2DGroupE  main.o
    0x0801c54c   0x00000020   Data   RO         2657    Region$$Table       anon$$obj.o
    0x0801c56c   0x00000004   Data   RO          203    .init_array         main.o
    0x0801c570   0x00000004   Data   RO         1563    .init_array         device.o
    0x0801c574   0x00000000   Data   RO         2107    .init_array         c_w.l(init_aeabi.o)


    Execution Region RW_IRAM2 (Base: 0x10000000, Size: 0x00000000, Max: 0x00010000, ABSOLUTE)

    **** No section assigned to this execution region ****


    Execution Region RW_IRAM1 (Base: 0x20000000, Size: 0x00009718, Max: 0x00020000, ABSOLUTE)

    Base Addr    Size         Type   Attr      Idx    E Section Name        Object

    0x20000000   0x00000008   Data   RW          202    .data               main.o
    0x20000008   0x00000004   Data   RW          659    .data               stm32f4xx_hal.o
    0x2000000c   0x00000001   Data   RW         1562    .data               device.o
    0x2000000d   0x00000003   PAD
    0x20000010   0x00000014   Data   RW         2064    .data               system_stm32f4xx.o
    0x20000024   0x00000008   Data   RW          371    .data__ZZN15Rectangle_ClassI6ScreenE4DrawE3b2DtE1r  main.o
    0x2000002c   0x00008e48   Zero   RW            6    .bss                main.o
    0x20008e74   0x000001d0   Zero   RW         1119    .bss                init.o
    0x20009044   0x00000014   Zero   RW         1488    .bss                gpio_ex.o
    0x20009058   0x00000060   Zero   RW         1561    .bss                device.o
    0x200090b8   0x00000060   Zero   RW         2273    .bss                c_w.l(libspace.o)
    0x20009118   0x00000200   Zero   RW         2053    HEAP                startup_stm32f417xx.o
    0x20009318   0x00000400   Zero   RW         2052    STACK               startup_stm32f417xx.o


==============================================================================

Image component sizes


      Code (inc. data)   RO Data    RW Data    ZI Data      Debug   Object Name

        72          0          0          0          0       2932   affine_tf.o
       124         32         20          1         96      10963   device.o
        98          0          0          0          0        916   dtostr.o
       940          0          0          0          0       8908   geometry.o
       228         10          0          0         20       3669   gpio_ex.o
      1136        100          0          0        464       3887   init.o
         0          0          0          0          0       1232   list.o
        18          0          0          0          0       1288   locker.o
      2528         82      56308         16      36424     312329   main.o
      1310        146          0          0          0      11248   memory_alloc.o
      3678         52          0          0          0      33140   physic.o
       880          4          0          0          0      29476   screen.o
        64         26        392          0       1536        840   startup_stm32f417xx.o
       364         26          0          4          0     381986   stm32f4xx_hal.o
       508         12          0          0          0      31562   stm32f4xx_hal_cortex.o
     18120        912          0          0          0      17234   stm32f4xx_hal_dma.o
       952         20          0          0          0       4095   stm32f4xx_hal_gpio.o
      2592        132         16          0          0       6839   stm32f4xx_hal_rcc.o
      4840         44          0          0          0      14744   stm32f4xx_hal_spi.o
       808          8          0          0          0       6752   stm32f4xx_hal_sram.o
      8556         60          0          0          0      32422   stm32f4xx_hal_tim.o
      2864         22          0          0          0      11878   stm32f4xx_hal_tim_ex.o
        44         10          0          0          0       1624   stm32f4xx_it.o
       884          8          0          0          0       6548   stm32f4xx_ll_fsmc.o
       232         44          0         20          0       1685   system_stm32f4xx.o
       428          0          0          0          0       7384   terminal_interface.o
      1066         16          0          0          0       6583   tftili9486.o

    ----------------------------------------------------------------------
     53336       1766      56770         44      38540     952164   Object Totals
         0          0         32          0          0          0   (incl. Generated)
         2          0          2          3          0          0   (incl. Padding)

    ----------------------------------------------------------------------

      Code (inc. data)   RO Data    RW Data    ZI Data      Debug   Library Member Name

         8          0          0          0          0         68   __main.o
         0          0          0          0          0          0   __rtentry.o
        12          0          0          0          0          0   __rtentry2.o
         6          0          0          0          0          0   __rtentry4.o
        52          8          0          0          0          0   __scatter.o
        26          0          0          0          0          0   __scatter_copy.o
        28          0          0          0          0          0   __scatter_zi.o
        22          0          0          0          0        100   _rserrno.o
        10          0          0          0          0         68   defsig_exit.o
        50          0          0          0          0         88   defsig_general.o
        80         58          0          0          0         76   defsig_rtmem_inner.o
        14          0          0          0          0         80   defsig_rtmem_outer.o
        12          0          0          0          0         72   exit.o
        94          0          0          0          0         80   h1_alloc.o
        52          0          0          0          0         68   h1_extend.o
        78          0          0          0          0         80   h1_free.o
        14          0          0          0          0         84   h1_init.o
         6          0          0          0          0        152   heapauxi.o
         4          0          0          0          0        136   hguard.o
         0          0          0          0          0          0   indicate_semi.o
        36         10          0          0          0         80   init_aeabi.o
       138          0          0          0          0        168   init_alloc.o
         2          0          0          0          0          0   libinit.o
        18          0          0          0          0          0   libinit2.o
         2          0          0          0          0          0   libshutdown.o
         8          0          0          0          0          0   libshutdown2.o
         8          4          0          0         96         68   libspace.o
         0          0          0          0          0          0   maybetermalloc1.o
         8          4          0          0          0         68   rt_ddtor_pointer_addr_intlibspace.o
         8          4          0          0          0         68   rt_errno_addr_intlibspace.o
         8          4          0          0          0         68   rt_heap_descriptor_intlibspace.o
         2          0          0          0          0          0   rtexit.o
        10          0          0          0          0          0   rtexit2.o
        62          0          0          0          0         76   strlen.o
        12          4          0          0          0         68   sys_exit.o
        74          0          0          0          0         80   sys_stackheap_outer.o
        14          0          0          0          0         76   sys_wrch.o
         2          0          0          0          0         68   use_no_semi.o
        50          0          0          0          0         84   aeabi_atexit.o
        36          0          0          0          0         84   aeabi_vec_ctor_nocookie_nodtor.o
        66          0          0          0          0         84   cxa_finalize.o
        24          0          0          0          0        164   basic.o
        98          4          0          0          0        140   d2f.o
       826         16          0          0          0        492   daddsub_clz.o
       688        140          0          0          0        256   ddiv.o
       340         12          0          0          0        152   dmul.o
       156          4          0          0          0        140   dnaninf.o
        12          0          0          0          0        116   dretinf.o
        86          4          0          0          0        132   f2d.o
       140          4          0          0          0        132   fnaninf.o
        10          0          0          0          0        116   fpinit.o
        10          0          0          0          0        116   fretinf.o
         0          0          0          0          0          0   usenofp.o
       728        106        152          0          0        228   atan.o
       336         56          0          0          0        136   cosf.o
        52          8          0          0          0        248   dunder.o
        24          0          0          0          0        124   fabs.o
        48          0          0          0          0        124   fpclassify.o
        38          0          0          0          0        116   fpclassifyf.o
        38         12          0          0          0        348   funder.o
       248          0          0          0          0        152   poly.o
       340         24         32          0          0        160   rredf.o
       400         56          0          0          0        212   sinf.o

    ----------------------------------------------------------------------
      5794        542        184          0         96       6096   Library Totals
        20          0          0          0          0          0   (incl. Padding)

    ----------------------------------------------------------------------

      Code (inc. data)   RO Data    RW Data    ZI Data      Debug   Library Name

       980         96          0          0         96       2040   c_w.l
       152          0          0          0          0        252   cpprt_w.l
      2390        184          0          0          0       1956   fz_wm.l
      2252        262        184          0          0       1848   m_wm.l

    ----------------------------------------------------------------------
      5794        542        184          0         96       6096   Library Totals

    ----------------------------------------------------------------------

==============================================================================


      Code (inc. data)   RO Data    RW Data    ZI Data      Debug   

     59130       2308      56954         44      38636     939212   Grand Totals
     59130       2308      56954         44      38636     939212   ELF Image Totals
     59130       2308      56954         44          0          0   ROM Totals

==============================================================================

    Total RO  Size (Code + RO Data)               116084 ( 113.36kB)
    Total RW  Size (RW Data + ZI Data)             38680 (  37.77kB)
    Total ROM Size (Code + RO Data + RW Data)     116128 ( 113.41kB)

==============================================================================

