Component: ARM Compiler 5.05 update 1 (build 106) Tool: armlink [4d0efa]

==============================================================================

Section Cross References

    main.o(.text) refers to stm32f4xx_hal.o(.text) for HAL_Init
    main.o(.text) refers to init.o(.text) for SystemClock_Config()
    main.o(.text) refers to memory_alloc.o(.text) for MemoryAllocator::operator ()(void*, unsigned)
    main.o(.text) refers to main.o(t._ZN14Frame2DManagerIsEclEv) for Frame2DManager<short>::operator ()()
    main.o(.text) refers to main.o(t._ZN14Frame2DManagerIsE6CreateE3b2D) for Frame2DManager<short>::Create(b2D)
    main.o(.text) refers to screen.o(.text) for ScreenManager::operator ()()
    main.o(.text) refers to main.o(t._ZN11Print_ClassI6ScreenE7UseFontEPK5tFont) for Print_Class<Screen>::UseFont(const tFont*)
    main.o(.text) refers to tftili9486.o(.text) for LcdDriverDef::Init(unsigned)
    main.o(.text) refers to physic.o(.text) for Physic::Ball2DGroup::operator ()(b2D, float, float)
    main.o(.text) refers to main.o(t._ZN10Fill_ClassI6ScreenE4FillEt) for Fill_Class<Screen>::Fill(unsigned short)
    main.o(.text) refers to main.o(t._ZN12Bitmap_ClassI6ScreenE4FillI8tTextureEEiPT_t) for int Bitmap_Class<Screen>::Fill<tTexture>(T1*, unsigned short)
    main.o(.text) refers to main.o(t._ZN12Bitmap_ClassI6ScreenE13NewBitmapOpenER8tTexture) for Bitmap_Class<Screen>::NewBitmapOpen(tTexture&)
    main.o(.text) refers to main.o(t._ZN12Bitmap_ClassI6ScreenE14NewBitmapCloseEv) for Bitmap_Class<Screen>::NewBitmapClose()
    main.o(.text) refers to main.o(t._ZN12Bitmap_ClassI6ScreenE8SetScaleEff) for Bitmap_Class<Screen>::SetScale(float, float)
    main.o(.text) refers to main.o(t._ZN12Bitmap_ClassI6ScreenE4TileI8tTextureEEi3b2DPT_t) for int Bitmap_Class<Screen>::Tile<tTexture>(b2D, T1*, unsigned short)
    main.o(.text) refers to main.o(t._ZN12Circle_ClassI6ScreenE4DrawEssft) for Circle_Class<Screen>::Draw(short, short, float, unsigned short)
    main.o(.text) refers to aeabi_atexit.o(i.__aeabi_atexit) for __aeabi_atexit
    main.o(.text) refers to device.o(.bss) for Heap
    main.o(.text) refers to main.o(.constdata) for .constdata
    main.o(.text) refers to main.o(.data) for .data
    main.o(.text) refers to main.o(.bss) for .bss
    main.o(.ARM.exidx) refers to main.o(.text) for .text
    main.o(.constdata) refers to main.o(.constdata) for image_data_Image0
    main.o(.constdata) refers to main.o(.constdata) for image_data_Font_0x44
    main.o(.constdata) refers to main.o(.constdata) for Font_array
    main.o(.constdata) refers to main.o(.constdata) for image_data_Font_0x20
    main.o(.constdata) refers to main.o(.constdata) for image_data_Font_0x21
    main.o(.constdata) refers to main.o(.constdata) for image_data_Font_0x22
    main.o(.constdata) refers to main.o(.constdata) for image_data_Font_0x23
    main.o(.constdata) refers to main.o(.constdata) for image_data_Font_0x24
    main.o(.constdata) refers to main.o(.constdata) for image_data_Font_0x25
    main.o(.constdata) refers to main.o(.constdata) for image_data_Font_0x26
    main.o(.constdata) refers to main.o(.constdata) for image_data_Font_0x27
    main.o(.constdata) refers to main.o(.constdata) for image_data_Font_0x28
    main.o(.constdata) refers to main.o(.constdata) for image_data_Font_0x29
    main.o(.constdata) refers to main.o(.constdata) for image_data_Font_0x2a
    main.o(.constdata) refers to main.o(.constdata) for image_data_Font_0x2b
    main.o(.constdata) refers to main.o(.constdata) for image_data_Font_0x2c
    main.o(.constdata) refers to main.o(.constdata) for image_data_Font_0x2d
    main.o(.constdata) refers to main.o(.constdata) for image_data_Font_0x2e
    main.o(.constdata) refers to main.o(.constdata) for image_data_Font_0x2f
    main.o(.constdata) refers to main.o(.constdata) for image_data_Font_0x30
    main.o(.constdata) refers to main.o(.constdata) for image_data_Font_0x31
    main.o(.constdata) refers to main.o(.constdata) for image_data_Font_0x32
    main.o(.constdata) refers to main.o(.constdata) for image_data_Font_0x33
    main.o(.constdata) refers to main.o(.constdata) for image_data_Font_0x34
    main.o(.constdata) refers to main.o(.constdata) for image_data_Font_0x35
    main.o(.constdata) refers to main.o(.constdata) for image_data_Font_0x36
    main.o(.constdata) refers to main.o(.constdata) for image_data_Font_0x37
    main.o(.constdata) refers to main.o(.constdata) for image_data_Font_0x38
    main.o(.constdata) refers to main.o(.constdata) for image_data_Font_0x39
    main.o(.constdata) refers to main.o(.constdata) for image_data_Font_0x3a
    main.o(.constdata) refers to main.o(.constdata) for image_data_Font_0x3b
    main.o(.constdata) refers to main.o(.constdata) for image_data_Font_0x3c
    main.o(.constdata) refers to main.o(.constdata) for image_data_Font_0x3d
    main.o(.constdata) refers to main.o(.constdata) for image_data_Font_0x3e
[...]
    Coordinates::GetyRect()                  0x0800b21d   Thumb Code    40  geometry.o(.text)
    Coordinates::GetxyRect()                 0x0800b245   Thumb Code    42  geometry.o(.text)
    Coordinates::GetH()                      0x0800b26f   Thumb Code     6  geometry.o(.text)
    Coordinates::GetW()                      0x0800b275   Thumb Code     6  geometry.o(.text)
    Coordinates::AllignLeft(b2D)             0x0800b27b   Thumb Code    12  geometry.o(.text)
    Coordinates::AllignRight(b2D)            0x0800b287   Thumb Code    24  geometry.o(.text)
    Coordinates::AllignTop(b2D)              0x0800b29f   Thumb Code    24  geometry.o(.text)
    Coordinates::AllignBottom(b2D)           0x0800b2b7   Thumb Code    12  geometry.o(.text)
    Coordinates::Trunc(b2D*, b2D)            0x0800b2c3   Thumb Code    72  geometry.o(.text)
    Coordinates::Trunc(b2D*)                 0x0800b30b   Thumb Code   102  geometry.o(.text)
    Coordinates::TruncLine(short, short, short, short) 0x0800b371   Thumb Code   128  geometry.o(.text)
    gTest::TestLineIntersect(float, float, float, float, float, float, float, float) 0x0800b3f1   Thumb Code    72  geometry.o(.text)
    gTest::TestBoxBounds(f2D, f2D)           0x0800b439   Thumb Code   154  geometry.o(.text)
    gTest::TestPointInBox(f2D, float, float) 0x0800b4d3   Thumb Code    98  geometry.o(.text)
    Locker::Locker()                         0x0800b535   Thumb Code     2  locker.o(.text)
    Locker::Locker__sub_object()             0x0800b535   Thumb Code     0  locker.o(.text)
    Locker::Unlock(unsigned)                 0x0800b537   Thumb Code     6  locker.o(.text)
    Locker::Lock(unsigned)                   0x0800b53d   Thumb Code     6  locker.o(.text)
    Locker::Test()                           0x0800b543   Thumb Code     4  locker.o(.text)
    Affine_Body::Affine_Body()               0x0800b547   Thumb Code     2  affine_tf.o(.text)
    Affine_Body::Affine_Body__sub_object()   0x0800b547   Thumb Code     0  affine_tf.o(.text)
    Affine_Body::operator ()()               0x0800b549   Thumb Code     2  affine_tf.o(.text)
    Affine_Body::PointRotateZ(float, float, float, float, float) 0x0800b54b   Thumb Code    40  affine_tf.o(.text)
    Affine_Body::PointRotateZ(f2D, float)    0x0800b573   Thumb Code    28  affine_tf.o(.text)
    STR::itoa(int, char*, unsigned)          0x0800b5b3   Thumb Code    62  dtostr.o(.text)
    Physic::Bounce::Bounce()                 0x0800b5f1   Thumb Code     2  physic.o(.text)
    Physic::Bounce::Bounce__sub_object()     0x0800b5f1   Thumb Code     0  physic.o(.text)
    Physic::Bounce::operator ()(float, float, float, float, float) 0x0800b5f3   Thumb Code    62  physic.o(.text)
    Physic::Bounce::Step()                   0x0800b631   Thumb Code   200  physic.o(.text)
    Physic::Bounce::Step(float)              0x0800b6f9   Thumb Code     6  physic.o(.text)
    Physic::Ball2D::Ball2D()                 0x0800b6ff   Thumb Code     2  physic.o(.text)
    Physic::Ball2D::Ball2D__sub_object()     0x0800b6ff   Thumb Code     0  physic.o(.text)
    Physic::Ball2D::Dir(float)               0x0800b701   Thumb Code    54  physic.o(.text)
    Physic::Ball2D::operator ()(float, float, float) 0x0800b737   Thumb Code    50  physic.o(.text)
    Physic::Ball2D::Test(b2D, float&)        0x0800b769   Thumb Code   184  physic.o(.text)
    Physic::Ball2D::Step(b2D)                0x0800b821   Thumb Code    78  physic.o(.text)
    Physic::Ball2D::Step()                   0x0800b86f   Thumb Code    38  physic.o(.text)
    Physic::Ball2D::Test(float, float, float, float) 0x0800b895   Thumb Code   212  physic.o(.text)
    Physic::Ball2D::Dir(float, float)        0x0800b969   Thumb Code    30  physic.o(.text)
    Physic::Ball2D::Test(Physic::Ball2D&)    0x0800b987   Thumb Code   290  physic.o(.text)
    Physic::Ball2D::SwapP(Physic::Ball2D&)   0x0800baa9   Thumb Code   144  physic.o(.text)
    Physic::Ball2DGroup::Ball2DGroup()       0x0800bb39   Thumb Code    16  physic.o(.text)
    Physic::Ball2DGroup::Ball2DGroup__sub_object() 0x0800bb39   Thumb Code     0  physic.o(.text)
    Physic::Ball2DGroup::operator ()(b2D, float, float) 0x0800bb49   Thumb Code    26  physic.o(.text)
    Physic::Ball2DGroup::Step()              0x0800bb63   Thumb Code   236  physic.o(.text)
    Physic::Ball2DGroup::Add(unsigned)       0x0800bc4f   Thumb Code   106  physic.o(.text)
    Physic::Ball2DGroup::Add(float, float, float) 0x0800bcb9   Thumb Code    86  physic.o(.text)
    Physic::Ball2DGroup::Remove(unsigned)    0x0800bd0f   Thumb Code     2  physic.o(.text)
    Physic::Ball2DGroup::Draw()              0x0800bd11   Thumb Code   102  physic.o(.text)
    Physic::StarDust::StarDust()             0x0800bd77   Thumb Code    10  physic.o(.text)
    Physic::StarDust::StarDust__sub_object() 0x0800bd77   Thumb Code     0  physic.o(.text)
    Physic::StarDust::~StarDust()            0x0800bd81   Thumb Code    20  physic.o(.text)
    Physic::StarDust::~StarDust__sub_object() 0x0800bd81   Thumb Code     0  physic.o(.text)
    Physic::StarDust::operator ()()          0x0800bd95   Thumb Code    32  physic.o(.text)
    Physic::StarDust::SetUp(Physic::DustPart*, unsigned) 0x0800bdb5   Thumb Code   110  physic.o(.text)
    Physic::StarDust::SetUp(Physic::DustPart*, const tImage&, unsigned) 0x0800be23   Thumb Code   388  physic.o(.text)
    Physic::StarDust::Add(float)             0x0800bfa7   Thumb Code   104  physic.o(.text)
    Physic::StarDust::Add(unsigned)          0x0800c00f   Thumb Code     2  physic.o(.text)
    Physic::StarDust::Remove(unsigned)       0x0800c011   Thumb Code     2  physic.o(.text)
    Physic::StarDust::Test(Physic::DustPart&, Physic::DustPart&) 0x0800c013   Thumb Code   152  physic.o(.text)
    Physic::StarDust::Step(b2D)              0x0800c0ab   Thumb Code   210  physic.o(.text)
    Physic::StarDust::Draw()                 0x0800c17d   Thumb Code    92  physic.o(.text)
    Physic::StarDust::TestAround(Physic::DustPart&) 0x0800c1d9   Thumb Code   260  physic.o(.text)
    MemoryAllocator::Separate(MemoryChunk*, unsigned) 0x0800c2e1   Thumb Code    16  memory_alloc.o(.text)
    MemoryAllocator::New(unsigned)           0x0800c2f1   Thumb Code   156  memory_alloc.o(.text)
    MemoryAllocator::operator ()(void*, unsigned) 0x0800c38d   Thumb Code    64  memory_alloc.o(.text)
    MemoryAllocator::Sanitize(List_Iterator<MemoryChunk>&) 0x0800c3cd   Thumb Code   142  memory_alloc.o(.text)
    MemoryAllocator::Delete(void*)           0x0800c45b   Thumb Code   126  memory_alloc.o(.text)
    MemoryAllocator::Check()                 0x0800c4d9   Thumb Code     4  memory_alloc.o(.text)
    MemoryAllocator::PrintTable()            0x0800c4dd   Thumb Code   406  memory_alloc.o(.text)
    Reset_Handler                            0x0800c705   Thumb Code     8  startup_stm32f417xx.o(.text)
    ADC_IRQHandler                           0x0800c71f   Thumb Code     0  startup_stm32f417xx.o(.text)
    CAN1_RX0_IRQHandler                      0x0800c71f   Thumb Code     0  startup_stm32f417xx.o(.text)
    CAN1_RX1_IRQHandler                      0x0800c71f   Thumb Code     0  startup_stm32f417xx.o(.text)
    CAN1_SCE_IRQHandler                      0x0800c71f   Thumb Code     0  startup_stm32f417xx.o(.text)
    CAN1_TX_IRQHandler                       0x0800c71f   Thumb Code     0  startup_stm32f417xx.o(.text)
    CAN2_RX0_IRQHandler                      0x0800c71f   Thumb Code     0  startup_stm32f417xx.o(.text)
    CAN2_RX1_IRQHandler                      0x0800c71f   Thumb Code     0  startup_stm32f417xx.o(.text)
    CAN2_SCE_IRQHandler                      0x0800c71f   Thumb Code     0  startup_stm32f417xx.o(.text)
    CAN2_TX_IRQHandler                       0x0800c71f   Thumb Code     0  startup_stm32f417xx.o(.text)
    CRYP_IRQHandler                          0x0800c71f   Thumb Code     0  startup_stm32f417xx.o(.text)
    DCMI_IRQHandler                          0x0800c71f   Thumb Code     0  startup_stm32f417xx.o(.text)
    DMA1_Stream0_IRQHandler                  0x0800c71f   Thumb Code     0  startup_stm32f417xx.o(.text)
    DMA1_Stream1_IRQHandler                  0x0800c71f   Thumb Code     0  startup_stm32f417xx.o(.text)
    DMA1_Stream2_IRQHandler                  0x0800c71f   Thumb Code     0  startup_stm32f417xx.o(.text)
    DMA1_Stream3_IRQHandler                  0x0800c71f   Thumb Code     0  startup_stm32f417xx.o(.text)
    DMA1_Stream4_IRQHandler                  0x0800c71f   Thumb Code     0  startup_stm32f417xx.o(.text)
    DMA1_Stream5_IRQHandler                  0x0800c71f   Thumb Code     0  startup_stm32f417xx.o(.text)
    DMA1_Stream6_IRQHandler                  0x0800c71f   Thumb Code     0  startup_stm32f417xx.o(.text)
    DMA1_Stream7_IRQHandler                  0x0800c71f   Thumb Code     0  startup_stm32f417xx.o(.text)
    DMA2_Stream0_IRQHandler                  0x0800c71f   Thumb Code     0  startup_stm32f417xx.o(.text)
    DMA2_Stream1_IRQHandler                  0x0800c71f   Thumb Code     0  startup_stm32f417xx.o(.text)
    DMA2_Stream2_IRQHandler                  0x0800c71f   Thumb Code     0  startup_stm32f417xx.o(.text)
    DMA2_Stream3_IRQHandler                  0x0800c71f   Thumb Code     0  startup_stm32f417xx.o(.text)
    DMA2_Stream4_IRQHandler                  0x0800c71f   Thumb Code     0  startup_stm32f417xx.o(.text)
    DMA2_Stream5_IRQHandler                  0x0800c71f   Thumb Code     0  startup_stm32f417xx.o(.text)
    DMA2_Stream6_IRQHandler                  0x0800c71f   Thumb Code     0  startup_stm32f417xx.o(.text)
    DMA2_Stream7_IRQHandler                  0x0800c71f   Thumb Code     0  startup_stm32f417xx.o(.text)
    ETH_IRQHandler                           0x0800c71f   Thumb Code     0  startup_stm32f417xx.o(.text)
    ETH_WKUP_IRQHandler                      0x0800c71f   Thumb Code     0  startup_stm32f417xx.o(.text)
    EXTI15_10_IRQHandler                     0x0800c71f   Thumb Code     0  startup_stm32f417xx.o(.text)
    EXTI1_IRQHandler                         0x0800c71f   Thumb Code     0  startup_stm32f417xx.o(.text)
    EXTI2_IRQHandler                         0x0800c71f   Thumb Code     0  startup_stm32f417xx.o(.text)
    EXTI3_IRQHandler                         0x0800c71f   Thumb Code     0  startup_stm32f417xx.o(.text)
    EXTI4_IRQHandler                         0x0800c71f   Thumb Code     0  startup_stm32f417xx.o(.text)
    EXTI9_5_IRQHandler                       0x0800c71f   Thumb Code     0  startup_stm32f417xx.o(.text)
    FLASH_IRQHandler                         0x0800c71f   Thumb Code     0  startup_stm32f417xx.o(.text)
    FMC_IRQHandler                           0x0800c71f   Thumb Code     0  startup_stm32f417xx.o(.text)
    FPU_IRQHandler                           0x0800c71f   Thumb Code     0  startup_stm32f417xx.o(.text)
    HASH_RNG_IRQHandler                      0x0800c71f   Thumb Code     0  startup_stm32f417xx.o(.text)
    I2C1_ER_IRQHandler                       0x0800c71f   Thumb Code     0  startup_stm32f417xx.o(.text)
    I2C1_EV_IRQHandler                       0x0800c71f   Thumb Code     0  startup_stm32f417xx.o(.text)
    I2C2_ER_IRQHandler                       0x0800c71f   Thumb Code     0  startup_stm32f417xx.o(.text)
    I2C2_EV_IRQHandler                       0x0800c71f   Thumb Code     0  startup_stm32f417xx.o(.text)
    I2C3_ER_IRQHandler                       0x0800c71f   Thumb Code     0  startup_stm32f417xx.o(.text)
    I2C3_EV_IRQHandler                       0x0800c71f   Thumb Code     0  startup_stm32f417xx.o(.text)
    OTG_FS_IRQHandler                        0x0800c71f   Thumb Code     0  startup_stm32f417xx.o(.text)
    OTG_FS_WKUP_IRQHandler                   0x0800c71f   Thumb Code     0  startup_stm32f417xx.o(.text)
    OTG_HS_EP1_IN_IRQHandler                 0x0800c71f   Thumb Code     0  startup_stm32f417xx.o(.text)
    OTG_HS_EP1_OUT_IRQHandler                0x0800c71f   Thumb Code     0  startup_stm32f417xx.o(.text)
    OTG_HS_IRQHandler                        0x0800c71f   Thumb Code     0  startup_stm32f417xx.o(.text)
    OTG_HS_WKUP_IRQHandler                   0x0800c71f   Thumb Code     0  startup_stm32f417xx.o(.text)
    PVD_IRQHandler                           0x0800c71f   Thumb Code     0  startup_stm32f417xx.o(.text)
    RCC_IRQHandler                           0x0800c71f   Thumb Code     0  startup_stm32f417xx.o(.text)
    RTC_Alarm_IRQHandler                     0x0800c71f   Thumb Code     0  startup_stm32f417xx.o(.text)
    RTC_WKUP_IRQHandler                      0x0800c71f   Thumb Code     0  startup_stm32f417xx.o(.text)
    SDIO_IRQHandler                          0x0800c71f   Thumb Code     0  startup_stm32f417xx.o(.text)
    SPI1_IRQHandler                          0x0800c71f   Thumb Code     0  startup_stm32f417xx.o(.text)
    SPI2_IRQHandler                          0x0800c71f   Thumb Code     0  startup_stm32f417xx.o(.text)
    SPI3_IRQHandler                          0x0800c71f   Thumb Code     0  startup_stm32f417xx.o(.text)
    TAMP_STAMP_IRQHandler                    0x0800c71f   Thumb Code     0  startup_stm32f417xx.o(.text)
    TIM1_BRK_TIM9_IRQHandler                 0x0800c71f   Thumb Code     0  startup_stm32f417xx.o(.text)
    TIM1_CC_IRQHandler                       0x0800c71f   Thumb Code     0  startup_stm32f417xx.o(.text)
    TIM1_TRG_COM_TIM11_IRQHandler            0x0800c71f   Thumb Code     0  startup_stm32f417xx.o(.text)
    TIM3_IRQHandler                          0x0800c71f   Thumb Code     0  startup_stm32f417xx.o(.text)
    TIM4_IRQHandler                          0x0800c71f   Thumb Code     0  startup_stm32f417xx.o(.text)
    TIM5_IRQHandler                          0x0800c71f   Thumb Code     0  startup_stm32f417xx.o(.text)
    TIM6_DAC_IRQHandler                      0x0800c71f   Thumb Code     0  startup_stm32f417xx.o(.text)
    TIM7_IRQHandler                          0x0800c71f   Thumb Code     0  startup_stm32f417xx.o(.text)
    TIM8_BRK_TIM12_IRQHandler                0x0800c71f   Thumb Code     0  startup_stm32f417xx.o(.text)
    TIM8_CC_IRQHandler                       0x0800c71f   Thumb Code     0  startup_stm32f417xx.o(.text)
    TIM8_TRG_COM_TIM14_IRQHandler            0x0800c71f   Thumb Code     0  startup_stm32f417xx.o(.text)
    TIM8_UP_TIM13_IRQHandler                 0x0800c71f   Thumb Code     0  startup_stm32f417xx.o(.text)
    UART4_IRQHandler                         0x0800c71f   Thumb Code     0  startup_stm32f417xx.o(.text)
    UART5_IRQHandler                         0x0800c71f   Thumb Code     0  startup_stm32f417xx.o(.text)
    USART1_IRQHandler                        0x0800c71f   Thumb Code     0  startup_stm32f417xx.o(.text)
    USART2_IRQHandler                        0x0800c71f   Thumb Code     0  startup_stm32f417xx.o(.text)
    USART3_IRQHandler                        0x0800c71f   Thumb Code     0  startup_stm32f417xx.o(.text)
    USART6_IRQHandler                        0x0800c71f   Thumb Code     0  startup_stm32f417xx.o(.text)
    WWDG_IRQHandler                          0x0800c71f   Thumb Code     0  startup_stm32f417xx.o(.text)
    __user_initial_stackheap                 0x0800c721   Thumb Code     0  startup_stm32f417xx.o(.text)
    SystemInit                               0x0800c745   Thumb Code    64  system_stm32f4xx.o(.text)
    SystemCoreClockUpdate                    0x0800c785   Thumb Code   124  system_stm32f4xx.o(.text)
    __aeabi_errno_addr                       0x0800c82d   Thumb Code     8  rt_errno_addr_intlibspace.o(.text)
    __errno$intlibspace                      0x0800c82d   Thumb Code     0  rt_errno_addr_intlibspace.o(.text)
    __rt_errno_addr$intlibspace              0x0800c82d   Thumb Code     0  rt_errno_addr_intlibspace.o(.text)
    srand                                    0x0800c835   Thumb Code    42  rand.o(.text)
    _rand_init                               0x0800c85f   Thumb Code     4  rand.o(.text)
    strlen                                   0x0800c871   Thumb Code    62  strlen.o(.text)
    __aeabi_memcpy4                          0x0800c8af   Thumb Code     0  rt_memcpy_w.o(.text)
    __aeabi_memcpy8                          0x0800c8af   Thumb Code     0  rt_memcpy_w.o(.text)
    __rt_memcpy_w                            0x0800c8af   Thumb Code   100  rt_memcpy_w.o(.text)
    _memcpy_lastbytes_aligned                0x0800c8f7   Thumb Code     0  rt_memcpy_w.o(.text)
    __use_two_region_memory                  0x0800c913   Thumb Code     2  heapauxi.o(.text)
    __rt_heap_escrow                         0x0800c915   Thumb Code     2  heapauxi.o(.text)
    __rt_heap_expand                         0x0800c917   Thumb Code     2  heapauxi.o(.text)
    __cpp_initialize__aeabi_                 0x0800c919   Thumb Code    26  init_aeabi.o(.text)
    __aeabi_vec_dtor                         0x0800c93d   Thumb Code    34  aeabi_vec_dtor_noexceptions.o(.text)
    __user_libspace                          0x0800c961   Thumb Code     8  libspace.o(.text)
    __user_perproc_libspace                  0x0800c961   Thumb Code     0  libspace.o(.text)
    __user_perthread_libspace                0x0800c961   Thumb Code     0  libspace.o(.text)
    __rt_ddtor_pointer_addr                  0x0800c969   Thumb Code     8  rt_ddtor_pointer_addr_intlibspace.o(.text)
    malloc                                   0x0800c971   Thumb Code    94  h1_alloc.o(.text)
    __read_errno                             0x0800c9cf   Thumb Code    10  _rserrno.o(.text)
    __set_errno                              0x0800c9d9   Thumb Code    12  _rserrno.o(.text)
    __rt_heap_descriptor                     0x0800c9e5   Thumb Code     8  rt_heap_descriptor_intlibspace.o(.text)
    __use_no_heap                            0x0800c9ed   Thumb Code     2  hguard.o(.text)
    __heap$guard                             0x0800c9ef   Thumb Code     2  hguard.o(.text)
    _terminate_user_alloc                    0x0800c9f1   Thumb Code     2  init_alloc.o(.text)
    _init_user_alloc                         0x0800c9f3   Thumb Code     2  init_alloc.o(.text)
    __Heap_Full                              0x0800c9f5   Thumb Code    34  init_alloc.o(.text)
    __Heap_Broken                            0x0800ca17   Thumb Code     6  init_alloc.o(.text)
    _init_alloc                              0x0800ca1d   Thumb Code    94  init_alloc.o(.text)
    __Heap_Initialize                        0x0800ca7b   Thumb Code    10  h1_init.o(.text)
    __Heap_DescSize                          0x0800ca85   Thumb Code     4  h1_init.o(.text)
    free                                     0x0800ca89   Thumb Code    78  h1_free.o(.text)
    __user_setup_stackheap                   0x0800cad7   Thumb Code    74  sys_stackheap_outer.o(.text)
    __Heap_ProvideMemory                     0x0800cb21   Thumb Code    52  h1_extend.o(.text)
    exit                                     0x0800cb55   Thumb Code    12  exit.o(.text)
    __rt_SIGRTMEM                            0x0800cb61   Thumb Code    14  defsig_rtmem_outer.o(.text)
    _sys_exit                                0x0800cb71   Thumb Code     8  sys_exit.o(.text)
    __I$use$semihosting                      0x0800cb7d   Thumb Code     0  use_no_semi.o(.text)
    __use_no_semihosting_swi                 0x0800cb7d   Thumb Code     2  use_no_semi.o(.text)
    __semihosting_library_function           0x0800cb7f   Thumb Code     0  indicate_semi.o(.text)
    __sig_exit                               0x0800cb7f   Thumb Code    10  defsig_exit.o(.text)
    __rt_SIGRTMEM_inner                      0x0800cb89   Thumb Code    22  defsig_rtmem_inner.o(.text)
    __default_signal_display                 0x0800cbd9   Thumb Code    50  defsig_general.o(.text)
    _ttywrch                                 0x0800cc0b   Thumb Code    14  sys_wrch.o(.text)
    ScreenManager::~ScreenManager()          0x0800cc19   Thumb Code    12  device.o(i._ZN13ScreenManagerD1Ev)
    ScreenManager::~ScreenManager__sub_object() 0x0800cc19   Thumb Code     0  device.o(i._ZN13ScreenManagerD1Ev)
    storage::Map<(int)2, Physic::DustPart, float>::~Map() 0x0800cc25   Thumb Code    20  physic.o(i._ZN7storage3MapILi2EN6Physic8DustPartEfED1Ev)
    storage::Map<(int)2, Physic::DustPart, float>::~Map__sub_object() 0x0800cc25   Thumb Code     0  physic.o(i._ZN7storage3MapILi2EN6Physic8DustPartEfED1Ev)
    __ARM_fpclassify                         0x0800cc3d   Thumb Code    48  fpclassify.o(i.__ARM_fpclassify)
    __ARM_fpclassifyf                        0x0800cc6d   Thumb Code    38  fpclassifyf.o(i.__ARM_fpclassifyf)
    __aeabi_atexit                           0x0800cc93   Thumb Code    50  aeabi_atexit.o(i.__aeabi_atexit)
    __aeabi_vec_ctor_nocookie_nodtor         0x0800ccc5   Thumb Code    36  aeabi_vec_ctor_nocookie_nodtor.o(i.__aeabi_vec_ctor_nocookie_nodtor)
    __cxa_finalize                           0x0800cce9   Thumb Code    66  cxa_finalize.o(i.__cxa_finalize)
    __hardfp_atan                            0x0800cd31   Thumb Code   622  atan.o(i.__hardfp_atan)
    __hardfp_cosf                            0x0800d009   Thumb Code   280  cosf.o(i.__hardfp_cosf)
    __hardfp_sinf                            0x0800d159   Thumb Code   344  sinf.o(i.__hardfp_sinf)
    __kernel_poly                            0x0800d2e9   Thumb Code   248  poly.o(i.__kernel_poly)
    __mathlib_dbl_infnan                     0x0800d3e1   Thumb Code    20  dunder.o(i.__mathlib_dbl_infnan)
    __mathlib_dbl_underflow                  0x0800d3f9   Thumb Code    24  dunder.o(i.__mathlib_dbl_underflow)
    __mathlib_flt_infnan                     0x0800d419   Thumb Code     6  funder.o(i.__mathlib_flt_infnan)
    __mathlib_flt_invalid                    0x0800d421   Thumb Code    10  funder.o(i.__mathlib_flt_invalid)
    __mathlib_flt_underflow                  0x0800d431   Thumb Code    10  funder.o(i.__mathlib_flt_underflow)
    __mathlib_rredf2                         0x0800d441   Thumb Code   316  rredf.o(i.__mathlib_rredf2)
    fabs                                     0x0800d595   Thumb Code    24  fabs.o(i.fabs)
    Fill_Class<Screen>::Fill(unsigned short) 0x0800d5ad   Thumb Code    94  main.o(t._ZN10Fill_ClassI6ScreenE4FillEt)
    Fill_Class<Screen>::Fill_Class()         0x0800d60b   Thumb Code     2  screen.o(t._ZN10Fill_ClassI6ScreenEC1Ev)
    Fill_Class<Screen>::Fill_Class__sub_object() 0x0800d60b   Thumb Code     0  screen.o(t._ZN10Fill_ClassI6ScreenEC1Ev)
    Line_Class<Screen>::Init()               0x0800d60d   Thumb Code    20  screen.o(t._ZN10Line_ClassI6ScreenE4InitEv)
    Line_Class<Screen>::Line_Class()         0x0800d621   Thumb Code     2  screen.o(t._ZN10Line_ClassI6ScreenEC1Ev)
    Line_Class<Screen>::Line_Class__sub_object() 0x0800d621   Thumb Code     0  screen.o(t._ZN10Line_ClassI6ScreenEC1Ev)
    List_Order<Screen, unsigned char>::List_Order() 0x0800d623   Thumb Code     4  screen.o(t._ZN10List_OrderI6ScreenhEC1Ev)
    List_Order<Screen, unsigned char>::List_Order__sub_object() 0x0800d623   Thumb Code     0  screen.o(t._ZN10List_OrderI6ScreenhEC1Ev)
    List_Order<Screen, unsigned char>::~List_Order() 0x0800d627   Thumb Code     2  device.o(t._ZN10List_OrderI6ScreenhED1Ev)
    List_Order<Screen, unsigned char>::~List_Order__sub_object() 0x0800d627   Thumb Code     0  device.o(t._ZN10List_OrderI6ScreenhED1Ev)
    List_Order<Screen, unsigned char>::operator +(Screen*) 0x0800d629   Thumb Code     4  screen.o(t._ZN10List_OrderI6ScreenhEplEPS0_)
    List_Order<Screen, unsigned char>::operator +(Screen&) 0x0800d62d   Thumb Code    32  screen.o(t._ZN10List_OrderI6ScreenhEplERS0_)
    List_Order<Physic::DustPart, float>::Begin() 0x0800d64d   Thumb Code     4  physic.o(t._ZN10List_OrderIN6Physic8DustPartEfE5BeginEv)
    List_Order<Physic::DustPart, float>::List_Order() 0x0800d651   Thumb Code     4  physic.o(t._ZN10List_OrderIN6Physic8DustPartEfEC1Ev)
    List_Order<Physic::DustPart, float>::List_Order__sub_object() 0x0800d651   Thumb Code     0  physic.o(t._ZN10List_OrderIN6Physic8DustPartEfEC1Ev)
    List_Order<Physic::DustPart, float>::~List_Order() 0x0800d655   Thumb Code     2  physic.o(t._ZN10List_OrderIN6Physic8DustPartEfED1Ev)
    List_Order<Physic::DustPart, float>::~List_Order__sub_object() 0x0800d655   Thumb Code     0  physic.o(t._ZN10List_OrderIN6Physic8DustPartEfED1Ev)
    List_Order<Physic::DustPart, float>::operator +(Physic::DustPart&) 0x0800d657   Thumb Code    32  physic.o(t._ZN10List_OrderIN6Physic8DustPartEfEplERS1_)
    Screen_Obj<Screen>::operator ()(Screen&) 0x0800d677   Thumb Code    36  screen.o(t._ZN10Screen_ObjI6ScreenEclERS0_)
    Print_Class<Screen>::Init()              0x0800d69b   Thumb Code    58  screen.o(t._ZN11Print_ClassI6ScreenE4InitEv)
    Print_Class<Screen>::UseFont(const tFont*) 0x0800d6d5   Thumb Code    12  main.o(t._ZN11Print_ClassI6ScreenE7UseFontEPK5tFont)
    Print_Class<Screen>::Print_Class()       0x0800d6e1   Thumb Code     2  screen.o(t._ZN11Print_ClassI6ScreenEC1Ev)
    Print_Class<Screen>::Print_Class__sub_object() 0x0800d6e1   Thumb Code     0  screen.o(t._ZN11Print_ClassI6ScreenEC1Ev)
    Bitmap_Class<Screen>::NewBitmapOpen(tTexture&) 0x0800d6e3   Thumb Code   102  main.o(t._ZN12Bitmap_ClassI6ScreenE13NewBitmapOpenER8tTexture)
    Bitmap_Class<Screen>::NewBitmapClose()   0x0800d749   Thumb Code    38  main.o(t._ZN12Bitmap_ClassI6ScreenE14NewBitmapCloseEv)
    int Bitmap_Class<Screen>::Fill<tTexture>(T1*, unsigned short) 0x0800d76f   Thumb Code    46  main.o(t._ZN12Bitmap_ClassI6ScreenE4FillI8tTextureEEiPT_t)
    int Bitmap_Class<Screen>::Tile<tTexture>(b2D, T1*, unsigned short) 0x0800d79d   Thumb Code   348  main.o(t._ZN12Bitmap_ClassI6ScreenE4TileI8tTextureEEi3b2DPT_t)
    Bitmap_Class<Screen>::SetScale(float, float) 0x0800d8f9   Thumb Code    26  main.o(t._ZN12Bitmap_ClassI6ScreenE8SetScaleEff)
    Bitmap_Class<Screen>::Bitmap_Class()     0x0800d913   Thumb Code     2  screen.o(t._ZN12Bitmap_ClassI6ScreenEC1Ev)
    Bitmap_Class<Screen>::Bitmap_Class__sub_object() 0x0800d913   Thumb Code     0  screen.o(t._ZN12Bitmap_ClassI6ScreenEC1Ev)
    Circle_Class<Screen>::Sqr(int)           0x0800d915   Thumb Code     6  main.o(t._ZN12Circle_ClassI6ScreenE3SqrEi)
    Circle_Class<Screen>::Draw(b2D, float, unsigned short) 0x0800d91b   Thumb Code   304  main.o(t._ZN12Circle_ClassI6ScreenE4DrawE3b2Dft)
    Circle_Class<Screen>::Draw(short, short, float, unsigned short) 0x0800da4b   Thumb Code    24  main.o(t._ZN12Circle_ClassI6ScreenE4DrawEssft)
    Circle_Class<Screen>::Pixel(unsigned, unsigned, unsigned short) 0x0800da63   Thumb Code    22  main.o(t._ZN12Circle_ClassI6ScreenE5PixelEjjt)
    Circle_Class<Screen>::Point(int, int, int, int, unsigned short) 0x0800da79   Thumb Code    70  main.o(t._ZN12Circle_ClassI6ScreenE5PointEiiiit)
    Circle_Class<Screen>::Circle_Class()     0x0800dabf   Thumb Code     2  screen.o(t._ZN12Circle_ClassI6ScreenEC1Ev)
    Circle_Class<Screen>::Circle_Class__sub_object() 0x0800dabf   Thumb Code     0  screen.o(t._ZN12Circle_ClassI6ScreenEC1Ev)
    List_Iterator<MemoryChunk>::Get(unsigned) 0x0800dac1   Thumb Code    24  memory_alloc.o(t._ZN13List_IteratorI11MemoryChunkE3GetEj)
    List_Iterator<MemoryChunk>::Remove(MemoryChunk*) 0x0800dad9   Thumb Code    32  memory_alloc.o(t._ZN13List_IteratorI11MemoryChunkE6RemoveEPS0_)
    List_Iterator<MemoryChunk>::Contain()    0x0800daf9   Thumb Code     4  memory_alloc.o(t._ZN13List_IteratorI11MemoryChunkE7ContainEv)
    List_Iterator<MemoryChunk>::GetLast()    0x0800dafd   Thumb Code     4  memory_alloc.o(t._ZN13List_IteratorI11MemoryChunkE7GetLastEv)
    List_Iterator<MemoryChunk>::GetFirst()   0x0800db01   Thumb Code     4  memory_alloc.o(t._ZN13List_IteratorI11MemoryChunkE8GetFirstEv)
    List_Iterator<MemoryChunk>::List_Iterator() 0x0800db05   Thumb Code     2  device.o(t._ZN13List_IteratorI11MemoryChunkEC1Ev)
    List_Iterator<MemoryChunk>::List_Iterator__sub_object() 0x0800db05   Thumb Code     0  device.o(t._ZN13List_IteratorI11MemoryChunkEC1Ev)
    List_Iterator<MemoryChunk>::operator -(MemoryChunk*) 0x0800db07   Thumb Code     4  memory_alloc.o(t._ZN13List_IteratorI11MemoryChunkEmiEPS0_)
    List_Iterator<MemoryChunk>::operator -(MemoryChunk&) 0x0800db0b   Thumb Code    78  memory_alloc.o(t._ZN13List_IteratorI11MemoryChunkEmiERS0_)
    List_Iterator<MemoryChunk>::operator +(MemoryChunk*) 0x0800db59   Thumb Code     4  memory_alloc.o(t._ZN13List_IteratorI11MemoryChunkEplEPS0_)
    List_Iterator<MemoryChunk>::operator +(MemoryChunk&) 0x0800db5d   Thumb Code    96  memory_alloc.o(t._ZN13List_IteratorI11MemoryChunkEplERS0_)
    List_Iterator<Node<Screen, unsigned char>>::List_Iterator() 0x0800dbbd   Thumb Code     2  screen.o(t._ZN13List_IteratorI4NodeI6ScreenhEEC1Ev)
    List_Iterator<Node<Screen, unsigned char>>::List_Iterator__sub_object() 0x0800dbbd   Thumb Code     0  screen.o(t._ZN13List_IteratorI4NodeI6ScreenhEEC1Ev)
    List_Iterator<Node<Screen, unsigned char>>::operator +(Node<Screen, unsigned char>*) 0x0800dbbf   Thumb Code     4  screen.o(t._ZN13List_IteratorI4NodeI6ScreenhEEplEPS2_)
    List_Iterator<Node<Screen, unsigned char>>::operator +(Node<Screen, unsigned char>&) 0x0800dbc3   Thumb Code    96  screen.o(t._ZN13List_IteratorI4NodeI6ScreenhEEplERS2_)
    List_Iterator<Node<Physic::DustPart, float>>::GetFirst() 0x0800dc23   Thumb Code     4  physic.o(t._ZN13List_IteratorI4NodeIN6Physic8DustPartEfEE8GetFirstEv)
    List_Iterator<Node<Physic::DustPart, float>>::List_Iterator() 0x0800dc27   Thumb Code     2  physic.o(t._ZN13List_IteratorI4NodeIN6Physic8DustPartEfEEC1Ev)
    List_Iterator<Node<Physic::DustPart, float>>::List_Iterator__sub_object() 0x0800dc27   Thumb Code     0  physic.o(t._ZN13List_IteratorI4NodeIN6Physic8DustPartEfEEC1Ev)
    List_Iterator<Node<Physic::DustPart, float>>::operator +(Node<Physic::DustPart, float>*) 0x0800dc29   Thumb Code     4  physic.o(t._ZN13List_IteratorI4NodeIN6Physic8DustPartEfEEplEPS3_)
    List_Iterator<Node<Physic::DustPart, float>>::operator +(Node<Physic::DustPart, float>&) 0x0800dc2d   Thumb Code   104  physic.o(t._ZN13List_IteratorI4NodeIN6Physic8DustPartEfEEplERS3_)
    List_Iterator<Frame2D<short>>::operator +(Frame2D<short>*) 0x0800dc95   Thumb Code     4  main.o(t._ZN13List_IteratorI7Frame2DIsEEplEPS1_)
    List_Iterator<Frame2D<short>>::operator +(Frame2D<short>&) 0x0800dc99   Thumb Code    96  main.o(t._ZN13List_IteratorI7Frame2DIsEEplERS1_)
    List_Iterator<Physic::Ball2D>::Get(unsigned) 0x0800dcf9   Thumb Code    24  physic.o(t._ZN13List_IteratorIN6Physic6Ball2DEE3GetEj)
    List_Iterator<Physic::Ball2D>& List_Iterator<Physic::Ball2D>::Array<lArray<Physic::Ball2D>>(T1*, unsigned) 0x0800dd11   Thumb Code     4  physic.o(t._ZN13List_IteratorIN6Physic6Ball2DEE5ArrayI6lArrayIS1_EEERS2_PT_j)
    List_Iterator<Physic::Ball2D>& List_Iterator<Physic::Ball2D>::Array<lArray<Physic::Ball2D>>(T1&, unsigned) 0x0800dd15   Thumb Code    34  physic.o(t._ZN13List_IteratorIN6Physic6Ball2DEE5ArrayI6lArrayIS1_EEERS2_RT_j)
    List_Iterator<Physic::Ball2D>::Contain() 0x0800dd37   Thumb Code     4  physic.o(t._ZN13List_IteratorIN6Physic6Ball2DEE7ContainEv)
    List_Iterator<Physic::Ball2D>::GetNext(Physic::Ball2D*) 0x0800dd3b   Thumb Code    14  physic.o(t._ZN13List_IteratorIN6Physic6Ball2DEE7GetNextEPS1_)
    List_Iterator<Physic::Ball2D>::GetFirst() 0x0800dd49   Thumb Code     4  physic.o(t._ZN13List_IteratorIN6Physic6Ball2DEE8GetFirstEv)
    List_Iterator<Physic::Ball2D>::List_Iterator() 0x0800dd4d   Thumb Code     2  physic.o(t._ZN13List_IteratorIN6Physic6Ball2DEEC1Ev)
    List_Iterator<Physic::Ball2D>::List_Iterator__sub_object() 0x0800dd4d   Thumb Code     0  physic.o(t._ZN13List_IteratorIN6Physic6Ball2DEEC1Ev)
    List_Iterator<Physic::Ball2D>::operator -(Physic::Ball2D*) 0x0800dd4f   Thumb Code     4  physic.o(t._ZN13List_IteratorIN6Physic6Ball2DEEmiEPS1_)
    List_Iterator<Physic::Ball2D>::operator -(Physic::Ball2D&) 0x0800dd53   Thumb Code    78  physic.o(t._ZN13List_IteratorIN6Physic6Ball2DEEmiERS1_)
    List_Iterator<Physic::Ball2D>::operator +(Physic::Ball2D*) 0x0800dda1   Thumb Code     4  physic.o(t._ZN13List_IteratorIN6Physic6Ball2DEEplEPS1_)
    List_Iterator<Physic::Ball2D>::operator +(Physic::Ball2D&) 0x0800dda5   Thumb Code   104  physic.o(t._ZN13List_IteratorIN6Physic6Ball2DEEplERS1_)
    Frame2DManager<short>::Create(b2D)       0x0800de0d   Thumb Code    50  main.o(t._ZN14Frame2DManagerIsE6CreateE3b2D)
    Frame2DManager<short>::Frame2DManager()  0x0800de3f   Thumb Code     2  device.o(t._ZN14Frame2DManagerIsEC1Ev)
    Frame2DManager<short>::Frame2DManager__sub_object() 0x0800de3f   Thumb Code     0  device.o(t._ZN14Frame2DManagerIsEC1Ev)
    Frame2DManager<short>::operator ()()     0x0800de41   Thumb Code     2  main.o(t._ZN14Frame2DManagerIsEclEv)
    Rectangle_Class<Screen>::Init()          0x0800de43   Thumb Code     6  screen.o(t._ZN15Rectangle_ClassI6ScreenE4InitEv)
    Rectangle_Class<Screen>::Rectangle_Class() 0x0800de49   Thumb Code     2  screen.o(t._ZN15Rectangle_ClassI6ScreenEC1Ev)
    Rectangle_Class<Screen>::Rectangle_Class__sub_object() 0x0800de49   Thumb Code     0  screen.o(t._ZN15Rectangle_ClassI6ScreenEC1Ev)
    lArray<Physic::Ball2D>::Add(Physic::Ball2D*, unsigned) 0x0800de4b   Thumb Code    14  physic.o(t._ZN6lArrayIN6Physic6Ball2DEE3AddEPS1_j)
    lArray<Physic::Ball2D>::~lArray()        0x0800de59   Thumb Code    24  physic.o(t._ZN6lArrayIN6Physic6Ball2DEED1Ev)
    lArray<Physic::Ball2D>::~lArray__sub_object() 0x0800de59   Thumb Code     0  physic.o(t._ZN6lArrayIN6Physic6Ball2DEED1Ev)
    lArray<Physic::Ball2D>::operator ()(unsigned) 0x0800de71   Thumb Code    28  physic.o(t._ZN6lArrayIN6Physic6Ball2DEEclEj)
    lArray<Physic::Ball2D>::operator [](unsigned) 0x0800de8d   Thumb Code     8  physic.o(t._ZN6lArrayIN6Physic6Ball2DEEixEj)
    Frame2D<short>::GetH()                   0x0800de95   Thumb Code    14  screen.o(t._ZN7Frame2DIsE4GetHEv)
    Frame2D<short>::GetBuff()                0x0800dea3   Thumb Code     4  screen.o(t._ZN7Frame2DIsE7GetBuffEv)
    Frame2D<short>::GetRect()                0x0800dea7   Thumb Code    38  tftili9486.o(t._ZN7Frame2DIsE7GetRectEv)
    Frame2D<short>::operator ()(b2D)         0x0800decd   Thumb Code    40  main.o(t._ZN7Frame2DIsEclE3b2D)
    Frame2D<short>::operator ()(b2D, unsigned short*) 0x0800def5   Thumb Code    36  main.o(t._ZN7Frame2DIsEclE3b2DPt)
    storage::Map<(int)2, Physic::DustPart, float>::Begin() 0x0800df19   Thumb Code    42  physic.o(t._ZN7storage3MapILi2EN6Physic8DustPartEfE5BeginEv)
    storage::Map<(int)2, Physic::DustPart, float>::Map() 0x0800df45   Thumb Code    10  physic.o(t._ZN7storage3MapILi2EN6Physic8DustPartEfEC1Ev)
    storage::Map<(int)2, Physic::DustPart, float>::Map__sub_object() 0x0800df45   Thumb Code     0  physic.o(t._ZN7storage3MapILi2EN6Physic8DustPartEfEC1Ev)
    storage::Map<(int)2, Physic::DustPart, float>::operator +(Physic::DustPart*) 0x0800df55   Thumb Code     4  physic.o(t._ZN7storage3MapILi2EN6Physic8DustPartEfEplEPS2_)
    storage::Map<(int)2, Physic::DustPart, float>::operator +(Physic::DustPart&) 0x0800df59   Thumb Code    32  physic.o(t._ZN7storage3MapILi2EN6Physic8DustPartEfEplERS2_)
    Allocator<Screen>::New()                 0x0800df79   Thumb Code     6  screen.o(t._ZN9AllocatorI6ScreenE3NewEv)
    T1* Allocator<Screen>::New<tTexture>(unsigned) 0x0800df7f   Thumb Code     8  screen.o(t._ZN9AllocatorI6ScreenE3NewI8tTextureEEPT_j)
    int Allocator<Screen>::Delete<tTexture>(T1*) 0x0800df87   Thumb Code     6  screen.o(t._ZN9AllocatorI6ScreenE6DeleteI8tTextureEEiPT_)
    Allocator<Frame2D<short>>::New(unsigned) 0x0800df8d   Thumb Code     8  main.o(t._ZN9AllocatorI7Frame2DIsEE3NewEj)
    Allocator<Physic::Ball2D>::New()         0x0800df95   Thumb Code     6  physic.o(t._ZN9AllocatorIN6Physic6Ball2DEE3NewEv)
    T1* Allocator<Physic::Ball2D>::New<lArray<Physic::Ball2D>>() 0x0800df9b   Thumb Code     6  physic.o(t._ZN9AllocatorIN6Physic6Ball2DEE3NewI6lArrayIS1_EEEPT_v)
    int Allocator<Physic::Ball2D>::Delete<lArray<Physic::Ball2D>>(T1*) 0x0800dfa1   Thumb Code     6  physic.o(t._ZN9AllocatorIN6Physic6Ball2DEE6DeleteI6lArrayIS1_EEEiPT_)
    int Allocator<Physic::Ball2D>::Delete<Physic::Ball2D*>(T1*) 0x0800dfa7   Thumb Code     6  physic.o(t._ZN9AllocatorIN6Physic6Ball2DEE6DeleteIPS1_EEiPT_)
    Allocator<Physic::Ball2D>::NewlArray(unsigned) 0x0800dfad   Thumb Code     6  physic.o(t._ZN9AllocatorIN6Physic6Ball2DEE9NewlArrayEj)
    Allocator<Physic::DustPart>::New()       0x0800dfb3   Thumb Code     6  physic.o(t._ZN9AllocatorIN6Physic8DustPartEE3NewEv)
    T1* Allocator<void>::New<Node<Screen, unsigned char>>() 0x0800dfb9   Thumb Code     6  screen.o(t._ZN9AllocatorIvE3NewI4NodeI6ScreenhEEEPT_v)
    T1* Allocator<void>::New<Node<Physic::DustPart, float>>() 0x0800dfbf   Thumb Code     6  physic.o(t._ZN9AllocatorIvE3NewI4NodeIN6Physic8DustPartEfEEEPT_v)
    __aeabi_dneg                             0x0800dfc5   Thumb Code     0  basic.o(x$fpl$basic)
    _dneg                                    0x0800dfc5   Thumb Code     6  basic.o(x$fpl$basic)
    __aeabi_fneg                             0x0800dfcb   Thumb Code     0  basic.o(x$fpl$basic)
    _fneg                                    0x0800dfcb   Thumb Code     6  basic.o(x$fpl$basic)
    _dabs                                    0x0800dfd1   Thumb Code     6  basic.o(x$fpl$basic)
    _fabs                                    0x0800dfd7   Thumb Code     6  basic.o(x$fpl$basic)
    __aeabi_d2f                              0x0800dfdd   Thumb Code     0  d2f.o(x$fpl$d2f)
    _d2f                                     0x0800dfdd   Thumb Code    98  d2f.o(x$fpl$d2f)
    __aeabi_dadd                             0x0800e041   Thumb Code     0  daddsub_clz.o(x$fpl$dadd)
    _dadd                                    0x0800e041   Thumb Code   332  daddsub_clz.o(x$fpl$dadd)
    __aeabi_ddiv                             0x0800e191   Thumb Code     0  ddiv.o(x$fpl$ddiv)
    _ddiv                                    0x0800e191   Thumb Code   552  ddiv.o(x$fpl$ddiv)
    __aeabi_dmul                             0x0800e441   Thumb Code     0  dmul.o(x$fpl$dmul)
    _dmul                                    0x0800e441   Thumb Code   332  dmul.o(x$fpl$dmul)
    __fpl_dnaninf                            0x0800e595   Thumb Code   156  dnaninf.o(x$fpl$dnaninf)
    __fpl_dretinf                            0x0800e631   Thumb Code    12  dretinf.o(x$fpl$dretinf)
    __aeabi_drsub                            0x0800e63d   Thumb Code     0  daddsub_clz.o(x$fpl$drsb)
    _drsb                                    0x0800e63d   Thumb Code    22  daddsub_clz.o(x$fpl$drsb)
    __aeabi_dsub                             0x0800e655   Thumb Code     0  daddsub_clz.o(x$fpl$dsub)
    _dsub                                    0x0800e655   Thumb Code   464  daddsub_clz.o(x$fpl$dsub)
    __aeabi_f2d                              0x0800e829   Thumb Code     0  f2d.o(x$fpl$f2d)
    _f2d                                     0x0800e829   Thumb Code    86  f2d.o(x$fpl$f2d)
    __fpl_fnaninf                            0x0800e87f   Thumb Code   140  fnaninf.o(x$fpl$fnaninf)
    _fp_init                                 0x0800e90b   Thumb Code    10  fpinit.o(x$fpl$fpinit)
    __fplib_config_fpu_vfp                   0x0800e913   Thumb Code     0  fpinit.o(x$fpl$fpinit)
    __fplib_config_pureend_doubles           0x0800e913   Thumb Code     0  fpinit.o(x$fpl$fpinit)
    __fpl_fretinf                            0x0800e915   Thumb Code    10  fretinf.o(x$fpl$fretinf)
    __I$use$fp                               0x0800e91e   Number         0  usenofp.o(x$fpl$usenofp)
    vtable for LcdDriverDef                  0x0801cdf8   Data          16  device.o(.constdata__ZTV12LcdDriverDef)
    vtable for Physic::Ball2DGroup           0x0801ce08   Data          12  main.o(.constdata__ZTVN6Physic11Ball2DGroupE)
    Region$$Table$$Base                      0x0801ce14   Number         0  anon$$obj.o(Region$$Table)
    Region$$Table$$Limit                     0x0801ce34   Number         0  anon$$obj.o(Region$$Table)
    SHT$$INIT_ARRAY$$Base                    0x0801ce34   Number         0  main.o(.init_array)
    SHT$$INIT_ARRAY$$Limit                   0x0801ce3c   Number         0  init_aeabi.o(.init_array)
    frame                                    0x20000000   Data           4  main.o(.data)
    screen                                   0x20000004   Data           4  main.o(.data)
    LcdSpi                                   0x2000000c   Data           1  device.o(.data)
    SystemCoreClock                          0x20000010   Data           4  system_stm32f4xx.o(.data)
    bounce_0                                 0x20000024   Data          44  main.o(.bss)
    bounce_1                                 0x20000050   Data          44  main.o(.bss)
    bounce_2                                 0x2000007c   Data          44  main.o(.bss)
    bounce_3                                 0x200000a8   Data          44  main.o(.bss)
    bounce_4                                 0x200000d4   Data          44  main.o(.bss)
    bounce_5                                 0x20000100   Data          44  main.o(.bss)
    ball_0                                   0x2000012c   Data          56  main.o(.bss)
    BallGr                                   0x20000164   Data          32  main.o(.bss)
    dust                                     0x20000184   Data         108  main.o(.bss)
    parts                                    0x200001f0   Data       41000  main.o(.bss)
    hsram                                    0x2000a218   Data          68  init.o(.bss)
    SRAM_Timing                              0x2000a25c   Data          28  init.o(.bss)
    DmaHandle                                0x2000a278   Data          80  init.o(.bss)
    DmaHandleGraphic                         0x2000a2c8   Data          80  init.o(.bss)
    SpiHandle                                0x2000a318   Data          88  init.o(.bss)
    TimHandle                                0x2000a370   Data          60  init.o(.bss)
    Tim2_Handle                              0x2000a3ac   Data          60  init.o(.bss)
    Heap                                     0x2000a3fc   Data          52  device.o(.bss)
    TFT                                      0x2000a430   Data          16  device.o(.bss)
    FrameManager                             0x2000a440   Data          12  device.o(.bss)
    ScreenMang                               0x2000a44c   Data          20  device.o(.bss)
    _random_number_data                      0x2000a460   Data         228  rand.o(.bss)
    __libspace_start                         0x2000a544   Data          96  libspace.o(.bss)
    __temporary_stack_top$libspace           0x2000a5a4   Data           0  libspace.o(.bss)



==============================================================================

Memory Map of the image

  Image Entry point : 0x08000189

  Load Region LR_IROM1 (Base: 0x08000000, Size: 0x0001ce60, Max: 0x00080000, ABSOLUTE)

    Execution Region ER_IROM1 (Base: 0x08000000, Size: 0x0001ce3c, Max: 0x00080000, ABSOLUTE)

    Base Addr    Size         Type   Attr      Idx    E Section Name        Object

    0x08000000   0x00000188   Data   RO         2130    RESET               startup_stm32f417xx.o
    0x08000188   0x00000008   Code   RO         2187  * !!!main             c_w.l(__main.o)
    0x08000190   0x00000034   Code   RO         2743    !!!scatter          c_w.l(__scatter.o)
    0x080001c4   0x0000001a   Code   RO         2745    !!handler_copy      c_w.l(__scatter_copy.o)
    0x080001de   0x00000002   PAD
    0x080001e0   0x0000001c   Code   RO         2747    !!handler_zi        c_w.l(__scatter_zi.o)
    0x080001fc   0x00000002   Code   RO         2672    .ARM.Collect$$libinit$$00000000  c_w.l(libinit.o)
    0x080001fe   0x00000004   Code   RO         2427    .ARM.Collect$$libinit$$00000001  c_w.l(libinit2.o)
    0x08000202   0x00000000   Code   RO         2430    .ARM.Collect$$libinit$$00000004  c_w.l(libinit2.o)
    0x08000202   0x00000008   Code   RO         2431    .ARM.Collect$$libinit$$00000005  c_w.l(libinit2.o)
    0x0800020a   0x00000000   Code   RO         2433    .ARM.Collect$$libinit$$0000000A  c_w.l(libinit2.o)
    0x0800020a   0x00000000   Code   RO         2435    .ARM.Collect$$libinit$$0000000C  c_w.l(libinit2.o)
    0x0800020a   0x00000004   Code   RO         2436    .ARM.Collect$$libinit$$0000000D  c_w.l(libinit2.o)
    0x0800020e   0x00000000   Code   RO         2437    .ARM.Collect$$libinit$$0000000E  c_w.l(libinit2.o)
    0x0800020e   0x00000000   Code   RO         2440    .ARM.Collect$$libinit$$00000011  c_w.l(libinit2.o)
    0x0800020e   0x00000000   Code   RO         2442    .ARM.Collect$$libinit$$00000013  c_w.l(libinit2.o)
    0x0800020e   0x00000000   Code   RO         2444    .ARM.Collect$$libinit$$00000015  c_w.l(libinit2.o)
    0x0800020e   0x00000000   Code   RO         2446    .ARM.Collect$$libinit$$00000017  c_w.l(libinit2.o)
    0x0800020e   0x00000000   Code   RO         2448    .ARM.Collect$$libinit$$00000019  c_w.l(libinit2.o)
    0x0800020e   0x00000000   Code   RO         2450    .ARM.Collect$$libinit$$0000001B  c_w.l(libinit2.o)
    0x0800020e   0x00000000   Code   RO         2452    .ARM.Collect$$libinit$$0000001D  c_w.l(libinit2.o)
    0x0800020e   0x00000000   Code   RO         2454    .ARM.Collect$$libinit$$0000001F  c_w.l(libinit2.o)
    0x0800020e   0x00000000   Code   RO         2456    .ARM.Collect$$libinit$$00000021  c_w.l(libinit2.o)
    0x0800020e   0x00000000   Code   RO         2458    .ARM.Collect$$libinit$$00000023  c_w.l(libinit2.o)
    0x0800020e   0x00000000   Code   RO         2460    .ARM.Collect$$libinit$$00000025  c_w.l(libinit2.o)
    0x0800020e   0x00000000   Code   RO         2464    .ARM.Collect$$libinit$$0000002C  c_w.l(libinit2.o)
    0x0800020e   0x00000000   Code   RO         2466    .ARM.Collect$$libinit$$0000002E  c_w.l(libinit2.o)
    0x0800020e   0x00000000   Code   RO         2468    .ARM.Collect$$libinit$$00000030  c_w.l(libinit2.o)
    0x0800020e   0x00000004   Code   RO         2469    .ARM.Collect$$libinit$$00000031  c_w.l(libinit2.o)
    0x08000212   0x00000000   Code   RO         2470    .ARM.Collect$$libinit$$00000032  c_w.l(libinit2.o)
    0x08000212   0x00000002   Code   RO         2471    .ARM.Collect$$libinit$$00000033  c_w.l(libinit2.o)
    0x08000214   0x00000002   Code   RO         2726    .ARM.Collect$$libshutdown$$00000000  c_w.l(libshutdown.o)
    0x08000216   0x00000006   Code   RO         2472    .ARM.Collect$$libshutdown$$00000001  c_w.l(libshutdown2.o)
    0x0800021c   0x00000000   Code   RO         2474    .ARM.Collect$$libshutdown$$00000003  c_w.l(libshutdown2.o)
    0x0800021c   0x00000000   Code   RO         2477    .ARM.Collect$$libshutdown$$00000006  c_w.l(libshutdown2.o)
    0x0800021c   0x00000000   Code   RO         2480    .ARM.Collect$$libshutdown$$00000009  c_w.l(libshutdown2.o)
    0x0800021c   0x00000000   Code   RO         2482    .ARM.Collect$$libshutdown$$0000000B  c_w.l(libshutdown2.o)
    0x0800021c   0x00000000   Code   RO         2485    .ARM.Collect$$libshutdown$$0000000E  c_w.l(libshutdown2.o)
    0x0800021c   0x00000002   Code   RO         2486    .ARM.Collect$$libshutdown$$0000000F  c_w.l(libshutdown2.o)
    0x0800021e   0x00000000   Code   RO         2363    .ARM.Collect$$rtentry$$00000000  c_w.l(__rtentry.o)
    0x0800021e   0x00000000   Code   RO         2569    .ARM.Collect$$rtentry$$00000002  c_w.l(__rtentry2.o)
    0x0800021e   0x00000006   Code   RO         2581    .ARM.Collect$$rtentry$$00000004  c_w.l(__rtentry4.o)
    0x08000224   0x00000000   Code   RO         2571    .ARM.Collect$$rtentry$$00000009  c_w.l(__rtentry2.o)
    0x08000224   0x00000004   Code   RO         2572    .ARM.Collect$$rtentry$$0000000A  c_w.l(__rtentry2.o)
    0x08000228   0x00000000   Code   RO         2574    .ARM.Collect$$rtentry$$0000000C  c_w.l(__rtentry2.o)
    0x08000228   0x00000008   Code   RO         2575    .ARM.Collect$$rtentry$$0000000D  c_w.l(__rtentry2.o)
    0x08000230   0x00000002   Code   RO         2687    .ARM.Collect$$rtexit$$00000000  c_w.l(rtexit.o)
    0x08000232   0x00000000   Code   RO         2704    .ARM.Collect$$rtexit$$00000002  c_w.l(rtexit2.o)
    0x08000232   0x00000004   Code   RO         2705    .ARM.Collect$$rtexit$$00000003  c_w.l(rtexit2.o)
    0x08000236   0x00000006   Code   RO         2706    .ARM.Collect$$rtexit$$00000004  c_w.l(rtexit2.o)
    0x0800023c   0x00000034   Code   RO         2173    .emb_text           c_w.l(rand.o)
    0x08000270   0x00000000   Code   RO         2646    .emb_text           c_w.l(maybetermalloc1.o)
    0x08000270   0x000002c8   Code   RO            4    .text               main.o
    0x08000538   0x0000016c   Code   RO          610    .text               stm32f4xx_hal.o
    0x080006a4   0x000001fc   Code   RO          699    .text               stm32f4xx_hal_cortex.o
    0x080008a0   0x000046c8   Code   RO          806    .text               stm32f4xx_hal_dma.o
    0x08004f68   0x000003b8   Code   RO          928    .text               stm32f4xx_hal_gpio.o
    0x08005320   0x000012e8   Code   RO          953    .text               stm32f4xx_hal_spi.o
    0x08006608   0x00000328   Code   RO          978    .text               stm32f4xx_hal_sram.o
    0x08006930   0x0000216c   Code   RO         1003    .text               stm32f4xx_hal_tim.o
    0x08008a9c   0x00000b30   Code   RO         1028    .text               stm32f4xx_hal_tim_ex.o
    0x080095cc   0x00000374   Code   RO         1071    .text               stm32f4xx_ll_fsmc.o
    0x08009940   0x00000a20   Code   RO         1096    .text               stm32f4xx_hal_rcc.o
    0x0800a360   0x00000470   Code   RO         1148    .text               init.o
    0x0800a7d0   0x00000270   Code   RO         1182    .text               screen.o
    0x0800aa40   0x000001ac   Code   RO         1395    .text               terminal_interface.o
    0x0800abec   0x000000e4   Code   RO         1426    .text               gpio_ex.o
    0x0800acd0   0x00000404   Code   RO         1456    .text               tftili9486.o
    0x0800b0d4   0x00000088   Code   RO         1574    .text               device.o
    0x0800b15c   0x0000002c   Code   RO         1669    .text               stm32f4xx_it.o
    0x0800b188   0x000003ac   Code   RO         1695    .text               geometry.o
    0x0800b534   0x00000012   Code   RO         1713    .text               locker.o
    0x0800b546   0x00000048   Code   RO         1731    .text               affine_tf.o
    0x0800b58e   0x00000062   Code   RO         1749    .text               dtostr.o
    0x0800b5f0   0x00000cf0   Code   RO         1767    .text               physic.o
    0x0800c2e0   0x00000424   Code   RO         2042    .text               memory_alloc.o
    0x0800c704   0x00000040   Code   RO         2131    .text               startup_stm32f417xx.o
    0x0800c744   0x000000e8   Code   RO         2138    .text               system_stm32f4xx.o
    0x0800c82c   0x00000008   Code   RO         2171    .text               c_w.l(rt_errno_addr_intlibspace.o)
    0x0800c834   0x0000003c   Code   RO         2174    .text               c_w.l(rand.o)
    0x0800c870   0x0000003e   Code   RO         2181    .text               c_w.l(strlen.o)
    0x0800c8ae   0x00000064   Code   RO         2183    .text               c_w.l(rt_memcpy_w.o)
    0x0800c912   0x00000006   Code   RO         2185    .text               c_w.l(heapauxi.o)
    0x0800c918   0x00000024   Code   RO         2192    .text               c_w.l(init_aeabi.o)
    0x0800c93c   0x00000022   Code   RO         2307    .text               cpprt_w.l(aeabi_vec_dtor_noexceptions.o)
    0x0800c95e   0x00000002   PAD
    0x0800c960   0x00000008   Code   RO         2360    .text               c_w.l(libspace.o)
    0x0800c968   0x00000008   Code   RO         2367    .text               c_w.l(rt_ddtor_pointer_addr_intlibspace.o)
    0x0800c970   0x0000005e   Code   RO         2371    .text               c_w.l(h1_alloc.o)
    0x0800c9ce   0x00000016   Code   RO         2425    .text               c_w.l(_rserrno.o)
    0x0800c9e4   0x00000008   Code   RO         2586    .text               c_w.l(rt_heap_descriptor_intlibspace.o)
    0x0800c9ec   0x00000004   Code   RO         2588    .text               c_w.l(hguard.o)
    0x0800c9f0   0x0000008a   Code   RO         2590    .text               c_w.l(init_alloc.o)
    0x0800ca7a   0x0000000e   Code   RO         2596    .text               c_w.l(h1_init.o)
    0x0800ca88   0x0000004e   Code   RO         2598    .text               c_w.l(h1_free.o)
    0x0800cad6   0x0000004a   Code   RO         2637    .text               c_w.l(sys_stackheap_outer.o)
    0x0800cb20   0x00000034   Code   RO         2648    .text               c_w.l(h1_extend.o)
    0x0800cb54   0x0000000c   Code   RO         2652    .text               c_w.l(exit.o)
    0x0800cb60   0x0000000e   Code   RO         2656    .text               c_w.l(defsig_rtmem_outer.o)
    0x0800cb6e   0x00000002   PAD
    0x0800cb70   0x0000000c   Code   RO         2682    .text               c_w.l(sys_exit.o)
    0x0800cb7c   0x00000002   Code   RO         2684    .text               c_w.l(use_no_semi.o)
    0x0800cb7e   0x00000000   Code   RO         2686    .text               c_w.l(indicate_semi.o)
    0x0800cb7e   0x0000000a   Code   RO         2695    .text               c_w.l(defsig_exit.o)
    0x0800cb88   0x00000050   Code   RO         2701    .text               c_w.l(defsig_rtmem_inner.o)
    0x0800cbd8   0x00000032   Code   RO         2716    .text               c_w.l(defsig_general.o)
    0x0800cc0a   0x0000000e   Code   RO         2720    .text               c_w.l(sys_wrch.o)
    0x0800cc18   0x0000000c   Code   RO         1618    i._ZN13ScreenManagerD1Ev  device.o
    0x0800cc24   0x00000018   Code   RO         1982    i._ZN7storage3MapILi2EN6Physic8DustPartEfED1Ev  physic.o
    0x0800cc3c   0x00000030   Code   RO         2543    i.__ARM_fpclassify  m_wm.l(fpclassify.o)
    0x0800cc6c   0x00000026   Code   RO         2545    i.__ARM_fpclassifyf  m_wm.l(fpclassifyf.o)
    0x0800cc92   0x00000032   Code   RO         2301    i.__aeabi_atexit    cpprt_w.l(aeabi_atexit.o)
    0x0800ccc4   0x00000024   Code   RO         2304    i.__aeabi_vec_ctor_nocookie_nodtor  cpprt_w.l(aeabi_vec_ctor_nocookie_nodtor.o)
    0x0800cce8   0x00000042   Code   RO         2492    i.__cxa_finalize    cpprt_w.l(cxa_finalize.o)
    0x0800cd2a   0x00000006   PAD
    0x0800cd30   0x000002d8   Code   RO         2322    i.__hardfp_atan     m_wm.l(atan.o)
    0x0800d008   0x00000150   Code   RO         2336    i.__hardfp_cosf     m_wm.l(cosf.o)
    0x0800d158   0x00000190   Code   RO         2348    i.__hardfp_sinf     m_wm.l(sinf.o)
    0x0800d2e8   0x000000f8   Code   RO         2561    i.__kernel_poly     m_wm.l(poly.o)
    0x0800d3e0   0x00000014   Code   RO         2524    i.__mathlib_dbl_infnan  m_wm.l(dunder.o)
    0x0800d3f4   0x00000004   PAD
    0x0800d3f8   0x00000020   Code   RO         2529    i.__mathlib_dbl_underflow  m_wm.l(dunder.o)
    0x0800d418   0x00000006   Code   RO         2548    i.__mathlib_flt_infnan  m_wm.l(funder.o)
    0x0800d41e   0x00000002   PAD
    0x0800d420   0x00000010   Code   RO         2550    i.__mathlib_flt_invalid  m_wm.l(funder.o)
    0x0800d430   0x00000010   Code   RO         2553    i.__mathlib_flt_underflow  m_wm.l(funder.o)
    0x0800d440   0x00000154   Code   RO         2563    i.__mathlib_rredf2  m_wm.l(rredf.o)
    0x0800d594   0x00000018   Code   RO         2539    i.fabs              m_wm.l(fabs.o)
    0x0800d5ac   0x0000005e   Code   RO          262    t._ZN10Fill_ClassI6ScreenE4FillEt  main.o
    0x0800d60a   0x00000002   Code   RO         1233    t._ZN10Fill_ClassI6ScreenEC1Ev  screen.o
    0x0800d60c   0x00000014   Code   RO         1257    t._ZN10Line_ClassI6ScreenE4InitEv  screen.o
    0x0800d620   0x00000002   Code   RO         1251    t._ZN10Line_ClassI6ScreenEC1Ev  screen.o
    0x0800d622   0x00000004   Code   RO         1317    t._ZN10List_OrderI6ScreenhEC1Ev  screen.o
    0x0800d626   0x00000002   Code   RO         1606    t._ZN10List_OrderI6ScreenhED1Ev  device.o
    0x0800d628   0x00000004   Code   RO         1311    t._ZN10List_OrderI6ScreenhEplEPS0_  screen.o
    0x0800d62c   0x00000020   Code   RO         1305    t._ZN10List_OrderI6ScreenhEplERS0_  screen.o
    0x0800d64c   0x00000004   Code   RO         1922    t._ZN10List_OrderIN6Physic8DustPartEfE5BeginEv  physic.o
    0x0800d650   0x00000004   Code   RO         1928    t._ZN10List_OrderIN6Physic8DustPartEfEC1Ev  physic.o
    0x0800d654   0x00000002   Code   RO         1934    t._ZN10List_OrderIN6Physic8DustPartEfED1Ev  physic.o
    0x0800d656   0x00000020   Code   RO         1916    t._ZN10List_OrderIN6Physic8DustPartEfEplERS1_  physic.o
    0x0800d676   0x00000024   Code   RO         1227    t._ZN10Screen_ObjI6ScreenEclERS0_  screen.o
    0x0800d69a   0x0000003a   Code   RO         1281    t._ZN11Print_ClassI6ScreenE4InitEv  screen.o
    0x0800d6d4   0x0000000c   Code   RO          268    t._ZN11Print_ClassI6ScreenE7UseFontEPK5tFont  main.o
    0x0800d6e0   0x00000002   Code   RO         1275    t._ZN11Print_ClassI6ScreenEC1Ev  screen.o
    0x0800d6e2   0x00000066   Code   RO          250    t._ZN12Bitmap_ClassI6ScreenE13NewBitmapOpenER8tTexture  main.o
    0x0800d748   0x00000026   Code   RO          238    t._ZN12Bitmap_ClassI6ScreenE14NewBitmapCloseEv  main.o
    0x0800d76e   0x0000002e   Code   RO          256    t._ZN12Bitmap_ClassI6ScreenE4FillI8tTextureEEiPT_t  main.o
    0x0800d79c   0x0000015c   Code   RO          232    t._ZN12Bitmap_ClassI6ScreenE4TileI8tTextureEEi3b2DPT_t  main.o
    0x0800d8f8   0x0000001a   Code   RO          226    t._ZN12Bitmap_ClassI6ScreenE8SetScaleEff  main.o
    0x0800d912   0x00000002   Code   RO         1239    t._ZN12Bitmap_ClassI6ScreenEC1Ev  screen.o
    0x0800d914   0x00000006   Code   RO          316    t._ZN12Circle_ClassI6ScreenE3SqrEi  main.o
    0x0800d91a   0x00000130   Code   RO          328    t._ZN12Circle_ClassI6ScreenE4DrawE3b2Dft  main.o
    0x0800da4a   0x00000018   Code   RO          334    t._ZN12Circle_ClassI6ScreenE4DrawEssft  main.o
    0x0800da62   0x00000016   Code   RO          322    t._ZN12Circle_ClassI6ScreenE5PixelEjjt  main.o
    0x0800da78   0x00000046   Code   RO          310    t._ZN12Circle_ClassI6ScreenE5PointEiiiit  main.o
    0x0800dabe   0x00000002   Code   RO         1245    t._ZN12Circle_ClassI6ScreenEC1Ev  screen.o
    0x0800dac0   0x00000018   Code   RO         2075    t._ZN13List_IteratorI11MemoryChunkE3GetEj  memory_alloc.o
    0x0800dad8   0x00000020   Code   RO         2099    t._ZN13List_IteratorI11MemoryChunkE6RemoveEPS0_  memory_alloc.o
    0x0800daf8   0x00000004   Code   RO         2093    t._ZN13List_IteratorI11MemoryChunkE7ContainEv  memory_alloc.o
    0x0800dafc   0x00000004   Code   RO         2081    t._ZN13List_IteratorI11MemoryChunkE7GetLastEv  memory_alloc.o
    0x0800db00   0x00000004   Code   RO         2087    t._ZN13List_IteratorI11MemoryChunkE8GetFirstEv  memory_alloc.o
    0x0800db04   0x00000002   Code   RO         1600    t._ZN13List_IteratorI11MemoryChunkEC1Ev  device.o
    0x0800db06   0x00000004   Code   RO         2069    t._ZN13List_IteratorI11MemoryChunkEmiEPS0_  memory_alloc.o
    0x0800db0a   0x0000004e   Code   RO         2057    t._ZN13List_IteratorI11MemoryChunkEmiERS0_  memory_alloc.o
    0x0800db58   0x00000004   Code   RO         2063    t._ZN13List_IteratorI11MemoryChunkEplEPS0_  memory_alloc.o
    0x0800db5c   0x00000060   Code   RO         2051    t._ZN13List_IteratorI11MemoryChunkEplERS0_  memory_alloc.o
    0x0800dbbc   0x00000002   Code   RO         1287    t._ZN13List_IteratorI4NodeI6ScreenhEEC1Ev  screen.o
    0x0800dbbe   0x00000004   Code   RO         1299    t._ZN13List_IteratorI4NodeI6ScreenhEEplEPS2_  screen.o
    0x0800dbc2   0x00000060   Code   RO         1293    t._ZN13List_IteratorI4NodeI6ScreenhEEplERS2_  screen.o
    0x0800dc22   0x00000004   Code   RO         1910    t._ZN13List_IteratorI4NodeIN6Physic8DustPartEfEE8GetFirstEv  physic.o
    0x0800dc26   0x00000002   Code   RO         1892    t._ZN13List_IteratorI4NodeIN6Physic8DustPartEfEEC1Ev  physic.o
    0x0800dc28   0x00000004   Code   RO         1904    t._ZN13List_IteratorI4NodeIN6Physic8DustPartEfEEplEPS3_  physic.o
    0x0800dc2c   0x00000068   Code   RO         1898    t._ZN13List_IteratorI4NodeIN6Physic8DustPartEfEEplERS3_  physic.o
    0x0800dc94   0x00000004   Code   RO          286    t._ZN13List_IteratorI7Frame2DIsEEplEPS1_  main.o
    0x0800dc98   0x00000060   Code   RO          280    t._ZN13List_IteratorI7Frame2DIsEEplERS1_  main.o
    0x0800dcf8   0x00000018   Code   RO         1844    t._ZN13List_IteratorIN6Physic6Ball2DEE3GetEj  physic.o
    0x0800dd10   0x00000004   Code   RO         1880    t._ZN13List_IteratorIN6Physic6Ball2DEE5ArrayI6lArrayIS1_EEERS2_PT_j  physic.o
    0x0800dd14   0x00000022   Code   RO         1874    t._ZN13List_IteratorIN6Physic6Ball2DEE5ArrayI6lArrayIS1_EEERS2_RT_j  physic.o
    0x0800dd36   0x00000004   Code   RO         1862    t._ZN13List_IteratorIN6Physic6Ball2DEE7ContainEv  physic.o
    0x0800dd3a   0x0000000e   Code   RO         1856    t._ZN13List_IteratorIN6Physic6Ball2DEE7GetNextEPS1_  physic.o
    0x0800dd48   0x00000004   Code   RO         1850    t._ZN13List_IteratorIN6Physic6Ball2DEE8GetFirstEv  physic.o
    0x0800dd4c   0x00000002   Code   RO         1814    t._ZN13List_IteratorIN6Physic6Ball2DEEC1Ev  physic.o
    0x0800dd4e   0x00000004   Code   RO         1838    t._ZN13List_IteratorIN6Physic6Ball2DEEmiEPS1_  physic.o
    0x0800dd52   0x0000004e   Code   RO         1826    t._ZN13List_IteratorIN6Physic6Ball2DEEmiERS1_  physic.o
    0x0800dda0   0x00000004   Code   RO         1832    t._ZN13List_IteratorIN6Physic6Ball2DEEplEPS1_  physic.o
    0x0800dda4   0x00000068   Code   RO         1820    t._ZN13List_IteratorIN6Physic6Ball2DEEplERS1_  physic.o
    0x0800de0c   0x00000032   Code   RO          298    t._ZN14Frame2DManagerIsE6CreateE3b2D  main.o
    0x0800de3e   0x00000002   Code   RO         1612    t._ZN14Frame2DManagerIsEC1Ev  device.o
    0x0800de40   0x00000002   Code   RO          304    t._ZN14Frame2DManagerIsEclEv  main.o
    0x0800de42   0x00000006   Code   RO         1269    t._ZN15Rectangle_ClassI6ScreenE4InitEv  screen.o
    0x0800de48   0x00000002   Code   RO         1263    t._ZN15Rectangle_ClassI6ScreenEC1Ev  screen.o
    0x0800de4a   0x0000000e   Code   RO         1946    t._ZN6lArrayIN6Physic6Ball2DEE3AddEPS1_j  physic.o
    0x0800de58   0x00000018   Code   RO         1952    t._ZN6lArrayIN6Physic6Ball2DEED1Ev  physic.o
    0x0800de70   0x0000001c   Code   RO         1940    t._ZN6lArrayIN6Physic6Ball2DEEclEj  physic.o
    0x0800de8c   0x00000008   Code   RO         1868    t._ZN6lArrayIN6Physic6Ball2DEEixEj  physic.o
    0x0800de94   0x0000000e   Code   RO         1197    t._ZN7Frame2DIsE4GetHEv  screen.o
    0x0800dea2   0x00000004   Code   RO         1203    t._ZN7Frame2DIsE7GetBuffEv  screen.o
    0x0800dea6   0x00000026   Code   RO         1476    t._ZN7Frame2DIsE7GetRectEv  tftili9486.o
    0x0800decc   0x00000028   Code   RO          274    t._ZN7Frame2DIsEclE3b2D  main.o
    0x0800def4   0x00000024   Code   RO          244    t._ZN7Frame2DIsEclE3b2DPt  main.o
    0x0800df18   0x0000002a   Code   RO         1976    t._ZN7storage3MapILi2EN6Physic8DustPartEfE5BeginEv  physic.o
    0x0800df42   0x00000002   PAD
    0x0800df44   0x00000010   Code   RO         1958    t._ZN7storage3MapILi2EN6Physic8DustPartEfEC1Ev  physic.o
    0x0800df54   0x00000004   Code   RO         1970    t._ZN7storage3MapILi2EN6Physic8DustPartEfEplEPS2_  physic.o
    0x0800df58   0x00000020   Code   RO         1964    t._ZN7storage3MapILi2EN6Physic8DustPartEfEplERS2_  physic.o
    0x0800df78   0x00000006   Code   RO         1209    t._ZN9AllocatorI6ScreenE3NewEv  screen.o
    0x0800df7e   0x00000008   Code   RO         1215    t._ZN9AllocatorI6ScreenE3NewI8tTextureEEPT_j  screen.o
    0x0800df86   0x00000006   Code   RO         1221    t._ZN9AllocatorI6ScreenE6DeleteI8tTextureEEiPT_  screen.o
    0x0800df8c   0x00000008   Code   RO          292    t._ZN9AllocatorI7Frame2DIsEE3NewEj  main.o
    0x0800df94   0x00000006   Code   RO         1784    t._ZN9AllocatorIN6Physic6Ball2DEE3NewEv  physic.o
    0x0800df9a   0x00000006   Code   RO         1796    t._ZN9AllocatorIN6Physic6Ball2DEE3NewI6lArrayIS1_EEEPT_v  physic.o
    0x0800dfa0   0x00000006   Code   RO         1808    t._ZN9AllocatorIN6Physic6Ball2DEE6DeleteI6lArrayIS1_EEEiPT_  physic.o
    0x0800dfa6   0x00000006   Code   RO         1802    t._ZN9AllocatorIN6Physic6Ball2DEE6DeleteIPS1_EEiPT_  physic.o
    0x0800dfac   0x00000006   Code   RO         1790    t._ZN9AllocatorIN6Physic6Ball2DEE9NewlArrayEj  physic.o
    0x0800dfb2   0x00000006   Code   RO         1886    t._ZN9AllocatorIN6Physic8DustPartEE3NewEv  physic.o
    0x0800dfb8   0x00000006   Code   RO         1191    t._ZN9AllocatorIvE3NewI4NodeI6ScreenhEEEPT_v  screen.o
    0x0800dfbe   0x00000006   Code   RO         1778    t._ZN9AllocatorIvE3NewI4NodeIN6Physic8DustPartEfEEEPT_v  physic.o
    0x0800dfc4   0x00000018   Code   RO         2508    x$fpl$basic         fz_wm.l(basic.o)
    0x0800dfdc   0x00000062   Code   RO         2310    x$fpl$d2f           fz_wm.l(d2f.o)
    0x0800e03e   0x00000002   PAD
    0x0800e040   0x00000150   Code   RO         2312    x$fpl$dadd          fz_wm.l(daddsub_clz.o)
    0x0800e190   0x000002b0   Code   RO         2511    x$fpl$ddiv          fz_wm.l(ddiv.o)
    0x0800e440   0x00000154   Code   RO         2318    x$fpl$dmul          fz_wm.l(dmul.o)
    0x0800e594   0x0000009c   Code   RO         2514    x$fpl$dnaninf       fz_wm.l(dnaninf.o)
    0x0800e630   0x0000000c   Code   RO         2516    x$fpl$dretinf       fz_wm.l(dretinf.o)
    0x0800e63c   0x00000016   Code   RO         2313    x$fpl$drsb          fz_wm.l(daddsub_clz.o)
    0x0800e652   0x00000002   PAD
    0x0800e654   0x000001d4   Code   RO         2314    x$fpl$dsub          fz_wm.l(daddsub_clz.o)
    0x0800e828   0x00000056   Code   RO         2320    x$fpl$f2d           fz_wm.l(f2d.o)
    0x0800e87e   0x0000008c   Code   RO         2518    x$fpl$fnaninf       fz_wm.l(fnaninf.o)
    0x0800e90a   0x0000000a   Code   RO         2633    x$fpl$fpinit        fz_wm.l(fpinit.o)
    0x0800e914   0x0000000a   Code   RO         2520    x$fpl$fretinf       fz_wm.l(fretinf.o)
    0x0800e91e   0x00000000   Code   RO         2522    x$fpl$usenofp       fz_wm.l(usenofp.o)
    0x0800e91e   0x00000800   Data   RO            7    .constdata          main.o
    0x0800f11e   0x00000002   PAD
    0x0800f120   0x00000044   Data   RO            8    .constdata          main.o
    0x0800f164   0x00000240   Data   RO            9    .constdata          main.o
    0x0800f3a4   0x00000008   Data   RO           10    .constdata          main.o
    0x0800f3ac   0x00000240   Data   RO           11    .constdata          main.o
    0x0800f5ec   0x00000008   Data   RO           12    .constdata          main.o
    0x0800f5f4   0x00000240   Data   RO           13    .constdata          main.o
    0x0800f834   0x00000008   Data   RO           14    .constdata          main.o
    0x0800f83c   0x00000240   Data   RO           15    .constdata          main.o
    0x0800fa7c   0x00000008   Data   RO           16    .constdata          main.o
    0x0800fa84   0x00000240   Data   RO           17    .constdata          main.o
    0x0800fcc4   0x00000008   Data   RO           18    .constdata          main.o
    0x0800fccc   0x00000240   Data   RO           19    .constdata          main.o
    0x0800ff0c   0x00000008   Data   RO           20    .constdata          main.o
    0x0800ff14   0x00000240   Data   RO           21    .constdata          main.o
    0x08010154   0x00000008   Data   RO           22    .constdata          main.o
    0x0801015c   0x00000240   Data   RO           23    .constdata          main.o
    0x0801039c   0x00000008   Data   RO           24    .constdata          main.o
    0x080103a4   0x00000240   Data   RO           25    .constdata          main.o
    0x080105e4   0x00000008   Data   RO           26    .constdata          main.o
    0x080105ec   0x00000240   Data   RO           27    .constdata          main.o
    0x0801082c   0x00000008   Data   RO           28    .constdata          main.o
    0x08010834   0x00000240   Data   RO           29    .constdata          main.o
    0x08010a74   0x00000008   Data   RO           30    .constdata          main.o
    0x08010a7c   0x00000240   Data   RO           31    .constdata          main.o
    0x08010cbc   0x00000008   Data   RO           32    .constdata          main.o
    0x08010cc4   0x00000240   Data   RO           33    .constdata          main.o
    0x08010f04   0x00000008   Data   RO           34    .constdata          main.o
    0x08010f0c   0x00000240   Data   RO           35    .constdata          main.o
    0x0801114c   0x00000008   Data   RO           36    .constdata          main.o
    0x08011154   0x00000240   Data   RO           37    .constdata          main.o
    0x08011394   0x00000008   Data   RO           38    .constdata          main.o
    0x0801139c   0x00000240   Data   RO           39    .constdata          main.o
    0x080115dc   0x00000008   Data   RO           40    .constdata          main.o
    0x080115e4   0x00000240   Data   RO           41    .constdata          main.o
    0x08011824   0x00000008   Data   RO           42    .constdata          main.o
    0x0801182c   0x00000240   Data   RO           43    .constdata          main.o
    0x08011a6c   0x00000008   Data   RO           44    .constdata          main.o
    0x08011a74   0x00000240   Data   RO           45    .constdata          main.o
    0x08011cb4   0x00000008   Data   RO           46    .constdata          main.o
    0x08011cbc   0x00000240   Data   RO           47    .constdata          main.o
    0x08011efc   0x00000008   Data   RO           48    .constdata          main.o
    0x08011f04   0x00000240   Data   RO           49    .constdata          main.o
    0x08012144   0x00000008   Data   RO           50    .constdata          main.o
    0x0801214c   0x00000240   Data   RO           51    .constdata          main.o
    0x0801238c   0x00000008   Data   RO           52    .constdata          main.o
    0x08012394   0x00000240   Data   RO           53    .constdata          main.o
    0x080125d4   0x00000008   Data   RO           54    .constdata          main.o
    0x080125dc   0x00000240   Data   RO           55    .constdata          main.o
    0x0801281c   0x00000008   Data   RO           56    .constdata          main.o
    0x08012824   0x00000240   Data   RO           57    .constdata          main.o
    0x08012a64   0x00000008   Data   RO           58    .constdata          main.o
    0x08012a6c   0x00000240   Data   RO           59    .constdata          main.o
    0x08012cac   0x00000008   Data   RO           60    .constdata          main.o
    0x08012cb4   0x00000240   Data   RO           61    .constdata          main.o
    0x08012ef4   0x00000008   Data   RO           62    .constdata          main.o
    0x08012efc   0x00000240   Data   RO           63    .constdata          main.o
    0x0801313c   0x00000008   Data   RO           64    .constdata          main.o
    0x08013144   0x00000240   Data   RO           65    .constdata          main.o
    0x08013384   0x00000008   Data   RO           66    .constdata          main.o
    0x0801338c   0x00000240   Data   RO           67    .constdata          main.o
    0x080135cc   0x00000008   Data   RO           68    .constdata          main.o
    0x080135d4   0x00000240   Data   RO           69    .constdata          main.o
    0x08013814   0x00000008   Data   RO           70    .constdata          main.o
    0x0801381c   0x00000240   Data   RO           71    .constdata          main.o
    0x08013a5c   0x00000008   Data   RO           72    .constdata          main.o
    0x08013a64   0x00000240   Data   RO           73    .constdata          main.o
    0x08013ca4   0x00000008   Data   RO           74    .constdata          main.o
    0x08013cac   0x00000240   Data   RO           75    .constdata          main.o
    0x08013eec   0x00000008   Data   RO           76    .constdata          main.o
    0x08013ef4   0x00000240   Data   RO           77    .constdata          main.o
    0x08014134   0x00000008   Data   RO           78    .constdata          main.o
    0x0801413c   0x00000240   Data   RO           79    .constdata          main.o
    0x0801437c   0x00000008   Data   RO           80    .constdata          main.o
    0x08014384   0x00000240   Data   RO           81    .constdata          main.o
    0x080145c4   0x00000240   Data   RO           82    .constdata          main.o
    0x08014804   0x00000008   Data   RO           83    .constdata          main.o
    0x0801480c   0x00000240   Data   RO           84    .constdata          main.o
    0x08014a4c   0x00000008   Data   RO           85    .constdata          main.o
    0x08014a54   0x00000240   Data   RO           86    .constdata          main.o
    0x08014c94   0x00000008   Data   RO           87    .constdata          main.o
    0x08014c9c   0x00000240   Data   RO           88    .constdata          main.o
    0x08014edc   0x00000008   Data   RO           89    .constdata          main.o
    0x08014ee4   0x00000240   Data   RO           90    .constdata          main.o
    0x08015124   0x00000008   Data   RO           91    .constdata          main.o
    0x0801512c   0x00000240   Data   RO           92    .constdata          main.o
    0x0801536c   0x00000008   Data   RO           93    .constdata          main.o
    0x08015374   0x00000240   Data   RO           94    .constdata          main.o
    0x080155b4   0x00000008   Data   RO           95    .constdata          main.o
    0x080155bc   0x00000240   Data   RO           96    .constdata          main.o
    0x080157fc   0x00000008   Data   RO           97    .constdata          main.o
    0x08015804   0x00000240   Data   RO           98    .constdata          main.o
    0x08015a44   0x00000008   Data   RO           99    .constdata          main.o
    0x08015a4c   0x00000240   Data   RO          100    .constdata          main.o
    0x08015c8c   0x00000008   Data   RO          101    .constdata          main.o
    0x08015c94   0x00000240   Data   RO          102    .constdata          main.o
    0x08015ed4   0x00000008   Data   RO          103    .constdata          main.o
    0x08015edc   0x00000240   Data   RO          104    .constdata          main.o
    0x0801611c   0x00000008   Data   RO          105    .constdata          main.o
    0x08016124   0x00000240   Data   RO          106    .constdata          main.o
    0x08016364   0x00000008   Data   RO          107    .constdata          main.o
    0x0801636c   0x00000240   Data   RO          108    .constdata          main.o
    0x080165ac   0x00000008   Data   RO          109    .constdata          main.o
    0x080165b4   0x00000240   Data   RO          110    .constdata          main.o
    0x080167f4   0x00000008   Data   RO          111    .constdata          main.o
    0x080167fc   0x00000240   Data   RO          112    .constdata          main.o
    0x08016a3c   0x00000008   Data   RO          113    .constdata          main.o
    0x08016a44   0x00000240   Data   RO          114    .constdata          main.o
    0x08016c84   0x00000008   Data   RO          115    .constdata          main.o
    0x08016c8c   0x00000240   Data   RO          116    .constdata          main.o
    0x08016ecc   0x00000008   Data   RO          117    .constdata          main.o
    0x08016ed4   0x00000240   Data   RO          118    .constdata          main.o
    0x08017114   0x00000008   Data   RO          119    .constdata          main.o
    0x0801711c   0x00000240   Data   RO          120    .constdata          main.o
    0x0801735c   0x00000008   Data   RO          121    .constdata          main.o
    0x08017364   0x00000240   Data   RO          122    .constdata          main.o
    0x080175a4   0x00000008   Data   RO          123    .constdata          main.o
    0x080175ac   0x00000240   Data   RO          124    .constdata          main.o
    0x080177ec   0x00000008   Data   RO          125    .constdata          main.o
    0x080177f4   0x00000240   Data   RO          126    .constdata          main.o
    0x08017a34   0x00000008   Data   RO          127    .constdata          main.o
    0x08017a3c   0x00000240   Data   RO          128    .constdata          main.o
    0x08017c7c   0x00000008   Data   RO          129    .constdata          main.o
    0x08017c84   0x00000240   Data   RO          130    .constdata          main.o
    0x08017ec4   0x00000008   Data   RO          131    .constdata          main.o
    0x08017ecc   0x00000240   Data   RO          132    .constdata          main.o
    0x0801810c   0x00000008   Data   RO          133    .constdata          main.o
    0x08018114   0x00000240   Data   RO          134    .constdata          main.o
    0x08018354   0x00000008   Data   RO          135    .constdata          main.o
    0x0801835c   0x00000240   Data   RO          136    .constdata          main.o
    0x0801859c   0x00000008   Data   RO          137    .constdata          main.o
    0x080185a4   0x00000240   Data   RO          138    .constdata          main.o
    0x080187e4   0x00000008   Data   RO          139    .constdata          main.o
    0x080187ec   0x00000240   Data   RO          140    .constdata          main.o
    0x08018a2c   0x00000008   Data   RO          141    .constdata          main.o
    0x08018a34   0x00000240   Data   RO          142    .constdata          main.o
    0x08018c74   0x00000008   Data   RO          143    .constdata          main.o
    0x08018c7c   0x00000240   Data   RO          144    .constdata          main.o
    0x08018ebc   0x00000008   Data   RO          145    .constdata          main.o
    0x08018ec4   0x00000240   Data   RO          146    .constdata          main.o
    0x08019104   0x00000008   Data   RO          147    .constdata          main.o
    0x0801910c   0x00000240   Data   RO          148    .constdata          main.o
    0x0801934c   0x00000008   Data   RO          149    .constdata          main.o
    0x08019354   0x00000240   Data   RO          150    .constdata          main.o
    0x08019594   0x00000008   Data   RO          151    .constdata          main.o
    0x0801959c   0x00000240   Data   RO          152    .constdata          main.o
    0x080197dc   0x00000008   Data   RO          153    .constdata          main.o
    0x080197e4   0x00000240   Data   RO          154    .constdata          main.o
    0x08019a24   0x00000008   Data   RO          155    .constdata          main.o
    0x08019a2c   0x00000240   Data   RO          156    .constdata          main.o
    0x08019c6c   0x00000008   Data   RO          157    .constdata          main.o
    0x08019c74   0x00000240   Data   RO          158    .constdata          main.o
    0x08019eb4   0x00000008   Data   RO          159    .constdata          main.o
    0x08019ebc   0x00000240   Data   RO          160    .constdata          main.o
    0x0801a0fc   0x00000008   Data   RO          161    .constdata          main.o
    0x0801a104   0x00000240   Data   RO          162    .constdata          main.o
    0x0801a344   0x00000008   Data   RO          163    .constdata          main.o
    0x0801a34c   0x00000240   Data   RO          164    .constdata          main.o
    0x0801a58c   0x00000008   Data   RO          165    .constdata          main.o
    0x0801a594   0x00000240   Data   RO          166    .constdata          main.o
    0x0801a7d4   0x00000008   Data   RO          167    .constdata          main.o
    0x0801a7dc   0x00000240   Data   RO          168    .constdata          main.o
    0x0801aa1c   0x00000008   Data   RO          169    .constdata          main.o
    0x0801aa24   0x00000240   Data   RO          170    .constdata          main.o
    0x0801ac64   0x00000008   Data   RO          171    .constdata          main.o
    0x0801ac6c   0x00000240   Data   RO          172    .constdata          main.o
    0x0801aeac   0x00000008   Data   RO          173    .constdata          main.o
    0x0801aeb4   0x00000240   Data   RO          174    .constdata          main.o
    0x0801b0f4   0x00000008   Data   RO          175    .constdata          main.o
    0x0801b0fc   0x00000240   Data   RO          176    .constdata          main.o
    0x0801b33c   0x00000008   Data   RO          177    .constdata          main.o
    0x0801b344   0x00000240   Data   RO          178    .constdata          main.o
    0x0801b584   0x00000008   Data   RO          179    .constdata          main.o
    0x0801b58c   0x00000240   Data   RO          180    .constdata          main.o
    0x0801b7cc   0x00000008   Data   RO          181    .constdata          main.o
    0x0801b7d4   0x00000240   Data   RO          182    .constdata          main.o
    0x0801ba14   0x00000008   Data   RO          183    .constdata          main.o
    0x0801ba1c   0x00000240   Data   RO          184    .constdata          main.o
    0x0801bc5c   0x00000008   Data   RO          185    .constdata          main.o
    0x0801bc64   0x00000240   Data   RO          186    .constdata          main.o
    0x0801bea4   0x00000008   Data   RO          187    .constdata          main.o
    0x0801beac   0x00000240   Data   RO          188    .constdata          main.o
    0x0801c0ec   0x00000008   Data   RO          189    .constdata          main.o
    0x0801c0f4   0x00000240   Data   RO          190    .constdata          main.o
    0x0801c334   0x00000008   Data   RO          191    .constdata          main.o
    0x0801c33c   0x00000240   Data   RO          192    .constdata          main.o
    0x0801c57c   0x00000008   Data   RO          193    .constdata          main.o
    0x0801c584   0x00000240   Data   RO          194    .constdata          main.o
    0x0801c7c4   0x00000008   Data   RO          195    .constdata          main.o
    0x0801c7cc   0x00000240   Data   RO          196    .constdata          main.o
    0x0801ca0c   0x00000008   Data   RO          197    .constdata          main.o
    0x0801ca14   0x000002f8   Data   RO          198    .constdata          main.o
    0x0801cd0c   0x00000010   Data   RO         1098    .constdata          stm32f4xx_hal_rcc.o
    0x0801cd1c   0x00000020   Data   RO         1770    .constdata          physic.o
    0x0801cd3c   0x00000004   PAD
    0x0801cd40   0x00000098   Data   RO         2325    .constdata          m_wm.l(atan.o)
    0x0801cdd8   0x00000020   Data   RO         2564    .constdata          m_wm.l(rredf.o)
    0x0801cdf8   0x00000010   Data   RO         1599    .constdata__ZTV12LcdDriverDef  device.o
    0x0801ce08   0x0000000c   Data   RO          225    .constdata__ZTVN6Physic11Ball2DGroupE  main.o
    0x0801ce14   0x00000020   Data   RO         2741    Region$$Table       anon$$obj.o
    0x0801ce34   0x00000004   Data   RO          203    .init_array         main.o
    0x0801ce38   0x00000004   Data   RO         1578    .init_array         device.o
    0x0801ce3c   0x00000000   Data   RO         2190    .init_array         c_w.l(init_aeabi.o)


    Execution Region RW_IRAM2 (Base: 0x10000000, Size: 0x00000000, Max: 0x00010000, ABSOLUTE)

    **** No section assigned to this execution region ****


    Execution Region RW_IRAM1 (Base: 0x20000000, Size: 0x0000aba8, Max: 0x00020000, ABSOLUTE)

    Base Addr    Size         Type   Attr      Idx    E Section Name        Object

    0x20000000   0x00000008   Data   RW          202    .data               main.o
    0x20000008   0x00000004   Data   RW          612    .data               stm32f4xx_hal.o
    0x2000000c   0x00000001   Data   RW         1577    .data               device.o
    0x2000000d   0x00000003   PAD
    0x20000010   0x00000014   Data   RW         2140    .data               system_stm32f4xx.o
    0x20000024   0x0000a1f4   Zero   RW            6    .bss                main.o
    0x2000a218   0x000001d0   Zero   RW         1150    .bss                init.o
    0x2000a3e8   0x00000014   Zero   RW         1428    .bss                gpio_ex.o
    0x2000a3fc   0x00000064   Zero   RW         1576    .bss                device.o
    0x2000a460   0x000000e4   Zero   RW         2175    .bss                c_w.l(rand.o)
    0x2000a544   0x00000060   Zero   RW         2361    .bss                c_w.l(libspace.o)
    0x2000a5a4   0x00000004   PAD
    0x2000a5a8   0x00000200   Zero   RW         2129    HEAP                startup_stm32f417xx.o
    0x2000a7a8   0x00000400   Zero   RW         2128    STACK               startup_stm32f417xx.o


==============================================================================

Image component sizes


      Code (inc. data)   RO Data    RW Data    ZI Data      Debug   Object Name

        72          0          0          0          0       2920   affine_tf.o
       154         40         20          1        100      12203   device.o
        98          0          0          0          0        912   dtostr.o
       940          0          0          0          0       8896   geometry.o
       228         10          0          0         20       3701   gpio_ex.o
      1136        100          0          0        464       3911   init.o
        18          0          0          0          0       2512   locker.o
      2040         86      58364          8      41460     310505   main.o
      1310        146          0          0          0      12680   memory_alloc.o
      3978         54         32          0          0      43116   physic.o
       942          6          0          0          0      30688   screen.o
        64         26        392          0       1536        836   startup_stm32f417xx.o
       364         26          0          4          0     254094   stm32f4xx_hal.o
       508         12          0          0          0     160858   stm32f4xx_hal_cortex.o
     18120        912          0          0          0      17250   stm32f4xx_hal_dma.o
       952         20          0          0          0       4111   stm32f4xx_hal_gpio.o
      2592        132         16          0          0       6863   stm32f4xx_hal_rcc.o
      4840         44          0          0          0      14760   stm32f4xx_hal_spi.o
       808          8          0          0          0       6768   stm32f4xx_hal_sram.o
      8556         60          0          0          0      32438   stm32f4xx_hal_tim.o
      2864         22          0          0          0      11894   stm32f4xx_hal_tim_ex.o
        44         10          0          0          0       1620   stm32f4xx_it.o
       884          8          0          0          0       6564   stm32f4xx_ll_fsmc.o
       232         44          0         20          0       1673   system_stm32f4xx.o
       428          0          0          0          0       7416   terminal_interface.o
      1066         16          0          0          0      16599   tftili9486.o

    ----------------------------------------------------------------------
     53240       1782      58862         36      43580     975788   Object Totals
         0          0         32          0          0          0   (incl. Generated)
         2          0          6          3          0          0   (incl. Padding)

    ----------------------------------------------------------------------

      Code (inc. data)   RO Data    RW Data    ZI Data      Debug   Library Member Name

         8          0          0          0          0         68   __main.o
         0          0          0          0          0          0   __rtentry.o
        12          0          0          0          0          0   __rtentry2.o
         6          0          0          0          0          0   __rtentry4.o
        52          8          0          0          0          0   __scatter.o
        26          0          0          0          0          0   __scatter_copy.o
        28          0          0          0          0          0   __scatter_zi.o
        22          0          0          0          0        100   _rserrno.o
        10          0          0          0          0         68   defsig_exit.o
        50          0          0          0          0         88   defsig_general.o
        80         58          0          0          0         76   defsig_rtmem_inner.o
        14          0          0          0          0         80   defsig_rtmem_outer.o
        12          0          0          0          0         72   exit.o
        94          0          0          0          0         80   h1_alloc.o
        52          0          0          0          0         68   h1_extend.o
        78          0          0          0          0         80   h1_free.o
        14          0          0          0          0         84   h1_init.o
         6          0          0          0          0        152   heapauxi.o
         4          0          0          0          0        136   hguard.o
         0          0          0          0          0          0   indicate_semi.o
        36         10          0          0          0         80   init_aeabi.o
       138          0          0          0          0        168   init_alloc.o
         2          0          0          0          0          0   libinit.o
        22          0          0          0          0          0   libinit2.o
         2          0          0          0          0          0   libshutdown.o
         8          0          0          0          0          0   libshutdown2.o
         8          4          0          0         96         68   libspace.o
         0          0          0          0          0          0   maybetermalloc1.o
       112         18          0          0        228        160   rand.o
         8          4          0          0          0         68   rt_ddtor_pointer_addr_intlibspace.o
         8          4          0          0          0         68   rt_errno_addr_intlibspace.o
         8          4          0          0          0         68   rt_heap_descriptor_intlibspace.o
       100          0          0          0          0         80   rt_memcpy_w.o
         2          0          0          0          0          0   rtexit.o
        10          0          0          0          0          0   rtexit2.o
        62          0          0          0          0         76   strlen.o
        12          4          0          0          0         68   sys_exit.o
        74          0          0          0          0         80   sys_stackheap_outer.o
        14          0          0          0          0         76   sys_wrch.o
         2          0          0          0          0         68   use_no_semi.o
        50          0          0          0          0         84   aeabi_atexit.o
        36          0          0          0          0         84   aeabi_vec_ctor_nocookie_nodtor.o
        34          0          0          0          0         84   aeabi_vec_dtor_noexceptions.o
        66          0          0          0          0         84   cxa_finalize.o
        24          0          0          0          0        164   basic.o
        98          4          0          0          0        140   d2f.o
       826         16          0          0          0        492   daddsub_clz.o
       688        140          0          0          0        256   ddiv.o
       340         12          0          0          0        152   dmul.o
       156          4          0          0          0        140   dnaninf.o
        12          0          0          0          0        116   dretinf.o
        86          4          0          0          0        132   f2d.o
       140          4          0          0          0        132   fnaninf.o
        10          0          0          0          0        116   fpinit.o
        10          0          0          0          0        116   fretinf.o
         0          0          0          0          0          0   usenofp.o
       728        106        152          0          0        228   atan.o
       336         56          0          0          0        136   cosf.o
        52          8          0          0          0        248   dunder.o
        24          0          0          0          0        124   fabs.o
        48          0          0          0          0        124   fpclassify.o
        38          0          0          0          0        116   fpclassifyf.o
        38         12          0          0          0        348   funder.o
       248          0          0          0          0        152   poly.o
       340         24         32          0          0        160   rredf.o
       400         56          0          0          0        212   sinf.o

    ----------------------------------------------------------------------
      6046        560        184          0        328       6420   Library Totals
        22          0          0          0          4          0   (incl. Padding)

    ----------------------------------------------------------------------

      Code (inc. data)   RO Data    RW Data    ZI Data      Debug   Library Name

      1196        114          0          0        324       2280   c_w.l
       186          0          0          0          0        336   cpprt_w.l
      2390        184          0          0          0       1956   fz_wm.l
      2252        262        184          0          0       1848   m_wm.l

    ----------------------------------------------------------------------
      6046        560        184          0        328       6420   Library Totals

    ----------------------------------------------------------------------

==============================================================================


      Code (inc. data)   RO Data    RW Data    ZI Data      Debug   

     59286       2342      59046         36      43908     962152   Grand Totals
     59286       2342      59046         36      43908     962152   ELF Image Totals
     59286       2342      59046         36          0          0   ROM Totals

==============================================================================

    Total RO  Size (Code + RO Data)               118332 ( 115.56kB)
    Total RW  Size (RW Data + ZI Data)             43944 (  42.91kB)
    Total ROM Size (Code + RO Data + RW Data)     118368 ( 115.59kB)

==============================================================================

